Component: ARM Compiler 5.06 (build 20) Tool: armlink [4d35a3]

==============================================================================

Section Cross References

    stm32f3xx_hal_msp.o(i.HAL_MspInit) refers to stm32f3xx_hal_cortex.o(i.HAL_NVIC_SetPriorityGrouping) for HAL_NVIC_SetPriorityGrouping
    stm32f3xx_hal_msp.o(i.HAL_MspInit) refers to stm32f3xx_hal_cortex.o(i.HAL_NVIC_SetPriority) for HAL_NVIC_SetPriority
    stm32f3xx_it.o(i.SysTick_Handler) refers to tasks.o(i.xTaskGetSchedulerState) for xTaskGetSchedulerState
    stm32f3xx_it.o(i.SysTick_Handler) refers to port.o(i.xPortSysTickHandler) for xPortSysTickHandler
    stm32f3xx_it.o(i.SysTick_Handler) refers to stm32f3xx_hal.o(i.HAL_IncTick) for HAL_IncTick
    stm32f3xx_it.o(i.USART2_IRQHandler) refers to comms_hal.o(i.commsRecieveUART) for commsRecieveUART
    stm32f3xx_it.o(i.USART2_IRQHandler) refers to stm32f3xx_hal_cortex.o(i.HAL_NVIC_ClearPendingIRQ) for HAL_NVIC_ClearPendingIRQ
    stm32f3xx_it.o(i.USB_LP_CAN_RX0_IRQHandler) refers to stm32f3xx_hal_cortex.o(i.HAL_NVIC_ClearPendingIRQ) for HAL_NVIC_ClearPendingIRQ
    stm32f3xx_it.o(i.USB_LP_CAN_RX0_IRQHandler) refers to stm32f3xx_hal_pcd.o(i.HAL_PCD_IRQHandler) for HAL_PCD_IRQHandler
    stm32f3xx_it.o(i.USB_LP_CAN_RX0_IRQHandler) refers to usbd_conf.o(.bss) for hpcd_USB_FS
    usbd_cdc_if.o(i.CDC_Init_FS) refers to usbd_cdc.o(i.USBD_CDC_SetTxBuffer) for USBD_CDC_SetTxBuffer
    usbd_cdc_if.o(i.CDC_Init_FS) refers to usbd_cdc.o(i.USBD_CDC_SetRxBuffer) for USBD_CDC_SetRxBuffer
    usbd_cdc_if.o(i.CDC_Init_FS) refers to usb_device.o(.bss) for hUsbDeviceFS
    usbd_cdc_if.o(i.CDC_Init_FS) refers to usbd_cdc_if.o(.data) for hUsbDevice_0
    usbd_cdc_if.o(i.CDC_Init_FS) refers to usbd_cdc_if.o(.bss) for UserTxBufferFS
    usbd_cdc_if.o(i.CDC_Receive_FS) refers to comms_hal.o(i.commsRecieveUSB) for commsRecieveUSB
    usbd_cdc_if.o(i.CDC_Transmit_FS) refers to usbd_cdc.o(i.USBD_CDC_SetTxBuffer) for USBD_CDC_SetTxBuffer
    usbd_cdc_if.o(i.CDC_Transmit_FS) refers to usbd_cdc.o(i.USBD_CDC_TransmitPacket) for USBD_CDC_TransmitPacket
    usbd_cdc_if.o(i.CDC_Transmit_FS) refers to usbd_cdc_if.o(.data) for hUsbDevice_0
    usbd_cdc_if.o(.data) refers to usbd_cdc_if.o(i.CDC_Init_FS) for CDC_Init_FS
    usbd_cdc_if.o(.data) refers to usbd_cdc_if.o(i.CDC_DeInit_FS) for CDC_DeInit_FS
    usbd_cdc_if.o(.data) refers to usbd_cdc_if.o(i.CDC_Control_FS) for CDC_Control_FS
    usbd_cdc_if.o(.data) refers to usbd_cdc_if.o(i.CDC_Receive_FS) for CDC_Receive_FS
    main.o(i.StartThread) refers to cmsis_os.o(i.osDelay) for osDelay
    main.o(i.StartThread) refers to gpio.o(i.LED_On) for LED_On
    main.o(i.StartThread) refers to gpio.o(i.LED_Off) for LED_Off
    main.o(i.main) refers to stm32f3xx_hal.o(i.HAL_Init) for HAL_Init
    main.o(i.main) refers to clock.o(i.SystemClock_Config) for SystemClock_Config
    main.o(i.main) refers to gpio.o(i.MX_GPIO_Init) for MX_GPIO_Init
    main.o(i.main) refers to dma.o(i.MX_DMA_Init) for MX_DMA_Init
    main.o(i.main) refers to gpio.o(i.LED_On) for LED_On
    main.o(i.main) refers to memcpya.o(.text) for __aeabi_memcpy4
    main.o(i.main) refers to cmsis_os.o(i.osThreadCreate) for osThreadCreate
    main.o(i.main) refers to gpio.o(i.LED_Off) for LED_Off
    main.o(i.main) refers to cmsis_os.o(i.osKernelStart) for osKernelStart
    main.o(i.main) refers to main.o(.constdata) for .constdata
    main.o(.constdata) refers to main.o(.conststring) for .conststring
    main.o(.constdata) refers to cmd_parser.o(i.CmdParserTask) for CmdParserTask
    main.o(.constdata) refers to main.o(i.StartThread) for StartThread
    main.o(.constdata) refers to comms.o(i.CommTask) for CommTask
    usb_device.o(i.MX_USB_DEVICE_Init) refers to usbd_core.o(i.USBD_Init) for USBD_Init
    usb_device.o(i.MX_USB_DEVICE_Init) refers to usbd_core.o(i.USBD_RegisterClass) for USBD_RegisterClass
    usb_device.o(i.MX_USB_DEVICE_Init) refers to usbd_cdc.o(i.USBD_CDC_RegisterInterface) for USBD_CDC_RegisterInterface
    usb_device.o(i.MX_USB_DEVICE_Init) refers to usbd_core.o(i.USBD_Start) for USBD_Start
    usb_device.o(i.MX_USB_DEVICE_Init) refers to usbd_desc.o(.data) for FS_Desc
    usb_device.o(i.MX_USB_DEVICE_Init) refers to usb_device.o(.bss) for hUsbDeviceFS
    usb_device.o(i.MX_USB_DEVICE_Init) refers to usbd_cdc.o(.data) for USBD_CDC
    usb_device.o(i.MX_USB_DEVICE_Init) refers to usbd_cdc_if.o(.data) for USBD_Interface_fops_FS
    usbd_desc.o(i.USBD_FS_ConfigStrDescriptor) refers to usbd_ctlreq.o(i.USBD_GetString) for USBD_GetString
    usbd_desc.o(i.USBD_FS_ConfigStrDescriptor) refers to usbd_desc.o(.bss) for USBD_StrDesc
    usbd_desc.o(i.USBD_FS_DeviceDescriptor) refers to usbd_desc.o(.data) for USBD_FS_DeviceDesc
    usbd_desc.o(i.USBD_FS_InterfaceStrDescriptor) refers to usbd_ctlreq.o(i.USBD_GetString) for USBD_GetString
    usbd_desc.o(i.USBD_FS_InterfaceStrDescriptor) refers to usbd_desc.o(.bss) for USBD_StrDesc
[...]
    i.MX_USB_DEVICE_Init                     0x08002db8   Section        0  usb_device.o(i.MX_USB_DEVICE_Init)
    i.NVIC_GetPriorityGrouping               0x08002dec   Section        0  stm32f3xx_hal_cortex.o(i.NVIC_GetPriorityGrouping)
    NVIC_GetPriorityGrouping                 0x08002ded   Thumb Code    10  stm32f3xx_hal_cortex.o(i.NVIC_GetPriorityGrouping)
    i.NVIC_SetPriority                       0x08002dfc   Section        0  stm32f3xx_hal_cortex.o(i.NVIC_SetPriority)
    NVIC_SetPriority                         0x08002dfd   Thumb Code    32  stm32f3xx_hal_cortex.o(i.NVIC_SetPriority)
    i.PCD_EP_ISR_Handler                     0x08002e24   Section        0  stm32f3xx_hal_pcd.o(i.PCD_EP_ISR_Handler)
    PCD_EP_ISR_Handler                       0x08002e25   Thumb Code  1096  stm32f3xx_hal_pcd.o(i.PCD_EP_ISR_Handler)
    i.PCD_ReadPMA                            0x0800326c   Section        0  stm32f3xx_hal_pcd_ex.o(i.PCD_ReadPMA)
    i.PCD_WritePMA                           0x08003290   Section        0  stm32f3xx_hal_pcd_ex.o(i.PCD_WritePMA)
    i.StartThread                            0x080032ca   Section        0  main.o(i.StartThread)
    StartThread                              0x080032cb   Thumb Code    26  main.o(i.StartThread)
    i.SysTick_Handler                        0x080032e4   Section        0  stm32f3xx_it.o(i.SysTick_Handler)
    i.SystemClockConfig_Resume               0x080032f6   Section        0  usbd_conf.o(i.SystemClockConfig_Resume)
    SystemClockConfig_Resume                 0x080032f7   Thumb Code     8  usbd_conf.o(i.SystemClockConfig_Resume)
    i.SystemClock_Config                     0x08003300   Section        0  clock.o(i.SystemClock_Config)
    i.SystemInit                             0x08003370   Section        0  system_stm32f3xx.o(i.SystemInit)
    i.UART_AdvFeatureConfig                  0x080033ec   Section        0  stm32f3xx_hal_uart.o(i.UART_AdvFeatureConfig)
    i.UART_CheckIdleState                    0x080034d6   Section        0  stm32f3xx_hal_uart.o(i.UART_CheckIdleState)
    i.UART_SetConfig                         0x08003534   Section        0  stm32f3xx_hal_uart.o(i.UART_SetConfig)
    i.UART_WaitOnFlagUntilTimeout            0x080037d8   Section        0  stm32f3xx_hal_uart.o(i.UART_WaitOnFlagUntilTimeout)
    i.UARTsendBuff                           0x080038ce   Section        0  usart.o(i.UARTsendBuff)
    i.UARTsendChar                           0x080038e8   Section        0  usart.o(i.UARTsendChar)
    i.USART2_IRQHandler                      0x08003904   Section        0  stm32f3xx_it.o(i.USART2_IRQHandler)
    i.USBD_CDC_DataIn                        0x08003920   Section        0  usbd_cdc.o(i.USBD_CDC_DataIn)
    USBD_CDC_DataIn                          0x08003921   Thumb Code    26  usbd_cdc.o(i.USBD_CDC_DataIn)
    i.USBD_CDC_DataOut                       0x0800393a   Section        0  usbd_cdc.o(i.USBD_CDC_DataOut)
    USBD_CDC_DataOut                         0x0800393b   Thumb Code    52  usbd_cdc.o(i.USBD_CDC_DataOut)
    i.USBD_CDC_DeInit                        0x0800396e   Section        0  usbd_cdc.o(i.USBD_CDC_DeInit)
    USBD_CDC_DeInit                          0x0800396f   Thumb Code    64  usbd_cdc.o(i.USBD_CDC_DeInit)
    i.USBD_CDC_EP0_RxReady                   0x080039ae   Section        0  usbd_cdc.o(i.USBD_CDC_EP0_RxReady)
    USBD_CDC_EP0_RxReady                     0x080039af   Thumb Code    50  usbd_cdc.o(i.USBD_CDC_EP0_RxReady)
    i.USBD_CDC_GetDeviceQualifierDescriptor  0x080039e0   Section        0  usbd_cdc.o(i.USBD_CDC_GetDeviceQualifierDescriptor)
    i.USBD_CDC_GetFSCfgDesc                  0x080039f0   Section        0  usbd_cdc.o(i.USBD_CDC_GetFSCfgDesc)
    USBD_CDC_GetFSCfgDesc                    0x080039f1   Thumb Code    10  usbd_cdc.o(i.USBD_CDC_GetFSCfgDesc)
    i.USBD_CDC_GetHSCfgDesc                  0x08003a00   Section        0  usbd_cdc.o(i.USBD_CDC_GetHSCfgDesc)
    USBD_CDC_GetHSCfgDesc                    0x08003a01   Thumb Code    10  usbd_cdc.o(i.USBD_CDC_GetHSCfgDesc)
    i.USBD_CDC_GetOtherSpeedCfgDesc          0x08003a10   Section        0  usbd_cdc.o(i.USBD_CDC_GetOtherSpeedCfgDesc)
    USBD_CDC_GetOtherSpeedCfgDesc            0x08003a11   Thumb Code    10  usbd_cdc.o(i.USBD_CDC_GetOtherSpeedCfgDesc)
    i.USBD_CDC_Init                          0x08003a20   Section        0  usbd_cdc.o(i.USBD_CDC_Init)
    USBD_CDC_Init                            0x08003a21   Thumb Code   166  usbd_cdc.o(i.USBD_CDC_Init)
    i.USBD_CDC_RegisterInterface             0x08003ac6   Section        0  usbd_cdc.o(i.USBD_CDC_RegisterInterface)
    i.USBD_CDC_SetRxBuffer                   0x08003ad4   Section        0  usbd_cdc.o(i.USBD_CDC_SetRxBuffer)
    i.USBD_CDC_SetTxBuffer                   0x08003ae2   Section        0  usbd_cdc.o(i.USBD_CDC_SetTxBuffer)
    i.USBD_CDC_Setup                         0x08003af6   Section        0  usbd_cdc.o(i.USBD_CDC_Setup)
    USBD_CDC_Setup                           0x08003af7   Thumb Code   106  usbd_cdc.o(i.USBD_CDC_Setup)
    i.USBD_CDC_TransmitPacket                0x08003b60   Section        0  usbd_cdc.o(i.USBD_CDC_TransmitPacket)
    i.USBD_ClrClassConfig                    0x08003b98   Section        0  usbd_core.o(i.USBD_ClrClassConfig)
    i.USBD_ClrFeature                        0x08003bae   Section        0  usbd_ctlreq.o(i.USBD_ClrFeature)
    USBD_ClrFeature                          0x08003baf   Thumb Code    68  usbd_ctlreq.o(i.USBD_ClrFeature)
    i.USBD_CtlContinueRx                     0x08003bf2   Section        0  usbd_ioreq.o(i.USBD_CtlContinueRx)
    i.USBD_CtlContinueSendData               0x08003c0a   Section        0  usbd_ioreq.o(i.USBD_CtlContinueSendData)
    i.USBD_CtlError                          0x08003c22   Section        0  usbd_ctlreq.o(i.USBD_CtlError)
    i.USBD_CtlPrepareRx                      0x08003c3a   Section        0  usbd_ioreq.o(i.USBD_CtlPrepareRx)
    i.USBD_CtlReceiveStatus                  0x08003c62   Section        0  usbd_ioreq.o(i.USBD_CtlReceiveStatus)
    i.USBD_CtlSendData                       0x08003c7c   Section        0  usbd_ioreq.o(i.USBD_CtlSendData)
    i.USBD_CtlSendStatus                     0x08003c9e   Section        0  usbd_ioreq.o(i.USBD_CtlSendStatus)
    i.USBD_FS_ConfigStrDescriptor            0x08003cb8   Section        0  usbd_desc.o(i.USBD_FS_ConfigStrDescriptor)
    i.USBD_FS_DeviceDescriptor               0x08003cec   Section        0  usbd_desc.o(i.USBD_FS_DeviceDescriptor)
    i.USBD_FS_InterfaceStrDescriptor         0x08003cfc   Section        0  usbd_desc.o(i.USBD_FS_InterfaceStrDescriptor)
    i.USBD_FS_LangIDStrDescriptor            0x08003d34   Section        0  usbd_desc.o(i.USBD_FS_LangIDStrDescriptor)
    i.USBD_FS_ManufacturerStrDescriptor      0x08003d44   Section        0  usbd_desc.o(i.USBD_FS_ManufacturerStrDescriptor)
    i.USBD_FS_ProductStrDescriptor           0x08003d70   Section        0  usbd_desc.o(i.USBD_FS_ProductStrDescriptor)
    i.USBD_FS_SerialStrDescriptor            0x08003db0   Section        0  usbd_desc.o(i.USBD_FS_SerialStrDescriptor)
    i.USBD_GetConfig                         0x08003de8   Section        0  usbd_ctlreq.o(i.USBD_GetConfig)
    USBD_GetConfig                           0x08003de9   Thumb Code    80  usbd_ctlreq.o(i.USBD_GetConfig)
    i.USBD_GetDescriptor                     0x08003e38   Section        0  usbd_ctlreq.o(i.USBD_GetDescriptor)
    USBD_GetDescriptor                       0x08003e39   Thumb Code   328  usbd_ctlreq.o(i.USBD_GetDescriptor)
    i.USBD_GetLen                            0x08003f80   Section        0  usbd_ctlreq.o(i.USBD_GetLen)
    USBD_GetLen                              0x08003f81   Thumb Code    20  usbd_ctlreq.o(i.USBD_GetLen)
    i.USBD_GetStatus                         0x08003f94   Section        0  usbd_ctlreq.o(i.USBD_GetStatus)
    USBD_GetStatus                           0x08003f95   Thumb Code    68  usbd_ctlreq.o(i.USBD_GetStatus)
    i.USBD_GetString                         0x08003fd8   Section        0  usbd_ctlreq.o(i.USBD_GetString)
    i.USBD_Init                              0x0800402a   Section        0  usbd_core.o(i.USBD_Init)
    i.USBD_LL_ClearStallEP                   0x0800405c   Section        0  usbd_conf.o(i.USBD_LL_ClearStallEP)
    i.USBD_LL_CloseEP                        0x08004070   Section        0  usbd_conf.o(i.USBD_LL_CloseEP)
    i.USBD_LL_DataInStage                    0x08004084   Section        0  usbd_core.o(i.USBD_LL_DataInStage)
    i.USBD_LL_DataOutStage                   0x08004146   Section        0  usbd_core.o(i.USBD_LL_DataOutStage)
    i.USBD_LL_GetRxDataSize                  0x080041cc   Section        0  usbd_conf.o(i.USBD_LL_GetRxDataSize)
    i.USBD_LL_Init                           0x080041e0   Section        0  usbd_conf.o(i.USBD_LL_Init)
    i.USBD_LL_IsStallEP                      0x08004264   Section        0  usbd_conf.o(i.USBD_LL_IsStallEP)
    i.USBD_LL_OpenEP                         0x0800429c   Section        0  usbd_conf.o(i.USBD_LL_OpenEP)
    i.USBD_LL_PrepareReceive                 0x080042bc   Section        0  usbd_conf.o(i.USBD_LL_PrepareReceive)
    i.USBD_LL_Reset                          0x080042dc   Section        0  usbd_core.o(i.USBD_LL_Reset)
    i.USBD_LL_Resume                         0x08004320   Section        0  usbd_core.o(i.USBD_LL_Resume)
    i.USBD_LL_SOF                            0x0800432e   Section        0  usbd_core.o(i.USBD_LL_SOF)
    i.USBD_LL_SetSpeed                       0x08004350   Section        0  usbd_core.o(i.USBD_LL_SetSpeed)
    i.USBD_LL_SetUSBAddress                  0x08004358   Section        0  usbd_conf.o(i.USBD_LL_SetUSBAddress)
    i.USBD_LL_SetupStage                     0x0800436c   Section        0  usbd_core.o(i.USBD_LL_SetupStage)
    i.USBD_LL_StallEP                        0x080043da   Section        0  usbd_conf.o(i.USBD_LL_StallEP)
    i.USBD_LL_Start                          0x080043ee   Section        0  usbd_conf.o(i.USBD_LL_Start)
    i.USBD_LL_Suspend                        0x080043fe   Section        0  usbd_core.o(i.USBD_LL_Suspend)
    i.USBD_LL_Transmit                       0x08004412   Section        0  usbd_conf.o(i.USBD_LL_Transmit)
    i.USBD_ParseSetupRequest                 0x08004432   Section        0  usbd_ctlreq.o(i.USBD_ParseSetupRequest)
    i.USBD_RegisterClass                     0x0800445a   Section        0  usbd_core.o(i.USBD_RegisterClass)
    i.USBD_RunTestMode                       0x0800446a   Section        0  usbd_core.o(i.USBD_RunTestMode)
    i.USBD_SetAddress                        0x08004470   Section        0  usbd_ctlreq.o(i.USBD_SetAddress)
    USBD_SetAddress                          0x08004471   Thumb Code    84  usbd_ctlreq.o(i.USBD_SetAddress)
    i.USBD_SetClassConfig                    0x080044c4   Section        0  usbd_core.o(i.USBD_SetClassConfig)
    i.USBD_SetConfig                         0x080044e8   Section        0  usbd_ctlreq.o(i.USBD_SetConfig)
    USBD_SetConfig                           0x080044e9   Thumb Code   218  usbd_ctlreq.o(i.USBD_SetConfig)
    i.USBD_SetFeature                        0x080045c8   Section        0  usbd_ctlreq.o(i.USBD_SetFeature)
    USBD_SetFeature                          0x080045c9   Thumb Code    36  usbd_ctlreq.o(i.USBD_SetFeature)
    i.USBD_Start                             0x080045ec   Section        0  usbd_core.o(i.USBD_Start)
    i.USBD_StdDevReq                         0x080045fa   Section        0  usbd_ctlreq.o(i.USBD_StdDevReq)
    i.USBD_StdEPReq                          0x0800466c   Section        0  usbd_ctlreq.o(i.USBD_StdEPReq)
    i.USBD_StdItfReq                         0x080047a8   Section        0  usbd_ctlreq.o(i.USBD_StdItfReq)
    i.USBD_static_free                       0x080047f2   Section        0  usbd_conf.o(i.USBD_static_free)
    i.USBD_static_malloc                     0x080047f4   Section        0  usbd_conf.o(i.USBD_static_malloc)
    i.USB_LP_CAN_RX0_IRQHandler              0x08004800   Section        0  stm32f3xx_it.o(i.USB_LP_CAN_RX0_IRQHandler)
    i.__scatterload_copy                     0x08004814   Section       14  handlers.o(i.__scatterload_copy)
    i.__scatterload_null                     0x08004822   Section        2  handlers.o(i.__scatterload_null)
    i.__scatterload_zeroinit                 0x08004824   Section       14  handlers.o(i.__scatterload_zeroinit)
    i.commBufferReadByte                     0x08004834   Section        0  comms.o(i.commBufferReadByte)
    i.commBufferReadNBytes                   0x08004894   Section        0  comms.o(i.commBufferReadNBytes)
    i.commBufferStoreByte                    0x080048bc   Section        0  comms.o(i.commBufferStoreByte)
    i.commInputByte                          0x0800491c   Section        0  comms.o(i.commInputByte)
    i.commsInit                              0x0800495c   Section        0  comms.o(i.commsInit)
    i.commsRecieveUART                       0x08004984   Section        0  comms_hal.o(i.commsRecieveUART)
    i.commsRecieveUSB                        0x080049a0   Section        0  comms_hal.o(i.commsRecieveUSB)
    i.commsSend                              0x080049bc   Section        0  comms_hal.o(i.commsSend)
    i.commsSendBuff                          0x080049ec   Section        0  comms_hal.o(i.commsSendBuff)
    i.commsSendString                        0x08004a20   Section        0  comms_hal.o(i.commsSendString)
    i.commsSendUint32                        0x08004a60   Section        0  comms_hal.o(i.commsSendUint32)
    i.giveNextCmd                            0x08004a88   Section        0  cmd_parser.o(i.giveNextCmd)
    i.main                                   0x08004ac8   Section        0  main.o(i.main)
    i.makeFreeRtosPriority                   0x08004b2c   Section        0  cmsis_os.o(i.makeFreeRtosPriority)
    makeFreeRtosPriority                     0x08004b2d   Thumb Code    14  cmsis_os.o(i.makeFreeRtosPriority)
    i.osDelay                                0x08004b3a   Section        0  cmsis_os.o(i.osDelay)
    i.osKernelStart                          0x08004b52   Section        0  cmsis_os.o(i.osKernelStart)
    i.osThreadCreate                         0x08004b6a   Section        0  cmsis_os.o(i.osThreadCreate)
    i.parseCommsCmd                          0x08004b9c   Section        0  cmd_parser.o(i.parseCommsCmd)
    i.parseSystemCmd                         0x08004c08   Section        0  cmd_parser.o(i.parseSystemCmd)
    i.printErrResponse                       0x08004c74   Section        0  cmd_parser.o(i.printErrResponse)
    i.prvAddCurrentTaskToDelayedList         0x08004cf4   Section        0  tasks.o(i.prvAddCurrentTaskToDelayedList)
    prvAddCurrentTaskToDelayedList           0x08004cf5   Thumb Code    62  tasks.o(i.prvAddCurrentTaskToDelayedList)
    i.prvAllocateTCBAndStack                 0x08004d48   Section        0  tasks.o(i.prvAllocateTCBAndStack)
    prvAllocateTCBAndStack                   0x08004d49   Thumb Code    58  tasks.o(i.prvAllocateTCBAndStack)
    i.prvCheckTasksWaitingTermination        0x08004d84   Section        0  tasks.o(i.prvCheckTasksWaitingTermination)
    prvCheckTasksWaitingTermination          0x08004d85   Thumb Code    86  tasks.o(i.prvCheckTasksWaitingTermination)
    i.prvCopyDataFromQueue                   0x08004de8   Section        0  queue.o(i.prvCopyDataFromQueue)
    prvCopyDataFromQueue                     0x08004de9   Thumb Code    42  queue.o(i.prvCopyDataFromQueue)
    i.prvCopyDataToQueue                     0x08004e12   Section        0  queue.o(i.prvCopyDataToQueue)
    prvCopyDataToQueue                       0x08004e13   Thumb Code   118  queue.o(i.prvCopyDataToQueue)
    i.prvDeleteTCB                           0x08004e88   Section        0  tasks.o(i.prvDeleteTCB)
    prvDeleteTCB                             0x08004e89   Thumb Code    18  tasks.o(i.prvDeleteTCB)
    i.prvHeapInit                            0x08004e9c   Section        0  heap_2.o(i.prvHeapInit)
    prvHeapInit                              0x08004e9d   Thumb Code    42  heap_2.o(i.prvHeapInit)
    i.prvIdleTask                            0x08004ed4   Section        0  tasks.o(i.prvIdleTask)
    prvIdleTask                              0x08004ed5   Thumb Code    20  tasks.o(i.prvIdleTask)
    i.prvInitialiseTCBVariables              0x08004eec   Section        0  tasks.o(i.prvInitialiseTCBVariables)
    prvInitialiseTCBVariables                0x08004eed   Thumb Code    86  tasks.o(i.prvInitialiseTCBVariables)
    i.prvInitialiseTaskLists                 0x08004f44   Section        0  tasks.o(i.prvInitialiseTaskLists)
    prvInitialiseTaskLists                   0x08004f45   Thumb Code    70  tasks.o(i.prvInitialiseTaskLists)
    i.prvIsQueueEmpty                        0x08004fac   Section        0  queue.o(i.prvIsQueueEmpty)
    prvIsQueueEmpty                          0x08004fad   Thumb Code    26  queue.o(i.prvIsQueueEmpty)
    i.prvIsQueueFull                         0x08004fc6   Section        0  queue.o(i.prvIsQueueFull)
    prvIsQueueFull                           0x08004fc7   Thumb Code    30  queue.o(i.prvIsQueueFull)
    i.prvTaskExitError                       0x08004fe4   Section        0  port.o(i.prvTaskExitError)
    prvTaskExitError                         0x08004fe5   Thumb Code    32  port.o(i.prvTaskExitError)
    i.prvUnlockQueue                         0x08005008   Section        0  queue.o(i.prvUnlockQueue)
    prvUnlockQueue                           0x08005009   Thumb Code   126  queue.o(i.prvUnlockQueue)
    i.pvPortMalloc                           0x08005088   Section        0  heap_2.o(i.pvPortMalloc)
    i.pxPortInitialiseStack                  0x08005140   Section        0  port.o(i.pxPortInitialiseStack)
    i.sendCommsConf                          0x08005168   Section        0  comms.o(i.sendCommsConf)
    i.sendSystConf                           0x080051d0   Section        0  comms.o(i.sendSystConf)
    i.sendSystemVersion                      0x08005208   Section        0  comms.o(i.sendSystemVersion)
    i.uxListRemove                           0x080052c4   Section        0  list.o(i.uxListRemove)
    i.vApplicationStackOverflowHook          0x080052ec   Section        0  freertos.o(i.vApplicationStackOverflowHook)
    i.vListInitialise                        0x080052ee   Section        0  list.o(i.vListInitialise)
    i.vListInitialiseItem                    0x08005308   Section        0  list.o(i.vListInitialiseItem)
    i.vListInsert                            0x0800530e   Section        0  list.o(i.vListInsert)
    i.vListInsertEnd                         0x08005342   Section        0  list.o(i.vListInsertEnd)
    i.vPortEnterCritical                     0x0800535c   Section        0  port.o(i.vPortEnterCritical)
    i.vPortExitCritical                      0x0800537c   Section        0  port.o(i.vPortExitCritical)
    i.vPortFree                              0x0800539c   Section        0  heap_2.o(i.vPortFree)
    i.vPortSetupTimerInterrupt               0x080053dc   Section        0  port.o(i.vPortSetupTimerInterrupt)
    i.vPortValidateInterruptPriority         0x080053fc   Section        0  port.o(i.vPortValidateInterruptPriority)
    i.vPortYield                             0x08005458   Section        0  port.o(i.vPortYield)
    i.vTaskDelay                             0x08005470   Section        0  tasks.o(i.vTaskDelay)
    i.vTaskMissedYield                       0x080054a8   Section        0  tasks.o(i.vTaskMissedYield)
    i.vTaskPlaceOnEventList                  0x080054b4   Section        0  tasks.o(i.vTaskPlaceOnEventList)
    i.vTaskPriorityDisinherit                0x08005508   Section        0  tasks.o(i.vTaskPriorityDisinherit)
    i.vTaskPriorityInherit                   0x08005558   Section        0  tasks.o(i.vTaskPriorityInherit)
    i.vTaskSetTimeOutState                   0x080055dc   Section        0  tasks.o(i.vTaskSetTimeOutState)
    i.vTaskStartScheduler                    0x08005600   Section        0  tasks.o(i.vTaskStartScheduler)
    i.vTaskSuspendAll                        0x08005654   Section        0  tasks.o(i.vTaskSuspendAll)
    i.vTaskSwitchContext                     0x08005664   Section        0  tasks.o(i.vTaskSwitchContext)
    i.xPortStartScheduler                    0x08005710   Section        0  port.o(i.xPortStartScheduler)
    i.xPortSysTickHandler                    0x080057c4   Section        0  port.o(i.xPortSysTickHandler)
    i.xQueueCreateMutex                      0x080057e4   Section        0  queue.o(i.xQueueCreateMutex)
    i.xQueueGenericCreate                    0x0800583a   Section        0  queue.o(i.xQueueGenericCreate)
    i.xQueueGenericReceive                   0x08005896   Section        0  queue.o(i.xQueueGenericReceive)
    i.xQueueGenericReset                     0x080059d6   Section        0  queue.o(i.xQueueGenericReset)
    i.xQueueGenericSend                      0x08005a4e   Section        0  queue.o(i.xQueueGenericSend)
    i.xQueueGenericSendFromISR               0x08005b68   Section        0  queue.o(i.xQueueGenericSendFromISR)
    i.xQueueGiveMutexRecursive               0x08005c14   Section        0  queue.o(i.xQueueGiveMutexRecursive)
    i.xQueueTakeMutexRecursive               0x08005c4e   Section        0  queue.o(i.xQueueTakeMutexRecursive)
    i.xTaskCheckForTimeOut                   0x08005c94   Section        0  tasks.o(i.xTaskCheckForTimeOut)
    i.xTaskGenericCreate                     0x08005d08   Section        0  tasks.o(i.xTaskGenericCreate)
    i.xTaskGetCurrentTaskHandle              0x08005e40   Section        0  tasks.o(i.xTaskGetCurrentTaskHandle)
    i.xTaskGetSchedulerState                 0x08005e4c   Section        0  tasks.o(i.xTaskGetSchedulerState)
    i.xTaskIncrementTick                     0x08005e6c   Section        0  tasks.o(i.xTaskIncrementTick)
    i.xTaskRemoveFromEventList               0x08005fcc   Section        0  tasks.o(i.xTaskRemoveFromEventList)
    i.xTaskResumeAll                         0x08006054   Section        0  tasks.o(i.xTaskResumeAll)
    .constdata                               0x0800613c   Section       60  main.o(.constdata)
    .constdata                               0x08006178   Section       19  stm32f3_discovery.o(.constdata)
    .constdata                               0x0800618b   Section       16  stm32f3xx_hal_rcc.o(.constdata)
    .constdata                               0x0800619b   Section       32  stm32f3xx_hal_rcc_ex.o(.constdata)
    .conststring                             0x080061bc   Section       38  main.o(.conststring)
    .data                                    0x20000000   Section       20  usbd_cdc_if.o(.data)
    .data                                    0x20000014   Section       52  usbd_desc.o(.data)
    .data                                    0x20000048   Section        4  usbd_conf.o(.data)
    .data                                    0x2000004c   Section        1  usbd_ctlreq.o(.data)
    cfgidx                                   0x2000004c   Data           1  usbd_ctlreq.o(.data)
    .data                                    0x20000050   Section      271  usbd_cdc.o(.data)
    USBD_CDC_DeviceQualifierDesc             0x20000050   Data          10  usbd_cdc.o(.data)
    .data                                    0x20000160   Section       44  stm32f3_discovery.o(.data)
    .data                                    0x2000018c   Section       20  system_stm32f3xx.o(.data)
    .data                                    0x200001a0   Section        4  stm32f3xx_hal.o(.data)
    uwTick                                   0x200001a0   Data           4  stm32f3xx_hal.o(.data)
    .data                                    0x200001a4   Section       56  tasks.o(.data)
    pxDelayedTaskList                        0x200001a8   Data           4  tasks.o(.data)
    pxOverflowDelayedTaskList                0x200001ac   Data           4  tasks.o(.data)
    uxTasksDeleted                           0x200001b0   Data           4  tasks.o(.data)
    uxCurrentNumberOfTasks                   0x200001b4   Data           4  tasks.o(.data)
    xTickCount                               0x200001b8   Data           4  tasks.o(.data)
    uxTopReadyPriority                       0x200001bc   Data           4  tasks.o(.data)
    xSchedulerRunning                        0x200001c0   Data           4  tasks.o(.data)
    uxSchedulerSuspended                     0x200001c4   Data           4  tasks.o(.data)
    uxPendedTicks                            0x200001c8   Data           4  tasks.o(.data)
    xYieldPending                            0x200001cc   Data           4  tasks.o(.data)
    xNumOfOverflows                          0x200001d0   Data           4  tasks.o(.data)
    uxTaskNumber                             0x200001d4   Data           4  tasks.o(.data)
    xNextTaskUnblockTime                     0x200001d8   Data           4  tasks.o(.data)
    .data                                    0x200001dc   Section       12  port.o(.data)
    uxCriticalNesting                        0x200001dc   Data           4  port.o(.data)
    ucMaxSysCallPriority                     0x200001e0   Data           1  port.o(.data)
    ulMaxPRIGROUPValue                       0x200001e4   Data           4  port.o(.data)
    .data                                    0x200001e8   Section       24  heap_2.o(.data)
    xStart                                   0x200001e8   Data           8  heap_2.o(.data)
    xEnd                                     0x200001f0   Data           8  heap_2.o(.data)
    xFreeBytesRemaining                      0x200001f8   Data           4  heap_2.o(.data)
    xHeapHasBeenInitialised                  0x200001fc   Data           4  heap_2.o(.data)
    .data                                    0x20000200   Section        4  cmd_parser.o(.data)
    .data                                    0x20000204   Section        8  comms.o(.data)
    commsMutex                               0x20000208   Data           4  comms.o(.data)
    .bss                                     0x2000020c   Section     1024  usbd_cdc_if.o(.bss)
    .bss                                     0x2000060c   Section      548  usb_device.o(.bss)
    .bss                                     0x20000830   Section      512  usbd_desc.o(.bss)
    .bss                                     0x20000a30   Section     4544  usbd_conf.o(.bss)
    mem                                      0x20000c50   Data        4000  usbd_conf.o(.bss)
    .bss                                     0x20001bf0   Section      108  usart.o(.bss)
    .bss                                     0x20001c5c   Section      240  tasks.o(.bss)
    pxReadyTasksLists                        0x20001c5c   Data         140  tasks.o(.bss)
    xDelayedTaskList1                        0x20001ce8   Data          20  tasks.o(.bss)
    xDelayedTaskList2                        0x20001cfc   Data          20  tasks.o(.bss)
    xPendingReadyList                        0x20001d10   Data          20  tasks.o(.bss)
    xTasksWaitingTermination                 0x20001d24   Data          20  tasks.o(.bss)
    xSuspendedTaskList                       0x20001d38   Data          20  tasks.o(.bss)
    .bss                                     0x20001d4c   Section     8192  heap_2.o(.bss)
    ucHeap                                   0x20001d4c   Data        8192  heap_2.o(.bss)
    .bss                                     0x20003d4c   Section      524  comms.o(.bss)
    commBuffMem                              0x20003d4c   Data         512  comms.o(.bss)
    comm                                     0x20003f4c   Data          12  comms.o(.bss)
    STACK                                    0x20003f58   Section     1024  startup_stm32f303xc.o(STACK)

    Global Symbols

    Symbol Name                              Value     Ov Type        Size  Object(Section)

    BuildAttributes$$THM_ISAv4$E$P$D$K$B$S$7EM$VFPi3$EXTD16$VFPS$VFMA$PE$A:L22UL41UL21$X:L11$S22US41US21$IEEE1$IW$USESV6$~STKCKD$USESV7$~SHL$OSPACE$EBA8$MICROLIB$REQ8$PRES8$EABIv2 0x00000000   Number         0  anon$$obj.o ABSOLUTE
    __ARM_use_no_argv                        0x00000000   Number         0  main.o ABSOLUTE
    __cpp_initialize__aeabi_                  - Undefined Weak Reference
    __cxa_finalize                            - Undefined Weak Reference
    _clock_init                               - Undefined Weak Reference
    _microlib_exit                            - Undefined Weak Reference
    __Vectors_Size                           0x00000188   Number         0  startup_stm32f303xc.o ABSOLUTE
    __Vectors                                0x08000000   Data           4  startup_stm32f303xc.o(RESET)
    __Vectors_End                            0x08000188   Data           0  startup_stm32f303xc.o(RESET)
    __main                                   0x08000189   Thumb Code     0  entry.o(.ARM.Collect$$$$00000000)
    _main_stk                                0x08000189   Thumb Code     0  entry2.o(.ARM.Collect$$$$00000001)
    _main_scatterload                        0x0800018d   Thumb Code     0  entry5.o(.ARM.Collect$$$$00000004)
    __main_after_scatterload                 0x08000191   Thumb Code     0  entry5.o(.ARM.Collect$$$$00000004)
    _main_clock                              0x08000191   Thumb Code     0  entry7b.o(.ARM.Collect$$$$00000008)
    _main_cpp_init                           0x08000191   Thumb Code     0  entry8b.o(.ARM.Collect$$$$0000000A)
    _main_init                               0x08000191   Thumb Code     0  entry9a.o(.ARM.Collect$$$$0000000B)
    __rt_final_cpp                           0x08000199   Thumb Code     0  entry10a.o(.ARM.Collect$$$$0000000D)
    __rt_final_exit                          0x08000199   Thumb Code     0  entry11a.o(.ARM.Collect$$$$0000000F)
    SVC_Handler                              0x0800019d   Thumb Code    24  port.o(.emb_text)
    __asm___6_port_c_39a90d8d__prvStartFirstTask 0x080001b9   Thumb Code    16  port.o(.emb_text)
    __asm___6_port_c_39a90d8d__prvEnableVFP  0x080001cd   Thumb Code    16  port.o(.emb_text)
    PendSV_Handler                           0x080001e1   Thumb Code    76  port.o(.emb_text)
    ulPortSetInterruptMask                   0x08000231   Thumb Code    14  port.o(.emb_text)
    vPortClearInterruptMask                  0x0800023f   Thumb Code     6  port.o(.emb_text)
    vPortGetIPSR                             0x08000245   Thumb Code     6  port.o(.emb_text)
    Reset_Handler                            0x0800024d   Thumb Code     8  startup_stm32f303xc.o(.text)
    NMI_Handler                              0x08000255   Thumb Code     2  startup_stm32f303xc.o(.text)
    HardFault_Handler                        0x08000257   Thumb Code     2  startup_stm32f303xc.o(.text)
    MemManage_Handler                        0x08000259   Thumb Code     2  startup_stm32f303xc.o(.text)
    BusFault_Handler                         0x0800025b   Thumb Code     2  startup_stm32f303xc.o(.text)
    UsageFault_Handler                       0x0800025d   Thumb Code     2  startup_stm32f303xc.o(.text)
    DebugMon_Handler                         0x08000261   Thumb Code     2  startup_stm32f303xc.o(.text)
    ADC1_2_IRQHandler                        0x08000267   Thumb Code     0  startup_stm32f303xc.o(.text)
    ADC3_IRQHandler                          0x08000267   Thumb Code     0  startup_stm32f303xc.o(.text)
    ADC4_IRQHandler                          0x08000267   Thumb Code     0  startup_stm32f303xc.o(.text)
    CAN_RX1_IRQHandler                       0x08000267   Thumb Code     0  startup_stm32f303xc.o(.text)
    CAN_SCE_IRQHandler                       0x08000267   Thumb Code     0  startup_stm32f303xc.o(.text)
    COMP1_2_3_IRQHandler                     0x08000267   Thumb Code     0  startup_stm32f303xc.o(.text)
    COMP4_5_6_IRQHandler                     0x08000267   Thumb Code     0  startup_stm32f303xc.o(.text)
    COMP7_IRQHandler                         0x08000267   Thumb Code     0  startup_stm32f303xc.o(.text)
    DMA1_Channel1_IRQHandler                 0x08000267   Thumb Code     0  startup_stm32f303xc.o(.text)
    DMA1_Channel2_IRQHandler                 0x08000267   Thumb Code     0  startup_stm32f303xc.o(.text)
    DMA1_Channel3_IRQHandler                 0x08000267   Thumb Code     0  startup_stm32f303xc.o(.text)
    DMA1_Channel4_IRQHandler                 0x08000267   Thumb Code     0  startup_stm32f303xc.o(.text)
    DMA1_Channel5_IRQHandler                 0x08000267   Thumb Code     0  startup_stm32f303xc.o(.text)
    DMA1_Channel6_IRQHandler                 0x08000267   Thumb Code     0  startup_stm32f303xc.o(.text)
    DMA1_Channel7_IRQHandler                 0x08000267   Thumb Code     0  startup_stm32f303xc.o(.text)
    DMA2_Channel1_IRQHandler                 0x08000267   Thumb Code     0  startup_stm32f303xc.o(.text)
    DMA2_Channel2_IRQHandler                 0x08000267   Thumb Code     0  startup_stm32f303xc.o(.text)
    DMA2_Channel3_IRQHandler                 0x08000267   Thumb Code     0  startup_stm32f303xc.o(.text)
    DMA2_Channel4_IRQHandler                 0x08000267   Thumb Code     0  startup_stm32f303xc.o(.text)
    DMA2_Channel5_IRQHandler                 0x08000267   Thumb Code     0  startup_stm32f303xc.o(.text)
    EXTI0_IRQHandler                         0x08000267   Thumb Code     0  startup_stm32f303xc.o(.text)
    EXTI15_10_IRQHandler                     0x08000267   Thumb Code     0  startup_stm32f303xc.o(.text)
    EXTI1_IRQHandler                         0x08000267   Thumb Code     0  startup_stm32f303xc.o(.text)
    EXTI2_TSC_IRQHandler                     0x08000267   Thumb Code     0  startup_stm32f303xc.o(.text)
    EXTI3_IRQHandler                         0x08000267   Thumb Code     0  startup_stm32f303xc.o(.text)
    EXTI4_IRQHandler                         0x08000267   Thumb Code     0  startup_stm32f303xc.o(.text)
    EXTI9_5_IRQHandler                       0x08000267   Thumb Code     0  startup_stm32f303xc.o(.text)
    FLASH_IRQHandler                         0x08000267   Thumb Code     0  startup_stm32f303xc.o(.text)
    FPU_IRQHandler                           0x08000267   Thumb Code     0  startup_stm32f303xc.o(.text)
    I2C1_ER_IRQHandler                       0x08000267   Thumb Code     0  startup_stm32f303xc.o(.text)
    I2C1_EV_IRQHandler                       0x08000267   Thumb Code     0  startup_stm32f303xc.o(.text)
    I2C2_ER_IRQHandler                       0x08000267   Thumb Code     0  startup_stm32f303xc.o(.text)
    I2C2_EV_IRQHandler                       0x08000267   Thumb Code     0  startup_stm32f303xc.o(.text)
    PVD_IRQHandler                           0x08000267   Thumb Code     0  startup_stm32f303xc.o(.text)
    RCC_IRQHandler                           0x08000267   Thumb Code     0  startup_stm32f303xc.o(.text)
    RTC_Alarm_IRQHandler                     0x08000267   Thumb Code     0  startup_stm32f303xc.o(.text)
    RTC_WKUP_IRQHandler                      0x08000267   Thumb Code     0  startup_stm32f303xc.o(.text)
    SPI1_IRQHandler                          0x08000267   Thumb Code     0  startup_stm32f303xc.o(.text)
    SPI2_IRQHandler                          0x08000267   Thumb Code     0  startup_stm32f303xc.o(.text)
    SPI3_IRQHandler                          0x08000267   Thumb Code     0  startup_stm32f303xc.o(.text)
    TAMP_STAMP_IRQHandler                    0x08000267   Thumb Code     0  startup_stm32f303xc.o(.text)
    TIM1_BRK_TIM15_IRQHandler                0x08000267   Thumb Code     0  startup_stm32f303xc.o(.text)
    TIM1_CC_IRQHandler                       0x08000267   Thumb Code     0  startup_stm32f303xc.o(.text)
    TIM1_TRG_COM_TIM17_IRQHandler            0x08000267   Thumb Code     0  startup_stm32f303xc.o(.text)
    TIM1_UP_TIM16_IRQHandler                 0x08000267   Thumb Code     0  startup_stm32f303xc.o(.text)
    TIM2_IRQHandler                          0x08000267   Thumb Code     0  startup_stm32f303xc.o(.text)
    TIM3_IRQHandler                          0x08000267   Thumb Code     0  startup_stm32f303xc.o(.text)
    TIM4_IRQHandler                          0x08000267   Thumb Code     0  startup_stm32f303xc.o(.text)
    TIM6_DAC_IRQHandler                      0x08000267   Thumb Code     0  startup_stm32f303xc.o(.text)
    TIM7_IRQHandler                          0x08000267   Thumb Code     0  startup_stm32f303xc.o(.text)
    TIM8_BRK_IRQHandler                      0x08000267   Thumb Code     0  startup_stm32f303xc.o(.text)
    TIM8_CC_IRQHandler                       0x08000267   Thumb Code     0  startup_stm32f303xc.o(.text)
    TIM8_TRG_COM_IRQHandler                  0x08000267   Thumb Code     0  startup_stm32f303xc.o(.text)
    TIM8_UP_IRQHandler                       0x08000267   Thumb Code     0  startup_stm32f303xc.o(.text)
    UART4_IRQHandler                         0x08000267   Thumb Code     0  startup_stm32f303xc.o(.text)
    UART5_IRQHandler                         0x08000267   Thumb Code     0  startup_stm32f303xc.o(.text)
    USART1_IRQHandler                        0x08000267   Thumb Code     0  startup_stm32f303xc.o(.text)
    USART3_IRQHandler                        0x08000267   Thumb Code     0  startup_stm32f303xc.o(.text)
    USBWakeUp_IRQHandler                     0x08000267   Thumb Code     0  startup_stm32f303xc.o(.text)
    USBWakeUp_RMP_IRQHandler                 0x08000267   Thumb Code     0  startup_stm32f303xc.o(.text)
    USB_HP_CAN_TX_IRQHandler                 0x08000267   Thumb Code     0  startup_stm32f303xc.o(.text)
    USB_HP_IRQHandler                        0x08000267   Thumb Code     0  startup_stm32f303xc.o(.text)
    USB_LP_IRQHandler                        0x08000267   Thumb Code     0  startup_stm32f303xc.o(.text)
    WWDG_IRQHandler                          0x08000267   Thumb Code     0  startup_stm32f303xc.o(.text)
    __aeabi_memcpy                           0x08000271   Thumb Code    36  memcpya.o(.text)
    __aeabi_memcpy4                          0x08000271   Thumb Code     0  memcpya.o(.text)
    __aeabi_memcpy8                          0x08000271   Thumb Code     0  memcpya.o(.text)
    __aeabi_memset                           0x08000295   Thumb Code    14  memseta.o(.text)
    __aeabi_memset4                          0x08000295   Thumb Code     0  memseta.o(.text)
    __aeabi_memset8                          0x08000295   Thumb Code     0  memseta.o(.text)
    __aeabi_memclr                           0x080002a3   Thumb Code     4  memseta.o(.text)
    __aeabi_memclr4                          0x080002a3   Thumb Code     0  memseta.o(.text)
    __aeabi_memclr8                          0x080002a3   Thumb Code     0  memseta.o(.text)
    _memset$wrapper                          0x080002a7   Thumb Code    18  memseta.o(.text)
    __scatterload                            0x080002b9   Thumb Code    28  init.o(.text)
    __scatterload_rt2                        0x080002b9   Thumb Code     0  init.o(.text)
    __decompress                             0x080002dd   Thumb Code     0  __dczerorl2.o(.text)
    __decompress1                            0x080002dd   Thumb Code    86  __dczerorl2.o(.text)
    BSP_LED_Init                             0x08000335   Thumb Code   202  stm32f3_discovery.o(i.BSP_LED_Init)
    BSP_LED_Off                              0x0800040d   Thumb Code    24  stm32f3_discovery.o(i.BSP_LED_Off)
    BSP_LED_On                               0x0800042d   Thumb Code    24  stm32f3_discovery.o(i.BSP_LED_On)
    CDC_Transmit_FS                          0x080004e9   Thumb Code    34  usbd_cdc_if.o(i.CDC_Transmit_FS)
    CmdParserTask                            0x08000511   Thumb Code   270  cmd_parser.o(i.CmdParserTask)
    CommTask                                 0x08000671   Thumb Code   194  comms.o(i.CommTask)
    HAL_GPIO_Init                            0x0800073d   Thumb Code   428  stm32f3xx_hal_gpio.o(i.HAL_GPIO_Init)
    HAL_GPIO_WritePin                        0x08000909   Thumb Code    10  stm32f3xx_hal_gpio.o(i.HAL_GPIO_WritePin)
    HAL_GetHalVersion                        0x08000915   Thumb Code     4  stm32f3xx_hal.o(i.HAL_GetHalVersion)
    HAL_GetTick                              0x0800091d   Thumb Code     6  stm32f3xx_hal.o(i.HAL_GetTick)
    HAL_IncTick                              0x08000929   Thumb Code    12  stm32f3xx_hal.o(i.HAL_IncTick)
    HAL_Init                                 0x08000939   Thumb Code    34  stm32f3xx_hal.o(i.HAL_Init)
    HAL_InitTick                             0x08000961   Thumb Code    36  stm32f3xx_hal.o(i.HAL_InitTick)
    HAL_MspInit                              0x08000985   Thumb Code    20  stm32f3xx_hal_msp.o(i.HAL_MspInit)
    HAL_NVIC_ClearPendingIRQ                 0x08000999   Thumb Code    22  stm32f3xx_hal_cortex.o(i.HAL_NVIC_ClearPendingIRQ)
    HAL_NVIC_EnableIRQ                       0x080009b5   Thumb Code    26  stm32f3xx_hal_cortex.o(i.HAL_NVIC_EnableIRQ)
    HAL_NVIC_SetPriority                     0x080009cf   Thumb Code   124  stm32f3xx_hal_cortex.o(i.HAL_NVIC_SetPriority)
    HAL_NVIC_SetPriorityGrouping             0x08000a4d   Thumb Code    32  stm32f3xx_hal_cortex.o(i.HAL_NVIC_SetPriorityGrouping)
    HAL_PCDEx_PMAConfig                      0x08000a75   Thumb Code    68  stm32f3xx_hal_pcd_ex.o(i.HAL_PCDEx_PMAConfig)
    HAL_PCD_DataInStageCallback              0x08000ab9   Thumb Code    32  usbd_conf.o(i.HAL_PCD_DataInStageCallback)
    HAL_PCD_DataOutStageCallback             0x08000ad9   Thumb Code    32  usbd_conf.o(i.HAL_PCD_DataOutStageCallback)
    HAL_PCD_EP_Close                         0x08000af9   Thumb Code   690  stm32f3xx_hal_pcd.o(i.HAL_PCD_EP_Close)
    HAL_PCD_EP_ClrStall                      0x08000dab   Thumb Code   288  stm32f3xx_hal_pcd.o(i.HAL_PCD_EP_ClrStall)
    HAL_PCD_EP_GetRxCount                    0x08000ecb   Thumb Code    24  stm32f3xx_hal_pcd.o(i.HAL_PCD_EP_GetRxCount)
    HAL_PCD_EP_Open                          0x08000ee3   Thumb Code  1312  stm32f3xx_hal_pcd.o(i.HAL_PCD_EP_Open)
    HAL_PCD_EP_Receive                       0x08001403   Thumb Code   348  stm32f3xx_hal_pcd.o(i.HAL_PCD_EP_Receive)
    HAL_PCD_EP_SetStall                      0x0800155f   Thumb Code   234  stm32f3xx_hal_pcd.o(i.HAL_PCD_EP_SetStall)
    HAL_PCD_EP_Transmit                      0x08001649   Thumb Code   430  stm32f3xx_hal_pcd.o(i.HAL_PCD_EP_Transmit)
    HAL_PCD_IRQHandler                       0x080017f7   Thumb Code   314  stm32f3xx_hal_pcd.o(i.HAL_PCD_IRQHandler)
    HAL_PCD_Init                             0x08001931   Thumb Code   264  stm32f3xx_hal_pcd.o(i.HAL_PCD_Init)
    HAL_PCD_MspInit                          0x08001a39   Thumb Code    76  usbd_conf.o(i.HAL_PCD_MspInit)
    HAL_PCD_ResetCallback                    0x08001a8d   Thumb Code    42  usbd_conf.o(i.HAL_PCD_ResetCallback)
    HAL_PCD_ResumeCallback                   0x08001ab9   Thumb Code    46  usbd_conf.o(i.HAL_PCD_ResumeCallback)
    HAL_PCD_SOFCallback                      0x08001af1   Thumb Code    14  usbd_conf.o(i.HAL_PCD_SOFCallback)
    HAL_PCD_SetAddress                       0x08001aff   Thumb Code    54  stm32f3xx_hal_pcd.o(i.HAL_PCD_SetAddress)
    HAL_PCD_SetupStageCallback               0x08001b35   Thumb Code    18  usbd_conf.o(i.HAL_PCD_SetupStageCallback)
    HAL_PCD_Start                            0x08001b47   Thumb Code    16  stm32f3xx_hal_pcd.o(i.HAL_PCD_Start)
    HAL_PCD_SuspendCallback                  0x08001b59   Thumb Code    30  usbd_conf.o(i.HAL_PCD_SuspendCallback)
    HAL_RCCEx_PeriphCLKConfig                0x08001b7d   Thumb Code   606  stm32f3xx_hal_rcc_ex.o(i.HAL_RCCEx_PeriphCLKConfig)
    HAL_RCC_ClockConfig                      0x08001de9   Thumb Code  1072  stm32f3xx_hal_rcc.o(i.HAL_RCC_ClockConfig)
    HAL_RCC_GetHCLKFreq                      0x0800221d   Thumb Code    42  stm32f3xx_hal_rcc.o(i.HAL_RCC_GetHCLKFreq)
    HAL_RCC_GetPCLK1Freq                     0x08002255   Thumb Code    36  stm32f3xx_hal_rcc.o(i.HAL_RCC_GetPCLK1Freq)
    HAL_RCC_GetPCLK2Freq                     0x08002281   Thumb Code    36  stm32f3xx_hal_rcc.o(i.HAL_RCC_GetPCLK2Freq)
    HAL_RCC_GetSysClockFreq                  0x080022ad   Thumb Code   120  stm32f3xx_hal_rcc_ex.o(i.HAL_RCC_GetSysClockFreq)
    HAL_RCC_OscConfig                        0x08002339   Thumb Code  2110  stm32f3xx_hal_rcc_ex.o(i.HAL_RCC_OscConfig)
    HAL_SYSTICK_Config                       0x08002b7d   Thumb Code    52  stm32f3xx_hal_cortex.o(i.HAL_SYSTICK_Config)
    HAL_UART_Init                            0x08002bb1   Thumb Code   114  stm32f3xx_hal_uart.o(i.HAL_UART_Init)
    HAL_UART_MspInit                         0x08002c25   Thumb Code    88  usart.o(i.HAL_UART_MspInit)
    LED_Off                                  0x08002c85   Thumb Code    10  gpio.o(i.LED_Off)
    LED_On                                   0x08002c8f   Thumb Code    10  gpio.o(i.LED_On)
    MX_DMA_Init                              0x08002c99   Thumb Code    24  dma.o(i.MX_DMA_Init)
    MX_GPIO_Init                             0x08002cb5   Thumb Code   194  gpio.o(i.MX_GPIO_Init)
    MX_USART2_UART_Init                      0x08002d89   Thumb Code    40  usart.o(i.MX_USART2_UART_Init)
    MX_USB_DEVICE_Init                       0x08002db9   Thumb Code    36  usb_device.o(i.MX_USB_DEVICE_Init)
    PCD_ReadPMA                              0x0800326d   Thumb Code    36  stm32f3xx_hal_pcd_ex.o(i.PCD_ReadPMA)
    PCD_WritePMA                             0x08003291   Thumb Code    58  stm32f3xx_hal_pcd_ex.o(i.PCD_WritePMA)
    SysTick_Handler                          0x080032e5   Thumb Code    18  stm32f3xx_it.o(i.SysTick_Handler)
    SystemClock_Config                       0x08003301   Thumb Code   104  clock.o(i.SystemClock_Config)
    SystemInit                               0x08003371   Thumb Code   104  system_stm32f3xx.o(i.SystemInit)
    UART_AdvFeatureConfig                    0x080033ed   Thumb Code   234  stm32f3xx_hal_uart.o(i.UART_AdvFeatureConfig)
    UART_CheckIdleState                      0x080034d7   Thumb Code    94  stm32f3xx_hal_uart.o(i.UART_CheckIdleState)
    UART_SetConfig                           0x08003535   Thumb Code   644  stm32f3xx_hal_uart.o(i.UART_SetConfig)
    UART_WaitOnFlagUntilTimeout              0x080037d9   Thumb Code   246  stm32f3xx_hal_uart.o(i.UART_WaitOnFlagUntilTimeout)
    UARTsendBuff                             0x080038cf   Thumb Code    26  usart.o(i.UARTsendBuff)
    UARTsendChar                             0x080038e9   Thumb Code    22  usart.o(i.UARTsendChar)
    USART2_IRQHandler                        0x08003905   Thumb Code    22  stm32f3xx_it.o(i.USART2_IRQHandler)
    USBD_CDC_GetDeviceQualifierDescriptor    0x080039e1   Thumb Code    10  usbd_cdc.o(i.USBD_CDC_GetDeviceQualifierDescriptor)
    USBD_CDC_RegisterInterface               0x08003ac7   Thumb Code    14  usbd_cdc.o(i.USBD_CDC_RegisterInterface)
    USBD_CDC_SetRxBuffer                     0x08003ad5   Thumb Code    14  usbd_cdc.o(i.USBD_CDC_SetRxBuffer)
    USBD_CDC_SetTxBuffer                     0x08003ae3   Thumb Code    20  usbd_cdc.o(i.USBD_CDC_SetTxBuffer)
    USBD_CDC_TransmitPacket                  0x08003b61   Thumb Code    56  usbd_cdc.o(i.USBD_CDC_TransmitPacket)
    USBD_ClrClassConfig                      0x08003b99   Thumb Code    22  usbd_core.o(i.USBD_ClrClassConfig)
    USBD_CtlContinueRx                       0x08003bf3   Thumb Code    24  usbd_ioreq.o(i.USBD_CtlContinueRx)
    USBD_CtlContinueSendData                 0x08003c0b   Thumb Code    24  usbd_ioreq.o(i.USBD_CtlContinueSendData)
    USBD_CtlError                            0x08003c23   Thumb Code    24  usbd_ctlreq.o(i.USBD_CtlError)
    USBD_CtlPrepareRx                        0x08003c3b   Thumb Code    40  usbd_ioreq.o(i.USBD_CtlPrepareRx)
    USBD_CtlReceiveStatus                    0x08003c63   Thumb Code    26  usbd_ioreq.o(i.USBD_CtlReceiveStatus)
    USBD_CtlSendData                         0x08003c7d   Thumb Code    34  usbd_ioreq.o(i.USBD_CtlSendData)
    USBD_CtlSendStatus                       0x08003c9f   Thumb Code    26  usbd_ioreq.o(i.USBD_CtlSendStatus)
    USBD_FS_ConfigStrDescriptor              0x08003cb9   Thumb Code    34  usbd_desc.o(i.USBD_FS_ConfigStrDescriptor)
    USBD_FS_DeviceDescriptor                 0x08003ced   Thumb Code    10  usbd_desc.o(i.USBD_FS_DeviceDescriptor)
    USBD_FS_InterfaceStrDescriptor           0x08003cfd   Thumb Code    34  usbd_desc.o(i.USBD_FS_InterfaceStrDescriptor)
    USBD_FS_LangIDStrDescriptor              0x08003d35   Thumb Code    10  usbd_desc.o(i.USBD_FS_LangIDStrDescriptor)
    USBD_FS_ManufacturerStrDescriptor        0x08003d45   Thumb Code    20  usbd_desc.o(i.USBD_FS_ManufacturerStrDescriptor)
    USBD_FS_ProductStrDescriptor             0x08003d71   Thumb Code    34  usbd_desc.o(i.USBD_FS_ProductStrDescriptor)
    USBD_FS_SerialStrDescriptor              0x08003db1   Thumb Code    34  usbd_desc.o(i.USBD_FS_SerialStrDescriptor)
    USBD_GetString                           0x08003fd9   Thumb Code    82  usbd_ctlreq.o(i.USBD_GetString)
    USBD_Init                                0x0800402b   Thumb Code    50  usbd_core.o(i.USBD_Init)
    USBD_LL_ClearStallEP                     0x0800405d   Thumb Code    20  usbd_conf.o(i.USBD_LL_ClearStallEP)
    USBD_LL_CloseEP                          0x08004071   Thumb Code    20  usbd_conf.o(i.USBD_LL_CloseEP)
    USBD_LL_DataInStage                      0x08004085   Thumb Code   194  usbd_core.o(i.USBD_LL_DataInStage)
    USBD_LL_DataOutStage                     0x08004147   Thumb Code   134  usbd_core.o(i.USBD_LL_DataOutStage)
    USBD_LL_GetRxDataSize                    0x080041cd   Thumb Code    18  usbd_conf.o(i.USBD_LL_GetRxDataSize)
    USBD_LL_Init                             0x080041e1   Thumb Code   124  usbd_conf.o(i.USBD_LL_Init)
    USBD_LL_IsStallEP                        0x08004265   Thumb Code    56  usbd_conf.o(i.USBD_LL_IsStallEP)
    USBD_LL_OpenEP                           0x0800429d   Thumb Code    32  usbd_conf.o(i.USBD_LL_OpenEP)
    USBD_LL_PrepareReceive                   0x080042bd   Thumb Code    32  usbd_conf.o(i.USBD_LL_PrepareReceive)
    USBD_LL_Reset                            0x080042dd   Thumb Code    68  usbd_core.o(i.USBD_LL_Reset)
    USBD_LL_Resume                           0x08004321   Thumb Code    14  usbd_core.o(i.USBD_LL_Resume)
    USBD_LL_SOF                              0x0800432f   Thumb Code    34  usbd_core.o(i.USBD_LL_SOF)
    USBD_LL_SetSpeed                         0x08004351   Thumb Code     8  usbd_core.o(i.USBD_LL_SetSpeed)
    USBD_LL_SetUSBAddress                    0x08004359   Thumb Code    20  usbd_conf.o(i.USBD_LL_SetUSBAddress)
    USBD_LL_SetupStage                       0x0800436d   Thumb Code   110  usbd_core.o(i.USBD_LL_SetupStage)
    USBD_LL_StallEP                          0x080043db   Thumb Code    20  usbd_conf.o(i.USBD_LL_StallEP)
    USBD_LL_Start                            0x080043ef   Thumb Code    16  usbd_conf.o(i.USBD_LL_Start)
    USBD_LL_Suspend                          0x080043ff   Thumb Code    20  usbd_core.o(i.USBD_LL_Suspend)
    USBD_LL_Transmit                         0x08004413   Thumb Code    32  usbd_conf.o(i.USBD_LL_Transmit)
    USBD_ParseSetupRequest                   0x08004433   Thumb Code    40  usbd_ctlreq.o(i.USBD_ParseSetupRequest)
    USBD_RegisterClass                       0x0800445b   Thumb Code    16  usbd_core.o(i.USBD_RegisterClass)
    USBD_RunTestMode                         0x0800446b   Thumb Code     6  usbd_core.o(i.USBD_RunTestMode)
    USBD_SetClassConfig                      0x080044c5   Thumb Code    34  usbd_core.o(i.USBD_SetClassConfig)
    USBD_Start                               0x080045ed   Thumb Code    14  usbd_core.o(i.USBD_Start)
    USBD_StdDevReq                           0x080045fb   Thumb Code   114  usbd_ctlreq.o(i.USBD_StdDevReq)
    USBD_StdEPReq                            0x0800466d   Thumb Code   316  usbd_ctlreq.o(i.USBD_StdEPReq)
    USBD_StdItfReq                           0x080047a9   Thumb Code    74  usbd_ctlreq.o(i.USBD_StdItfReq)
    USBD_static_free                         0x080047f3   Thumb Code     2  usbd_conf.o(i.USBD_static_free)
    USBD_static_malloc                       0x080047f5   Thumb Code     6  usbd_conf.o(i.USBD_static_malloc)
    USB_LP_CAN_RX0_IRQHandler                0x08004801   Thumb Code    16  stm32f3xx_it.o(i.USB_LP_CAN_RX0_IRQHandler)
    __scatterload_copy                       0x08004815   Thumb Code    14  handlers.o(i.__scatterload_copy)
    __scatterload_null                       0x08004823   Thumb Code     2  handlers.o(i.__scatterload_null)
    __scatterload_zeroinit                   0x08004825   Thumb Code    14  handlers.o(i.__scatterload_zeroinit)
    commBufferReadByte                       0x08004835   Thumb Code    92  comms.o(i.commBufferReadByte)
    commBufferReadNBytes                     0x08004895   Thumb Code    38  comms.o(i.commBufferReadNBytes)
    commBufferStoreByte                      0x080048bd   Thumb Code    90  comms.o(i.commBufferStoreByte)
    commInputByte                            0x0800491d   Thumb Code    44  comms.o(i.commInputByte)
    commsInit                                0x0800495d   Thumb Code    32  comms.o(i.commsInit)
    commsRecieveUART                         0x08004985   Thumb Code    22  comms_hal.o(i.commsRecieveUART)
    commsRecieveUSB                          0x080049a1   Thumb Code    22  comms_hal.o(i.commsRecieveUSB)
    commsSend                                0x080049bd   Thumb Code    42  comms_hal.o(i.commsSend)
    commsSendBuff                            0x080049ed   Thumb Code    46  comms_hal.o(i.commsSendBuff)
    commsSendString                          0x08004a21   Thumb Code    60  comms_hal.o(i.commsSendString)
    commsSendUint32                          0x08004a61   Thumb Code    38  comms_hal.o(i.commsSendUint32)
    giveNextCmd                              0x08004a89   Thumb Code    56  cmd_parser.o(i.giveNextCmd)
    main                                     0x08004ac9   Thumb Code    96  main.o(i.main)
    osDelay                                  0x08004b3b   Thumb Code    24  cmsis_os.o(i.osDelay)
    osKernelStart                            0x08004b53   Thumb Code    24  cmsis_os.o(i.osKernelStart)
    osThreadCreate                           0x08004b6b   Thumb Code    50  cmsis_os.o(i.osThreadCreate)
    parseCommsCmd                            0x08004b9d   Thumb Code    66  cmd_parser.o(i.parseCommsCmd)
    parseSystemCmd                           0x08004c09   Thumb Code    66  cmd_parser.o(i.parseSystemCmd)
    printErrResponse                         0x08004c75   Thumb Code   112  cmd_parser.o(i.printErrResponse)
    pvPortMalloc                             0x08005089   Thumb Code   166  heap_2.o(i.pvPortMalloc)
    pxPortInitialiseStack                    0x08005141   Thumb Code    34  port.o(i.pxPortInitialiseStack)
    sendCommsConf                            0x08005169   Thumb Code    56  comms.o(i.sendCommsConf)
    sendSystConf                             0x080051d1   Thumb Code    36  comms.o(i.sendSystConf)
    sendSystemVersion                        0x08005209   Thumb Code   118  comms.o(i.sendSystemVersion)
    uxListRemove                             0x080052c5   Thumb Code    40  list.o(i.uxListRemove)
    vApplicationStackOverflowHook            0x080052ed   Thumb Code     2  freertos.o(i.vApplicationStackOverflowHook)
    vListInitialise                          0x080052ef   Thumb Code    26  list.o(i.vListInitialise)
    vListInitialiseItem                      0x08005309   Thumb Code     6  list.o(i.vListInitialiseItem)
    vListInsert                              0x0800530f   Thumb Code    52  list.o(i.vListInsert)
    vListInsertEnd                           0x08005343   Thumb Code    24  list.o(i.vListInsertEnd)
    vPortEnterCritical                       0x0800535d   Thumb Code    26  port.o(i.vPortEnterCritical)
    vPortExitCritical                        0x0800537d   Thumb Code    26  port.o(i.vPortExitCritical)
    vPortFree                                0x0800539d   Thumb Code    56  heap_2.o(i.vPortFree)
    vPortSetupTimerInterrupt                 0x080053dd   Thumb Code    26  port.o(i.vPortSetupTimerInterrupt)
    vPortValidateInterruptPriority           0x080053fd   Thumb Code    78  port.o(i.vPortValidateInterruptPriority)
    vPortYield                               0x08005459   Thumb Code    18  port.o(i.vPortYield)
    vTaskDelay                               0x08005471   Thumb Code    48  tasks.o(i.vTaskDelay)
    vTaskMissedYield                         0x080054a9   Thumb Code     8  tasks.o(i.vTaskMissedYield)
    vTaskPlaceOnEventList                    0x080054b5   Thumb Code    70  tasks.o(i.vTaskPlaceOnEventList)
    vTaskPriorityDisinherit                  0x08005509   Thumb Code    70  tasks.o(i.vTaskPriorityDisinherit)
    vTaskPriorityInherit                     0x08005559   Thumb Code   118  tasks.o(i.vTaskPriorityInherit)
    vTaskSetTimeOutState                     0x080055dd   Thumb Code    28  tasks.o(i.vTaskSetTimeOutState)
    vTaskStartScheduler                      0x08005601   Thumb Code    64  tasks.o(i.vTaskStartScheduler)
    vTaskSuspendAll                          0x08005655   Thumb Code    12  tasks.o(i.vTaskSuspendAll)
    vTaskSwitchContext                       0x08005665   Thumb Code   150  tasks.o(i.vTaskSwitchContext)
    xPortStartScheduler                      0x08005711   Thumb Code   156  port.o(i.xPortStartScheduler)
    xPortSysTickHandler                      0x080057c5   Thumb Code    28  port.o(i.xPortSysTickHandler)
    xQueueCreateMutex                        0x080057e5   Thumb Code    86  queue.o(i.xQueueCreateMutex)
    xQueueGenericCreate                      0x0800583b   Thumb Code    92  queue.o(i.xQueueGenericCreate)
    xQueueGenericReceive                     0x08005897   Thumb Code   320  queue.o(i.xQueueGenericReceive)
    xQueueGenericReset                       0x080059d7   Thumb Code   120  queue.o(i.xQueueGenericReset)
    xQueueGenericSend                        0x08005a4f   Thumb Code   282  queue.o(i.xQueueGenericSend)
    xQueueGenericSendFromISR                 0x08005b69   Thumb Code   172  queue.o(i.xQueueGenericSendFromISR)
    xQueueGiveMutexRecursive                 0x08005c15   Thumb Code    58  queue.o(i.xQueueGiveMutexRecursive)
    xQueueTakeMutexRecursive                 0x08005c4f   Thumb Code    70  queue.o(i.xQueueTakeMutexRecursive)
    xTaskCheckForTimeOut                     0x08005c95   Thumb Code   108  tasks.o(i.xTaskCheckForTimeOut)
    xTaskGenericCreate                       0x08005d09   Thumb Code   286  tasks.o(i.xTaskGenericCreate)
    xTaskGetCurrentTaskHandle                0x08005e41   Thumb Code     6  tasks.o(i.xTaskGetCurrentTaskHandle)
    xTaskGetSchedulerState                   0x08005e4d   Thumb Code    24  tasks.o(i.xTaskGetSchedulerState)
    xTaskIncrementTick                       0x08005e6d   Thumb Code   306  tasks.o(i.xTaskIncrementTick)
    xTaskRemoveFromEventList                 0x08005fcd   Thumb Code   112  tasks.o(i.xTaskRemoveFromEventList)
    xTaskResumeAll                           0x08006055   Thumb Code   198  tasks.o(i.xTaskResumeAll)
    LED_PIN                                  0x08006178   Data          16  stm32f3_discovery.o(.constdata)
    BUTTON_PIN                               0x08006188   Data           2  stm32f3_discovery.o(.constdata)
    BUTTON_IRQn                              0x0800618a   Data           1  stm32f3_discovery.o(.constdata)
    APBAHBPrescTable                         0x0800618b   Data          16  stm32f3xx_hal_rcc.o(.constdata)
    PLLMULFactorTable                        0x0800619b   Data          16  stm32f3xx_hal_rcc_ex.o(.constdata)
    PredivFactorTable                        0x080061ab   Data          16  stm32f3xx_hal_rcc_ex.o(.constdata)
    Region$$Table$$Base                      0x080061e4   Number         0  anon$$obj.o(Region$$Table)
    Region$$Table$$Limit                     0x08006204   Number         0  anon$$obj.o(Region$$Table)
    hUsbDevice_0                             0x20000000   Data           4  usbd_cdc_if.o(.data)
    USBD_Interface_fops_FS                   0x20000004   Data          16  usbd_cdc_if.o(.data)
    FS_Desc                                  0x20000014   Data          28  usbd_desc.o(.data)
    USBD_FS_DeviceDesc                       0x20000030   Data          18  usbd_desc.o(.data)
    USBD_LangIDDesc                          0x20000044   Data           4  usbd_desc.o(.data)
    remotewakeupon                           0x20000048   Data           4  usbd_conf.o(.data)
    USBD_CDC                                 0x2000005c   Data          56  usbd_cdc.o(.data)
    USBD_CDC_CfgHSDesc                       0x20000094   Data          67  usbd_cdc.o(.data)
    USBD_CDC_CfgFSDesc                       0x200000d8   Data          67  usbd_cdc.o(.data)
    USBD_CDC_OtherSpeedCfgDesc               0x2000011c   Data          67  usbd_cdc.o(.data)
    LED_PORT                                 0x20000160   Data          32  stm32f3_discovery.o(.data)
    BUTTON_PORT                              0x20000180   Data           4  stm32f3_discovery.o(.data)
    SpixTimeout                              0x20000184   Data           4  stm32f3_discovery.o(.data)
    I2cxTimeout                              0x20000188   Data           4  stm32f3_discovery.o(.data)
    SystemCoreClock                          0x2000018c   Data           4  system_stm32f3xx.o(.data)
    AHBPrescTable                            0x20000190   Data          16  system_stm32f3xx.o(.data)
    pxCurrentTCB                             0x200001a4   Data           4  tasks.o(.data)
    cmdParserMessageQueue                    0x20000200   Data           4  cmd_parser.o(.data)
    messageQueue                             0x20000204   Data           4  comms.o(.data)
    UserRxBufferFS                           0x2000020c   Data         512  usbd_cdc_if.o(.bss)
    UserTxBufferFS                           0x2000040c   Data         512  usbd_cdc_if.o(.bss)
    hUsbDeviceFS                             0x2000060c   Data         548  usb_device.o(.bss)
    USBD_StrDesc                             0x20000830   Data         512  usbd_desc.o(.bss)
    hpcd_USB_FS                              0x20000a30   Data         544  usbd_conf.o(.bss)
    huart2                                   0x20001bf0   Data         108  usart.o(.bss)
    __initial_sp                             0x20004358   Data           0  startup_stm32f303xc.o(STACK)



==============================================================================

Memory Map of the image

  Image Entry point : 0x08000189

  Load Region LR_IROM1 (Base: 0x08000000, Size: 0x00006410, Max: 0x00040000, ABSOLUTE, COMPRESSED[0x000062e0])

    Execution Region ER_IROM1 (Base: 0x08000000, Size: 0x00006204, Max: 0x00040000, ABSOLUTE)

    Base Addr    Size         Type   Attr      Idx    E Section Name        Object

    0x08000000   0x00000188   Data   RO          972    RESET               startup_stm32f303xc.o
    0x08000188   0x00000000   Code   RO         6152  * .ARM.Collect$$$$00000000  mc_w.l(entry.o)
    0x08000188   0x00000004   Code   RO         6161    .ARM.Collect$$$$00000001  mc_w.l(entry2.o)
    0x0800018c   0x00000004   Code   RO         6164    .ARM.Collect$$$$00000004  mc_w.l(entry5.o)
    0x08000190   0x00000000   Code   RO         6166    .ARM.Collect$$$$00000008  mc_w.l(entry7b.o)
    0x08000190   0x00000000   Code   RO         6168    .ARM.Collect$$$$0000000A  mc_w.l(entry8b.o)
    0x08000190   0x00000008   Code   RO         6169    .ARM.Collect$$$$0000000B  mc_w.l(entry9a.o)
    0x08000198   0x00000000   Code   RO         6171    .ARM.Collect$$$$0000000D  mc_w.l(entry10a.o)
    0x08000198   0x00000000   Code   RO         6173    .ARM.Collect$$$$0000000F  mc_w.l(entry11a.o)
    0x08000198   0x00000004   Code   RO         6162    .ARM.Collect$$$$00002712  mc_w.l(entry2.o)
    0x0800019c   0x000000ae   Code   RO         5855    .emb_text           port.o
    0x0800024a   0x00000002   PAD
    0x0800024c   0x00000024   Code   RO          973    .text               startup_stm32f303xc.o
    0x08000270   0x00000024   Code   RO         6155    .text               mc_w.l(memcpya.o)
    0x08000294   0x00000024   Code   RO         6157    .text               mc_w.l(memseta.o)
    0x080002b8   0x00000024   Code   RO         6175    .text               mc_w.l(init.o)
    0x080002dc   0x00000056   Code   RO         6185    .text               mc_w.l(__dczerorl2.o)
    0x08000332   0x00000002   PAD
    0x08000334   0x000000d8   Code   RO         1362    i.BSP_LED_Init      stm32f3_discovery.o
    0x0800040c   0x00000020   Code   RO         1363    i.BSP_LED_Off       stm32f3_discovery.o
    0x0800042c   0x00000020   Code   RO         1364    i.BSP_LED_On        stm32f3_discovery.o
    0x0800044c   0x00000044   Code   RO          223    i.CDC_Control_FS    usbd_cdc_if.o
    0x08000490   0x00000004   Code   RO          224    i.CDC_DeInit_FS     usbd_cdc_if.o
    0x08000494   0x00000034   Code   RO          225    i.CDC_Init_FS       usbd_cdc_if.o
    0x080004c8   0x00000020   Code   RO          226    i.CDC_Receive_FS    usbd_cdc_if.o
    0x080004e8   0x00000028   Code   RO          227    i.CDC_Transmit_FS   usbd_cdc_if.o
    0x08000510   0x00000160   Code   RO         6002    i.CmdParserTask     cmd_parser.o
    0x08000670   0x000000cc   Code   RO         6055    i.CommTask          comms.o
    0x0800073c   0x000001cc   Code   RO         2477    i.HAL_GPIO_Init     stm32f3xx_hal_gpio.o
    0x08000908   0x0000000a   Code   RO         2481    i.HAL_GPIO_WritePin  stm32f3xx_hal_gpio.o
    0x08000912   0x00000002   PAD
    0x08000914   0x00000008   Code   RO         1547    i.HAL_GetHalVersion  stm32f3xx_hal.o
    0x0800091c   0x0000000c   Code   RO         1549    i.HAL_GetTick       stm32f3xx_hal.o
    0x08000928   0x00000010   Code   RO         1550    i.HAL_IncTick       stm32f3xx_hal.o
    0x08000938   0x00000028   Code   RO         1551    i.HAL_Init          stm32f3xx_hal.o
    0x08000960   0x00000024   Code   RO         1552    i.HAL_InitTick      stm32f3xx_hal.o
    0x08000984   0x00000014   Code   RO            3    i.HAL_MspInit       stm32f3xx_hal_msp.o
    0x08000998   0x0000001c   Code   RO         2039    i.HAL_NVIC_ClearPendingIRQ  stm32f3xx_hal_cortex.o
    0x080009b4   0x0000001a   Code   RO         2041    i.HAL_NVIC_EnableIRQ  stm32f3xx_hal_cortex.o
    0x080009ce   0x0000007c   Code   RO         2047    i.HAL_NVIC_SetPriority  stm32f3xx_hal_cortex.o
    0x08000a4a   0x00000002   PAD
    0x08000a4c   0x00000028   Code   RO         2048    i.HAL_NVIC_SetPriorityGrouping  stm32f3xx_hal_cortex.o
    0x08000a74   0x00000044   Code   RO         3260    i.HAL_PCDEx_PMAConfig  stm32f3xx_hal_pcd_ex.o
    0x08000ab8   0x00000020   Code   RO          526    i.HAL_PCD_DataInStageCallback  usbd_conf.o
    0x08000ad8   0x00000020   Code   RO          527    i.HAL_PCD_DataOutStageCallback  usbd_conf.o
    0x08000af8   0x000002b2   Code   RO         3058    i.HAL_PCD_EP_Close  stm32f3xx_hal_pcd.o
    0x08000daa   0x00000120   Code   RO         3059    i.HAL_PCD_EP_ClrStall  stm32f3xx_hal_pcd.o
    0x08000eca   0x00000018   Code   RO         3061    i.HAL_PCD_EP_GetRxCount  stm32f3xx_hal_pcd.o
    0x08000ee2   0x00000520   Code   RO         3062    i.HAL_PCD_EP_Open   stm32f3xx_hal_pcd.o
    0x08001402   0x0000015c   Code   RO         3063    i.HAL_PCD_EP_Receive  stm32f3xx_hal_pcd.o
    0x0800155e   0x000000ea   Code   RO         3064    i.HAL_PCD_EP_SetStall  stm32f3xx_hal_pcd.o
    0x08001648   0x000001ae   Code   RO         3065    i.HAL_PCD_EP_Transmit  stm32f3xx_hal_pcd.o
    0x080017f6   0x0000013a   Code   RO         3067    i.HAL_PCD_IRQHandler  stm32f3xx_hal_pcd.o
    0x08001930   0x00000108   Code   RO         3070    i.HAL_PCD_Init      stm32f3xx_hal_pcd.o
    0x08001a38   0x00000054   Code   RO          532    i.HAL_PCD_MspInit   usbd_conf.o
    0x08001a8c   0x0000002a   Code   RO          533    i.HAL_PCD_ResetCallback  usbd_conf.o
    0x08001ab6   0x00000002   PAD
    0x08001ab8   0x00000038   Code   RO          534    i.HAL_PCD_ResumeCallback  usbd_conf.o
    0x08001af0   0x0000000e   Code   RO          535    i.HAL_PCD_SOFCallback  usbd_conf.o
    0x08001afe   0x00000036   Code   RO         3076    i.HAL_PCD_SetAddress  stm32f3xx_hal_pcd.o
    0x08001b34   0x00000012   Code   RO          536    i.HAL_PCD_SetupStageCallback  usbd_conf.o
    0x08001b46   0x00000010   Code   RO         3078    i.HAL_PCD_Start     stm32f3xx_hal_pcd.o
    0x08001b56   0x00000002   PAD
    0x08001b58   0x00000024   Code   RO          537    i.HAL_PCD_SuspendCallback  usbd_conf.o
    0x08001b7c   0x0000026c   Code   RO         3400    i.HAL_RCCEx_PeriphCLKConfig  stm32f3xx_hal_rcc_ex.o
    0x08001de8   0x00000434   Code   RO         3299    i.HAL_RCC_ClockConfig  stm32f3xx_hal_rcc.o
    0x0800221c   0x00000038   Code   RO         3304    i.HAL_RCC_GetHCLKFreq  stm32f3xx_hal_rcc.o
    0x08002254   0x0000002c   Code   RO         3306    i.HAL_RCC_GetPCLK1Freq  stm32f3xx_hal_rcc.o
    0x08002280   0x0000002c   Code   RO         3307    i.HAL_RCC_GetPCLK2Freq  stm32f3xx_hal_rcc.o
    0x080022ac   0x0000008c   Code   RO         3402    i.HAL_RCC_GetSysClockFreq  stm32f3xx_hal_rcc_ex.o
    0x08002338   0x00000844   Code   RO         3403    i.HAL_RCC_OscConfig  stm32f3xx_hal_rcc_ex.o
    0x08002b7c   0x00000034   Code   RO         2052    i.HAL_SYSTICK_Config  stm32f3xx_hal_cortex.o
    0x08002bb0   0x00000072   Code   RO         4605    i.HAL_UART_Init     stm32f3xx_hal_uart.o
    0x08002c22   0x00000002   PAD
    0x08002c24   0x00000060   Code   RO          853    i.HAL_UART_MspInit  usart.o
    0x08002c84   0x0000000a   Code   RO          802    i.LED_Off           gpio.o
    0x08002c8e   0x0000000a   Code   RO          803    i.LED_On            gpio.o
    0x08002c98   0x0000001c   Code   RO          765    i.MX_DMA_Init       dma.o
    0x08002cb4   0x000000d4   Code   RO          805    i.MX_GPIO_Init      gpio.o
    0x08002d88   0x00000030   Code   RO          854    i.MX_USART2_UART_Init  usart.o
    0x08002db8   0x00000034   Code   RO          427    i.MX_USB_DEVICE_Init  usb_device.o
    0x08002dec   0x00000010   Code   RO         2054    i.NVIC_GetPriorityGrouping  stm32f3xx_hal_cortex.o
    0x08002dfc   0x00000028   Code   RO         2055    i.NVIC_SetPriority  stm32f3xx_hal_cortex.o
    0x08002e24   0x00000448   Code   RO         3081    i.PCD_EP_ISR_Handler  stm32f3xx_hal_pcd.o
    0x0800326c   0x00000024   Code   RO         3262    i.PCD_ReadPMA       stm32f3xx_hal_pcd_ex.o
    0x08003290   0x0000003a   Code   RO         3263    i.PCD_WritePMA      stm32f3xx_hal_pcd_ex.o
    0x080032ca   0x0000001a   Code   RO          336    i.StartThread       main.o
    0x080032e4   0x00000012   Code   RO          145    i.SysTick_Handler   stm32f3xx_it.o
    0x080032f6   0x00000008   Code   RO          538    i.SystemClockConfig_Resume  usbd_conf.o
    0x080032fe   0x00000002   PAD
    0x08003300   0x00000070   Code   RO          952    i.SystemClock_Config  clock.o
    0x08003370   0x0000007c   Code   RO         1510    i.SystemInit        system_stm32f3xx.o
    0x080033ec   0x000000ea   Code   RO         4619    i.UART_AdvFeatureConfig  stm32f3xx_hal_uart.o
    0x080034d6   0x0000005e   Code   RO         4620    i.UART_CheckIdleState  stm32f3xx_hal_uart.o
    0x08003534   0x000002a4   Code   RO         4628    i.UART_SetConfig    stm32f3xx_hal_uart.o
    0x080037d8   0x000000f6   Code   RO         4630    i.UART_WaitOnFlagUntilTimeout  stm32f3xx_hal_uart.o
    0x080038ce   0x0000001a   Code   RO          855    i.UARTsendBuff      usart.o
    0x080038e8   0x0000001c   Code   RO          856    i.UARTsendChar      usart.o
    0x08003904   0x0000001c   Code   RO          146    i.USART2_IRQHandler  stm32f3xx_it.o
    0x08003920   0x0000001a   Code   RO         1260    i.USBD_CDC_DataIn   usbd_cdc.o
    0x0800393a   0x00000034   Code   RO         1261    i.USBD_CDC_DataOut  usbd_cdc.o
    0x0800396e   0x00000040   Code   RO         1262    i.USBD_CDC_DeInit   usbd_cdc.o
    0x080039ae   0x00000032   Code   RO         1263    i.USBD_CDC_EP0_RxReady  usbd_cdc.o
    0x080039e0   0x00000010   Code   RO         1264    i.USBD_CDC_GetDeviceQualifierDescriptor  usbd_cdc.o
    0x080039f0   0x00000010   Code   RO         1265    i.USBD_CDC_GetFSCfgDesc  usbd_cdc.o
    0x08003a00   0x00000010   Code   RO         1266    i.USBD_CDC_GetHSCfgDesc  usbd_cdc.o
    0x08003a10   0x00000010   Code   RO         1267    i.USBD_CDC_GetOtherSpeedCfgDesc  usbd_cdc.o
    0x08003a20   0x000000a6   Code   RO         1268    i.USBD_CDC_Init     usbd_cdc.o
    0x08003ac6   0x0000000e   Code   RO         1270    i.USBD_CDC_RegisterInterface  usbd_cdc.o
    0x08003ad4   0x0000000e   Code   RO         1271    i.USBD_CDC_SetRxBuffer  usbd_cdc.o
    0x08003ae2   0x00000014   Code   RO         1272    i.USBD_CDC_SetTxBuffer  usbd_cdc.o
    0x08003af6   0x0000006a   Code   RO         1273    i.USBD_CDC_Setup    usbd_cdc.o
    0x08003b60   0x00000038   Code   RO         1274    i.USBD_CDC_TransmitPacket  usbd_cdc.o
    0x08003b98   0x00000016   Code   RO          979    i.USBD_ClrClassConfig  usbd_core.o
    0x08003bae   0x00000044   Code   RO         1113    i.USBD_ClrFeature   usbd_ctlreq.o
    0x08003bf2   0x00000018   Code   RO         1204    i.USBD_CtlContinueRx  usbd_ioreq.o
    0x08003c0a   0x00000018   Code   RO         1205    i.USBD_CtlContinueSendData  usbd_ioreq.o
    0x08003c22   0x00000018   Code   RO         1114    i.USBD_CtlError     usbd_ctlreq.o
    0x08003c3a   0x00000028   Code   RO         1206    i.USBD_CtlPrepareRx  usbd_ioreq.o
    0x08003c62   0x0000001a   Code   RO         1207    i.USBD_CtlReceiveStatus  usbd_ioreq.o
    0x08003c7c   0x00000022   Code   RO         1208    i.USBD_CtlSendData  usbd_ioreq.o
    0x08003c9e   0x0000001a   Code   RO         1209    i.USBD_CtlSendStatus  usbd_ioreq.o
    0x08003cb8   0x00000034   Code   RO          461    i.USBD_FS_ConfigStrDescriptor  usbd_desc.o
    0x08003cec   0x00000010   Code   RO          462    i.USBD_FS_DeviceDescriptor  usbd_desc.o
    0x08003cfc   0x00000038   Code   RO          463    i.USBD_FS_InterfaceStrDescriptor  usbd_desc.o
    0x08003d34   0x00000010   Code   RO          464    i.USBD_FS_LangIDStrDescriptor  usbd_desc.o
    0x08003d44   0x0000002c   Code   RO          465    i.USBD_FS_ManufacturerStrDescriptor  usbd_desc.o
    0x08003d70   0x00000040   Code   RO          466    i.USBD_FS_ProductStrDescriptor  usbd_desc.o
    0x08003db0   0x00000038   Code   RO          467    i.USBD_FS_SerialStrDescriptor  usbd_desc.o
    0x08003de8   0x00000050   Code   RO         1115    i.USBD_GetConfig    usbd_ctlreq.o
    0x08003e38   0x00000148   Code   RO         1116    i.USBD_GetDescriptor  usbd_ctlreq.o
    0x08003f80   0x00000014   Code   RO         1117    i.USBD_GetLen       usbd_ctlreq.o
    0x08003f94   0x00000044   Code   RO         1118    i.USBD_GetStatus    usbd_ctlreq.o
    0x08003fd8   0x00000052   Code   RO         1119    i.USBD_GetString    usbd_ctlreq.o
    0x0800402a   0x00000032   Code   RO          981    i.USBD_Init         usbd_core.o
    0x0800405c   0x00000014   Code   RO          539    i.USBD_LL_ClearStallEP  usbd_conf.o
    0x08004070   0x00000014   Code   RO          540    i.USBD_LL_CloseEP   usbd_conf.o
    0x08004084   0x000000c2   Code   RO          982    i.USBD_LL_DataInStage  usbd_core.o
    0x08004146   0x00000086   Code   RO          983    i.USBD_LL_DataOutStage  usbd_core.o
    0x080041cc   0x00000012   Code   RO          544    i.USBD_LL_GetRxDataSize  usbd_conf.o
    0x080041de   0x00000002   PAD
    0x080041e0   0x00000084   Code   RO          545    i.USBD_LL_Init      usbd_conf.o
    0x08004264   0x00000038   Code   RO          546    i.USBD_LL_IsStallEP  usbd_conf.o
    0x0800429c   0x00000020   Code   RO          547    i.USBD_LL_OpenEP    usbd_conf.o
    0x080042bc   0x00000020   Code   RO          548    i.USBD_LL_PrepareReceive  usbd_conf.o
    0x080042dc   0x00000044   Code   RO          988    i.USBD_LL_Reset     usbd_core.o
    0x08004320   0x0000000e   Code   RO          989    i.USBD_LL_Resume    usbd_core.o
    0x0800432e   0x00000022   Code   RO          990    i.USBD_LL_SOF       usbd_core.o
    0x08004350   0x00000008   Code   RO          991    i.USBD_LL_SetSpeed  usbd_core.o
    0x08004358   0x00000014   Code   RO          549    i.USBD_LL_SetUSBAddress  usbd_conf.o
    0x0800436c   0x0000006e   Code   RO          992    i.USBD_LL_SetupStage  usbd_core.o
    0x080043da   0x00000014   Code   RO          550    i.USBD_LL_StallEP   usbd_conf.o
    0x080043ee   0x00000010   Code   RO          551    i.USBD_LL_Start     usbd_conf.o
    0x080043fe   0x00000014   Code   RO          993    i.USBD_LL_Suspend   usbd_core.o
    0x08004412   0x00000020   Code   RO          553    i.USBD_LL_Transmit  usbd_conf.o
    0x08004432   0x00000028   Code   RO         1120    i.USBD_ParseSetupRequest  usbd_ctlreq.o
    0x0800445a   0x00000010   Code   RO          994    i.USBD_RegisterClass  usbd_core.o
    0x0800446a   0x00000006   Code   RO          995    i.USBD_RunTestMode  usbd_core.o
    0x08004470   0x00000054   Code   RO         1121    i.USBD_SetAddress   usbd_ctlreq.o
    0x080044c4   0x00000022   Code   RO          996    i.USBD_SetClassConfig  usbd_core.o
    0x080044e6   0x00000002   PAD
    0x080044e8   0x000000e0   Code   RO         1122    i.USBD_SetConfig    usbd_ctlreq.o
    0x080045c8   0x00000024   Code   RO         1123    i.USBD_SetFeature   usbd_ctlreq.o
    0x080045ec   0x0000000e   Code   RO          997    i.USBD_Start        usbd_core.o
    0x080045fa   0x00000072   Code   RO         1124    i.USBD_StdDevReq    usbd_ctlreq.o
    0x0800466c   0x0000013c   Code   RO         1125    i.USBD_StdEPReq     usbd_ctlreq.o
    0x080047a8   0x0000004a   Code   RO         1126    i.USBD_StdItfReq    usbd_ctlreq.o
    0x080047f2   0x00000002   Code   RO          554    i.USBD_static_free  usbd_conf.o
    0x080047f4   0x0000000c   Code   RO          555    i.USBD_static_malloc  usbd_conf.o
    0x08004800   0x00000014   Code   RO          147    i.USB_LP_CAN_RX0_IRQHandler  stm32f3xx_it.o
    0x08004814   0x0000000e   Code   RO         6179    i.__scatterload_copy  mc_w.l(handlers.o)
    0x08004822   0x00000002   Code   RO         6180    i.__scatterload_null  mc_w.l(handlers.o)
    0x08004824   0x0000000e   Code   RO         6181    i.__scatterload_zeroinit  mc_w.l(handlers.o)
    0x08004832   0x00000002   PAD
    0x08004834   0x00000060   Code   RO         6058    i.commBufferReadByte  comms.o
    0x08004894   0x00000026   Code   RO         6059    i.commBufferReadNBytes  comms.o
    0x080048ba   0x00000002   PAD
    0x080048bc   0x00000060   Code   RO         6060    i.commBufferStoreByte  comms.o
    0x0800491c   0x00000040   Code   RO         6061    i.commInputByte     comms.o
    0x0800495c   0x00000028   Code   RO         6062    i.commsInit         comms.o
    0x08004984   0x0000001c   Code   RO          902    i.commsRecieveUART  comms_hal.o
    0x080049a0   0x0000001c   Code   RO          903    i.commsRecieveUSB   comms_hal.o
    0x080049bc   0x00000030   Code   RO          904    i.commsSend         comms_hal.o
    0x080049ec   0x00000034   Code   RO          905    i.commsSendBuff     comms_hal.o
    0x08004a20   0x00000040   Code   RO          906    i.commsSendString   comms_hal.o
    0x08004a60   0x00000026   Code   RO          907    i.commsSendUint32   comms_hal.o
    0x08004a86   0x00000002   PAD
    0x08004a88   0x00000040   Code   RO         6003    i.giveNextCmd       cmd_parser.o
    0x08004ac8   0x00000064   Code   RO          337    i.main              main.o
    0x08004b2c   0x0000000e   Code   RO         5506    i.makeFreeRtosPriority  cmsis_os.o
    0x08004b3a   0x00000018   Code   RO         5507    i.osDelay           cmsis_os.o
    0x08004b52   0x00000018   Code   RO         5510    i.osKernelStart     cmsis_os.o
    0x08004b6a   0x00000032   Code   RO         5537    i.osThreadCreate    cmsis_os.o
    0x08004b9c   0x0000006c   Code   RO         6004    i.parseCommsCmd     cmd_parser.o
    0x08004c08   0x0000006c   Code   RO         6005    i.parseSystemCmd    cmd_parser.o
    0x08004c74   0x00000080   Code   RO         6006    i.printErrResponse  cmd_parser.o
    0x08004cf4   0x00000054   Code   RO         5080    i.prvAddCurrentTaskToDelayedList  tasks.o
    0x08004d48   0x0000003a   Code   RO         5081    i.prvAllocateTCBAndStack  tasks.o
    0x08004d82   0x00000002   PAD
    0x08004d84   0x00000064   Code   RO         5082    i.prvCheckTasksWaitingTermination  tasks.o
    0x08004de8   0x0000002a   Code   RO         5339    i.prvCopyDataFromQueue  queue.o
    0x08004e12   0x00000076   Code   RO         5340    i.prvCopyDataToQueue  queue.o
    0x08004e88   0x00000012   Code   RO         5083    i.prvDeleteTCB      tasks.o
    0x08004e9a   0x00000002   PAD
    0x08004e9c   0x00000038   Code   RO         5962    i.prvHeapInit       heap_2.o
    0x08004ed4   0x00000018   Code   RO         5084    i.prvIdleTask       tasks.o
    0x08004eec   0x00000056   Code   RO         5085    i.prvInitialiseTCBVariables  tasks.o
    0x08004f42   0x00000002   PAD
    0x08004f44   0x00000068   Code   RO         5086    i.prvInitialiseTaskLists  tasks.o
    0x08004fac   0x0000001a   Code   RO         5341    i.prvIsQueueEmpty   queue.o
    0x08004fc6   0x0000001e   Code   RO         5342    i.prvIsQueueFull    queue.o
    0x08004fe4   0x00000024   Code   RO         5856    i.prvTaskExitError  port.o
    0x08005008   0x0000007e   Code   RO         5343    i.prvUnlockQueue    queue.o
    0x08005086   0x00000002   PAD
    0x08005088   0x000000b8   Code   RO         5963    i.pvPortMalloc      heap_2.o
    0x08005140   0x00000028   Code   RO         5857    i.pxPortInitialiseStack  port.o
    0x08005168   0x00000068   Code   RO         6064    i.sendCommsConf     comms.o
    0x080051d0   0x00000038   Code   RO         6065    i.sendSystConf      comms.o
    0x08005208   0x000000bc   Code   RO         6066    i.sendSystemVersion  comms.o
    0x080052c4   0x00000028   Code   RO         5926    i.uxListRemove      list.o
    0x080052ec   0x00000002   Code   RO          838    i.vApplicationStackOverflowHook  freertos.o
    0x080052ee   0x0000001a   Code   RO         5927    i.vListInitialise   list.o
    0x08005308   0x00000006   Code   RO         5928    i.vListInitialiseItem  list.o
    0x0800530e   0x00000034   Code   RO         5929    i.vListInsert       list.o
    0x08005342   0x00000018   Code   RO         5930    i.vListInsertEnd    list.o
    0x0800535a   0x00000002   PAD
    0x0800535c   0x00000020   Code   RO         5859    i.vPortEnterCritical  port.o
    0x0800537c   0x00000020   Code   RO         5860    i.vPortExitCritical  port.o
    0x0800539c   0x00000040   Code   RO         5964    i.vPortFree         heap_2.o
    0x080053dc   0x00000020   Code   RO         5861    i.vPortSetupTimerInterrupt  port.o
    0x080053fc   0x0000005c   Code   RO         5862    i.vPortValidateInterruptPriority  port.o
    0x08005458   0x00000018   Code   RO         5863    i.vPortYield        port.o
    0x08005470   0x00000038   Code   RO         5093    i.vTaskDelay        tasks.o
    0x080054a8   0x0000000c   Code   RO         5097    i.vTaskMissedYield  tasks.o
    0x080054b4   0x00000054   Code   RO         5098    i.vTaskPlaceOnEventList  tasks.o
    0x08005508   0x00000050   Code   RO         5099    i.vTaskPriorityDisinherit  tasks.o
    0x08005558   0x00000084   Code   RO         5100    i.vTaskPriorityInherit  tasks.o
    0x080055dc   0x00000024   Code   RO         5104    i.vTaskSetTimeOutState  tasks.o
    0x08005600   0x00000054   Code   RO         5105    i.vTaskStartScheduler  tasks.o
    0x08005654   0x00000010   Code   RO         5107    i.vTaskSuspendAll   tasks.o
    0x08005664   0x000000ac   Code   RO         5108    i.vTaskSwitchContext  tasks.o
    0x08005710   0x000000b4   Code   RO         5864    i.xPortStartScheduler  port.o
    0x080057c4   0x00000020   Code   RO         5865    i.xPortSysTickHandler  port.o
    0x080057e4   0x00000056   Code   RO         5354    i.xQueueCreateMutex  queue.o
    0x0800583a   0x0000005c   Code   RO         5355    i.xQueueGenericCreate  queue.o
    0x08005896   0x00000140   Code   RO         5356    i.xQueueGenericReceive  queue.o
    0x080059d6   0x00000078   Code   RO         5357    i.xQueueGenericReset  queue.o
    0x08005a4e   0x0000011a   Code   RO         5358    i.xQueueGenericSend  queue.o
    0x08005b68   0x000000ac   Code   RO         5359    i.xQueueGenericSendFromISR  queue.o
    0x08005c14   0x0000003a   Code   RO         5360    i.xQueueGiveMutexRecursive  queue.o
    0x08005c4e   0x00000046   Code   RO         5365    i.xQueueTakeMutexRecursive  queue.o
    0x08005c94   0x00000074   Code   RO         5109    i.xTaskCheckForTimeOut  tasks.o
    0x08005d08   0x00000138   Code   RO         5110    i.xTaskGenericCreate  tasks.o
    0x08005e40   0x0000000c   Code   RO         5111    i.xTaskGetCurrentTaskHandle  tasks.o
    0x08005e4c   0x00000020   Code   RO         5112    i.xTaskGetSchedulerState  tasks.o
    0x08005e6c   0x00000160   Code   RO         5115    i.xTaskIncrementTick  tasks.o
    0x08005fcc   0x00000088   Code   RO         5117    i.xTaskRemoveFromEventList  tasks.o
    0x08006054   0x000000e8   Code   RO         5118    i.xTaskResumeAll    tasks.o
    0x0800613c   0x0000003c   Data   RO          338    .constdata          main.o
    0x08006178   0x00000013   Data   RO         1385    .constdata          stm32f3_discovery.o
    0x0800618b   0x00000010   Data   RO         3312    .constdata          stm32f3xx_hal_rcc.o
    0x0800619b   0x00000020   Data   RO         3404    .constdata          stm32f3xx_hal_rcc_ex.o
    0x080061bb   0x00000001   PAD
    0x080061bc   0x00000026   Data   RO          339    .conststring        main.o
    0x080061e2   0x00000002   PAD
    0x080061e4   0x00000020   Data   RO         6177    Region$$Table       anon$$obj.o


    Execution Region RW_IRAM1 (Base: 0x20000000, Size: 0x00004358, Max: 0x0000c000, ABSOLUTE, COMPRESSED[0x000000dc])

    Base Addr    Size         Type   Attr      Idx    E Section Name        Object

    0x20000000   0x00000014   Data   RW          229    .data               usbd_cdc_if.o
    0x20000014   0x00000034   Data   RW          469    .data               usbd_desc.o
    0x20000048   0x00000004   Data   RW          557    .data               usbd_conf.o
    0x2000004c   0x00000001   Data   RW         1127    .data               usbd_ctlreq.o
    0x2000004d   0x00000003   PAD
    0x20000050   0x0000010f   Data   RW         1275    .data               usbd_cdc.o
    0x2000015f   0x00000001   PAD
    0x20000160   0x0000002c   Data   RW         1386    .data               stm32f3_discovery.o
    0x2000018c   0x00000014   Data   RW         1511    .data               system_stm32f3xx.o
    0x200001a0   0x00000004   Data   RW         1557    .data               stm32f3xx_hal.o
    0x200001a4   0x00000038   Data   RW         5121    .data               tasks.o
    0x200001dc   0x0000000c   Data   RW         5866    .data               port.o
    0x200001e8   0x00000018   Data   RW         5968    .data               heap_2.o
    0x20000200   0x00000004   Data   RW         6007    .data               cmd_parser.o
    0x20000204   0x00000008   Data   RW         6068    .data               comms.o
    0x2000020c   0x00000400   Zero   RW          228    .bss                usbd_cdc_if.o
    0x2000060c   0x00000224   Zero   RW          428    .bss                usb_device.o
    0x20000830   0x00000200   Zero   RW          468    .bss                usbd_desc.o
    0x20000a30   0x000011c0   Zero   RW          556    .bss                usbd_conf.o
    0x20001bf0   0x0000006c   Zero   RW          857    .bss                usart.o
    0x20001c5c   0x000000f0   Zero   RW         5120    .bss                tasks.o
    0x20001d4c   0x00002000   Zero   RW         5967    .bss                heap_2.o
    0x20003d4c   0x0000020c   Zero   RW         6067    .bss                comms.o
    0x20003f58   0x00000400   Zero   RW          970    STACK               startup_stm32f303xc.o


==============================================================================

Image component sizes


      Code (inc. data)   RO Data    RW Data    ZI Data      Debug   Object Name

       112          8          0          0          0        645   clock.o
       760        190          0          4          0       6738   cmd_parser.o
       112          0          0          0          0       7015   cmsis_os.o
       886        186          0          8        524       6423   comms.o
       258         28          0          0          0       3741   comms_hal.o
        28          4          0          0          0        422   dma.o
         2          0          0          0          0        556   freertos.o
       232         18          0          0          0       1490   gpio.o
       304         40          0         24       8192       3971   heap_2.o
       148          0          0          0          0       3562   list.o
       126          4         98          0          0       6371   main.o
       674         92          0         12          0       7138   port.o
      1542          0          0          0          0      12399   queue.o
        36          8        392          0       1024        924   startup_stm32f303xc.o
       280         30         19         44          0       3200   stm32f3_discovery.o
       112         20          0          4          0       3702   stm32f3xx_hal.o
       326         28          0          0          0      31414   stm32f3xx_hal_cortex.o
       470         32          0          0          0       2772   stm32f3xx_hal_gpio.o
        20          0          0          0          0     304458   stm32f3xx_hal_msp.o
      5070          0          0          0          0      12373   stm32f3xx_hal_pcd.o
       162          0          0          0          0       2823   stm32f3xx_hal_pcd_ex.o
      1220         44         16          0          0       3957   stm32f3xx_hal_rcc.o
      2876         70         32          0          0       4364   stm32f3xx_hal_rcc_ex.o
      1364         32          0          0          0       4537   stm32f3xx_hal_uart.o
        66         10          0          0          0      18754   stm32f3xx_it.o
       124         20          0         20          0       1345   system_stm32f3xx.o
      2338        330          0         56        240      21186   tasks.o
       198         22          0          0        108       2696   usart.o
        52         16          0          0        548        688   usb_device.o
       632         24          0        271          0      12369   usbd_cdc.o
       196         24          0         20       1024       9404   usbd_cdc_if.o
       734         38          0          4       4544      13489   usbd_conf.o
       724          0          0          0          0      10195   usbd_core.o
      1558         30          0          1          0      10784   usbd_ctlreq.o
       304        128          0         52        512       5283   usbd_desc.o
       174          0          0          0          0       4700   usbd_ioreq.o

    ----------------------------------------------------------------------
     24252       1476        592        524      16716     545888   Object Totals
         0          0         32          0          0          0   (incl. Generated)
        32          0          3          4          0          0   (incl. Padding)

    ----------------------------------------------------------------------

      Code (inc. data)   RO Data    RW Data    ZI Data      Debug   Library Member Name

        86          0          0          0          0          0   __dczerorl2.o
         0          0          0          0          0          0   entry.o
         0          0          0          0          0          0   entry10a.o
         0          0          0          0          0          0   entry11a.o
         8          4          0          0          0          0   entry2.o
         4          0          0          0          0          0   entry5.o
         0          0          0          0          0          0   entry7b.o
         0          0          0          0          0          0   entry8b.o
         8          4          0          0          0          0   entry9a.o
        30          0          0          0          0          0   handlers.o
        36          8          0          0          0         68   init.o
        36          0          0          0          0         68   memcpya.o
        36          0          0          0          0        108   memseta.o

    ----------------------------------------------------------------------
       248         16          0          0          0        244   Library Totals
         4          0          0          0          0          0   (incl. Padding)

    ----------------------------------------------------------------------

      Code (inc. data)   RO Data    RW Data    ZI Data      Debug   Library Name

       244         16          0          0          0        244   mc_w.l

    ----------------------------------------------------------------------
       248         16          0          0          0        244   Library Totals

    ----------------------------------------------------------------------

==============================================================================


      Code (inc. data)   RO Data    RW Data    ZI Data      Debug   

     24500       1492        592        524      16716     524664   Grand Totals
     24500       1492        592        220      16716     524664   ELF Image Totals (compressed)
     24500       1492        592        220          0          0   ROM Totals

==============================================================================

    Total RO  Size (Code + RO Data)                25092 (  24.50kB)
    Total RW  Size (RW Data + ZI Data)             17240 (  16.84kB)
    Total ROM Size (Code + RO Data + RW Data)      25312 (  24.72kB)

==============================================================================

