ARM Linker, 5.03 [Build 76] [MDK-ARM Standard]

==============================================================================

Section Cross References

    stm32f4xx_hal_msp.o(i.HAL_MspInit) refers to stm32f4xx_hal_cortex.o(i.HAL_NVIC_SetPriorityGrouping) for HAL_NVIC_SetPriorityGrouping
    stm32f4xx_hal_msp.o(i.HAL_MspInit) refers to stm32f4xx_hal_cortex.o(i.HAL_NVIC_SetPriority) for HAL_NVIC_SetPriority
    stm32f4xx_it.o(i.OTG_FS_IRQHandler) refers to stm32f4xx_hal_cortex.o(i.HAL_NVIC_ClearPendingIRQ) for HAL_NVIC_ClearPendingIRQ
    stm32f4xx_it.o(i.OTG_FS_IRQHandler) refers to stm32f4xx_hal_pcd.o(i.HAL_PCD_IRQHandler) for HAL_PCD_IRQHandler
    stm32f4xx_it.o(i.OTG_FS_IRQHandler) refers to usbd_conf.o(.bss) for hpcd_USB_OTG_FS
    stm32f4xx_it.o(i.SysTick_Handler) refers to tasks.o(i.xTaskGetSchedulerState) for xTaskGetSchedulerState
    stm32f4xx_it.o(i.SysTick_Handler) refers to port.o(i.xPortSysTickHandler) for xPortSysTickHandler
    stm32f4xx_it.o(i.SysTick_Handler) refers to stm32f4xx_hal.o(i.HAL_IncTick) for HAL_IncTick
    stm32f4xx_it.o(i.USART2_IRQHandler) refers to comms_hal.o(i.commsRecieveUART) for commsRecieveUART
    stm32f4xx_it.o(i.USART2_IRQHandler) refers to stm32f4xx_hal_cortex.o(i.HAL_NVIC_ClearPendingIRQ) for HAL_NVIC_ClearPendingIRQ
    usbd_cdc_if.o(i.CDC_Init_FS) refers to usbd_cdc.o(i.USBD_CDC_SetTxBuffer) for USBD_CDC_SetTxBuffer
    usbd_cdc_if.o(i.CDC_Init_FS) refers to usbd_cdc.o(i.USBD_CDC_SetRxBuffer) for USBD_CDC_SetRxBuffer
    usbd_cdc_if.o(i.CDC_Init_FS) refers to usb_device.o(.bss) for hUsbDeviceFS
    usbd_cdc_if.o(i.CDC_Init_FS) refers to usbd_cdc_if.o(.data) for hUsbDevice_0
    usbd_cdc_if.o(i.CDC_Init_FS) refers to usbd_cdc_if.o(.bss) for UserTxBufferFS
    usbd_cdc_if.o(i.CDC_Receive_FS) refers to comms_hal.o(i.commsRecieveUSB) for commsRecieveUSB
    usbd_cdc_if.o(i.CDC_Receive_FS) refers to usbd_cdc.o(i.USBD_CDC_ReceivePacket) for USBD_CDC_ReceivePacket
    usbd_cdc_if.o(i.CDC_Receive_FS) refers to usb_device.o(.bss) for hUsbDeviceFS
    usbd_cdc_if.o(i.CDC_Transmit_FS) refers to usbd_cdc.o(i.USBD_CDC_SetTxBuffer) for USBD_CDC_SetTxBuffer
    usbd_cdc_if.o(i.CDC_Transmit_FS) refers to usbd_cdc.o(i.USBD_CDC_TransmitPacket) for USBD_CDC_TransmitPacket
    usbd_cdc_if.o(i.CDC_Transmit_FS) refers to usbd_cdc_if.o(.data) for hUsbDevice_0
    usbd_cdc_if.o(.data) refers to usbd_cdc_if.o(i.CDC_Init_FS) for CDC_Init_FS
    usbd_cdc_if.o(.data) refers to usbd_cdc_if.o(i.CDC_DeInit_FS) for CDC_DeInit_FS
    usbd_cdc_if.o(.data) refers to usbd_cdc_if.o(i.CDC_Control_FS) for CDC_Control_FS
    usbd_cdc_if.o(.data) refers to usbd_cdc_if.o(i.CDC_Receive_FS) for CDC_Receive_FS
    main.o(i.StartThread) refers to cmsis_os.o(i.osDelay) for osDelay
    main.o(i.SystemClock_Config) refers to stm32f4xx_hal_rcc.o(i.HAL_RCC_OscConfig) for HAL_RCC_OscConfig
    main.o(i.SystemClock_Config) refers to stm32f4xx_hal_rcc.o(i.HAL_RCC_ClockConfig) for HAL_RCC_ClockConfig
    main.o(i.main) refers to stm32f4xx_hal.o(i.HAL_Init) for HAL_Init
    main.o(i.main) refers to main.o(i.SystemClock_Config) for SystemClock_Config
    main.o(i.main) refers to gpio.o(i.MX_GPIO_Init) for MX_GPIO_Init
    main.o(i.main) refers to dma.o(i.MX_DMA_Init) for MX_DMA_Init
    main.o(i.main) refers to adc.o(i.MX_ADC1_Init) for MX_ADC1_Init
    main.o(i.main) refers to adc.o(i.MX_ADC2_Init) for MX_ADC2_Init
    main.o(i.main) refers to adc.o(i.MX_ADC3_Init) for MX_ADC3_Init
    main.o(i.main) refers to dac.o(i.MX_DAC_Init) for MX_DAC_Init
    main.o(i.main) refers to tim.o(i.MX_TIM3_Init) for MX_TIM3_Init
    main.o(i.main) refers to tim.o(i.MX_TIM6_Init) for MX_TIM6_Init
    main.o(i.main) refers to usart.o(i.MX_USART2_UART_Init) for MX_USART2_UART_Init
    main.o(i.main) refers to memcpya.o(.text) for __aeabi_memcpy4
    main.o(i.main) refers to cmsis_os.o(i.osThreadCreate) for osThreadCreate
    main.o(i.main) refers to cmsis_os.o(i.osKernelStart) for osKernelStart
    main.o(i.main) refers to main.o(.constdata) for .constdata
    main.o(.constdata) refers to main.o(.conststring) for .conststring
    main.o(.constdata) refers to cmd_parser.o(i.CmdParserTask) for CmdParserTask
    main.o(.constdata) refers to main.o(i.StartThread) for StartThread
    main.o(.constdata) refers to comms.o(i.CommTask) for CommTask
    main.o(.constdata) refers to scope.o(i.ScopeTask) for ScopeTask
    main.o(.constdata) refers to scope.o(i.ScopeTriggerTask) for ScopeTriggerTask
    main.o(.constdata) refers to generator.o(i.GeneratorTask) for GeneratorTask
    usb_device.o(i.MX_USB_DEVICE_Init) refers to usbd_core.o(i.USBD_Init) for USBD_Init
    usb_device.o(i.MX_USB_DEVICE_Init) refers to usbd_core.o(i.USBD_RegisterClass) for USBD_RegisterClass
    usb_device.o(i.MX_USB_DEVICE_Init) refers to usbd_cdc.o(i.USBD_CDC_RegisterInterface) for USBD_CDC_RegisterInterface
    usb_device.o(i.MX_USB_DEVICE_Init) refers to usbd_core.o(i.USBD_Start) for USBD_Start
[...]
    .data                                    0x20000200   Section        4  mvars.o(.data)
    .bss                                     0x20000204   Section     1024  usbd_cdc_if.o(.bss)
    .bss                                     0x20000604   Section      548  usb_device.o(.bss)
    .bss                                     0x20000828   Section      512  usbd_desc.o(.bss)
    .bss                                     0x20000a28   Section      944  usbd_conf.o(.bss)
    .bss                                     0x20000dd8   Section      120  tim.o(.bss)
    .bss                                     0x20000e50   Section       20  dac.o(.bss)
    .bss                                     0x20000e64   Section      636  adc.o(.bss)
    .bss                                     0x200010e0   Section       60  usart.o(.bss)
    .bss                                     0x2000111c   Section      240  tasks.o(.bss)
    pxReadyTasksLists                        0x2000111c   Data         140  tasks.o(.bss)
    xDelayedTaskList1                        0x200011a8   Data          20  tasks.o(.bss)
    xDelayedTaskList2                        0x200011bc   Data          20  tasks.o(.bss)
    xPendingReadyList                        0x200011d0   Data          20  tasks.o(.bss)
    xTasksWaitingTermination                 0x200011e4   Data          20  tasks.o(.bss)
    xSuspendedTaskList                       0x200011f8   Data          20  tasks.o(.bss)
    .bss                                     0x2000120c   Section    15360  heap_4.o(.bss)
    ucHeap                                   0x2000120c   Data       15360  heap_4.o(.bss)
    .bss                                     0x20004e0c   Section      524  comms.o(.bss)
    commBuffMem                              0x20004e0c   Data         512  comms.o(.bss)
    comm                                     0x2000500c   Data          12  comms.o(.bss)
    .bss                                     0x20005018   Section    101056  scope.o(.bss)
    scope                                    0x2001daa0   Data          56  scope.o(.bss)
    .bss                                     0x2001dad8   Section     4036  generator.o(.bss)
    generator                                0x2001dad8   Data          36  generator.o(.bss)
    HEAP                                     0x2001eaa0   Section      512  startup_stm32f407xx.o(HEAP)
    STACK                                    0x2001eca0   Section     1024  startup_stm32f407xx.o(STACK)

    Global Symbols

    Symbol Name                              Value     Ov Type        Size  Object(Section)

    BuildAttributes$$THM_ISAv4$E$P$D$K$B$S$7EM$VFPi3$EXTD16$VFPS$VFMA$PE$A:L22UL41UL21$X:L11$S22US41US21$IEEE1$IW$USESV6$~STKCKD$USESV7$~SHL$OSPACE$EBA8$MICROLIB$REQ8$PRES8$EABIv2 0x00000000   Number         0  anon$$obj.o ABSOLUTE
    __ARM_use_no_argv                        0x00000000   Number         0  main.o ABSOLUTE
    __cpp_initialize__aeabi_                  - Undefined Weak Reference
    __cxa_finalize                            - Undefined Weak Reference
    _clock_init                               - Undefined Weak Reference
    _microlib_exit                            - Undefined Weak Reference
    __Vectors_Size                           0x00000188   Number         0  startup_stm32f407xx.o ABSOLUTE
    __Vectors                                0x08000000   Data           4  startup_stm32f407xx.o(RESET)
    __Vectors_End                            0x08000188   Data           0  startup_stm32f407xx.o(RESET)
    __main                                   0x08000189   Thumb Code     0  entry.o(.ARM.Collect$$$$00000000)
    _main_stk                                0x08000189   Thumb Code     0  entry2.o(.ARM.Collect$$$$00000001)
    _main_scatterload                        0x0800018d   Thumb Code     0  entry5.o(.ARM.Collect$$$$00000004)
    __main_after_scatterload                 0x08000191   Thumb Code     0  entry5.o(.ARM.Collect$$$$00000004)
    _main_clock                              0x08000191   Thumb Code     0  entry7b.o(.ARM.Collect$$$$00000008)
    _main_cpp_init                           0x08000191   Thumb Code     0  entry8b.o(.ARM.Collect$$$$0000000A)
    _main_init                               0x08000191   Thumb Code     0  entry9a.o(.ARM.Collect$$$$0000000B)
    __rt_final_cpp                           0x08000199   Thumb Code     0  entry10a.o(.ARM.Collect$$$$0000000D)
    __rt_final_exit                          0x08000199   Thumb Code     0  entry11a.o(.ARM.Collect$$$$0000000F)
    SVC_Handler                              0x0800019d   Thumb Code    24  port.o(.emb_text)
    __asm___6_port_c_39a90d8d__prvStartFirstTask 0x080001b9   Thumb Code    16  port.o(.emb_text)
    __asm___6_port_c_39a90d8d__prvEnableVFP  0x080001cd   Thumb Code    16  port.o(.emb_text)
    PendSV_Handler                           0x080001e1   Thumb Code    76  port.o(.emb_text)
    ulPortSetInterruptMask                   0x08000231   Thumb Code    14  port.o(.emb_text)
    vPortClearInterruptMask                  0x0800023f   Thumb Code     6  port.o(.emb_text)
    vPortGetIPSR                             0x08000245   Thumb Code     6  port.o(.emb_text)
    Reset_Handler                            0x0800024d   Thumb Code     8  startup_stm32f407xx.o(.text)
    NMI_Handler                              0x08000255   Thumb Code     2  startup_stm32f407xx.o(.text)
    HardFault_Handler                        0x08000257   Thumb Code     2  startup_stm32f407xx.o(.text)
    MemManage_Handler                        0x08000259   Thumb Code     2  startup_stm32f407xx.o(.text)
    BusFault_Handler                         0x0800025b   Thumb Code     2  startup_stm32f407xx.o(.text)
    UsageFault_Handler                       0x0800025d   Thumb Code     2  startup_stm32f407xx.o(.text)
    DebugMon_Handler                         0x08000261   Thumb Code     2  startup_stm32f407xx.o(.text)
    ADC_IRQHandler                           0x08000267   Thumb Code     0  startup_stm32f407xx.o(.text)
    CAN1_RX0_IRQHandler                      0x08000267   Thumb Code     0  startup_stm32f407xx.o(.text)
    CAN1_RX1_IRQHandler                      0x08000267   Thumb Code     0  startup_stm32f407xx.o(.text)
    CAN1_SCE_IRQHandler                      0x08000267   Thumb Code     0  startup_stm32f407xx.o(.text)
    CAN1_TX_IRQHandler                       0x08000267   Thumb Code     0  startup_stm32f407xx.o(.text)
    CAN2_RX0_IRQHandler                      0x08000267   Thumb Code     0  startup_stm32f407xx.o(.text)
    CAN2_RX1_IRQHandler                      0x08000267   Thumb Code     0  startup_stm32f407xx.o(.text)
    CAN2_SCE_IRQHandler                      0x08000267   Thumb Code     0  startup_stm32f407xx.o(.text)
    CAN2_TX_IRQHandler                       0x08000267   Thumb Code     0  startup_stm32f407xx.o(.text)
    DCMI_IRQHandler                          0x08000267   Thumb Code     0  startup_stm32f407xx.o(.text)
    DMA1_Stream0_IRQHandler                  0x08000267   Thumb Code     0  startup_stm32f407xx.o(.text)
    DMA1_Stream1_IRQHandler                  0x08000267   Thumb Code     0  startup_stm32f407xx.o(.text)
    DMA1_Stream2_IRQHandler                  0x08000267   Thumb Code     0  startup_stm32f407xx.o(.text)
    DMA1_Stream3_IRQHandler                  0x08000267   Thumb Code     0  startup_stm32f407xx.o(.text)
    DMA1_Stream4_IRQHandler                  0x08000267   Thumb Code     0  startup_stm32f407xx.o(.text)
    DMA1_Stream5_IRQHandler                  0x08000267   Thumb Code     0  startup_stm32f407xx.o(.text)
    DMA1_Stream6_IRQHandler                  0x08000267   Thumb Code     0  startup_stm32f407xx.o(.text)
    DMA1_Stream7_IRQHandler                  0x08000267   Thumb Code     0  startup_stm32f407xx.o(.text)
    DMA2_Stream0_IRQHandler                  0x08000267   Thumb Code     0  startup_stm32f407xx.o(.text)
    DMA2_Stream1_IRQHandler                  0x08000267   Thumb Code     0  startup_stm32f407xx.o(.text)
    DMA2_Stream2_IRQHandler                  0x08000267   Thumb Code     0  startup_stm32f407xx.o(.text)
    DMA2_Stream3_IRQHandler                  0x08000267   Thumb Code     0  startup_stm32f407xx.o(.text)
    DMA2_Stream4_IRQHandler                  0x08000267   Thumb Code     0  startup_stm32f407xx.o(.text)
    DMA2_Stream5_IRQHandler                  0x08000267   Thumb Code     0  startup_stm32f407xx.o(.text)
    DMA2_Stream6_IRQHandler                  0x08000267   Thumb Code     0  startup_stm32f407xx.o(.text)
    DMA2_Stream7_IRQHandler                  0x08000267   Thumb Code     0  startup_stm32f407xx.o(.text)
    ETH_IRQHandler                           0x08000267   Thumb Code     0  startup_stm32f407xx.o(.text)
    ETH_WKUP_IRQHandler                      0x08000267   Thumb Code     0  startup_stm32f407xx.o(.text)
    EXTI0_IRQHandler                         0x08000267   Thumb Code     0  startup_stm32f407xx.o(.text)
    EXTI15_10_IRQHandler                     0x08000267   Thumb Code     0  startup_stm32f407xx.o(.text)
    EXTI1_IRQHandler                         0x08000267   Thumb Code     0  startup_stm32f407xx.o(.text)
    EXTI2_IRQHandler                         0x08000267   Thumb Code     0  startup_stm32f407xx.o(.text)
    EXTI3_IRQHandler                         0x08000267   Thumb Code     0  startup_stm32f407xx.o(.text)
    EXTI4_IRQHandler                         0x08000267   Thumb Code     0  startup_stm32f407xx.o(.text)
    EXTI9_5_IRQHandler                       0x08000267   Thumb Code     0  startup_stm32f407xx.o(.text)
    FLASH_IRQHandler                         0x08000267   Thumb Code     0  startup_stm32f407xx.o(.text)
    FMC_IRQHandler                           0x08000267   Thumb Code     0  startup_stm32f407xx.o(.text)
    FPU_IRQHandler                           0x08000267   Thumb Code     0  startup_stm32f407xx.o(.text)
    HASH_RNG_IRQHandler                      0x08000267   Thumb Code     0  startup_stm32f407xx.o(.text)
    I2C1_ER_IRQHandler                       0x08000267   Thumb Code     0  startup_stm32f407xx.o(.text)
    I2C1_EV_IRQHandler                       0x08000267   Thumb Code     0  startup_stm32f407xx.o(.text)
    I2C2_ER_IRQHandler                       0x08000267   Thumb Code     0  startup_stm32f407xx.o(.text)
    I2C2_EV_IRQHandler                       0x08000267   Thumb Code     0  startup_stm32f407xx.o(.text)
    I2C3_ER_IRQHandler                       0x08000267   Thumb Code     0  startup_stm32f407xx.o(.text)
    I2C3_EV_IRQHandler                       0x08000267   Thumb Code     0  startup_stm32f407xx.o(.text)
    OTG_FS_WKUP_IRQHandler                   0x08000267   Thumb Code     0  startup_stm32f407xx.o(.text)
    OTG_HS_EP1_IN_IRQHandler                 0x08000267   Thumb Code     0  startup_stm32f407xx.o(.text)
    OTG_HS_EP1_OUT_IRQHandler                0x08000267   Thumb Code     0  startup_stm32f407xx.o(.text)
    OTG_HS_IRQHandler                        0x08000267   Thumb Code     0  startup_stm32f407xx.o(.text)
    OTG_HS_WKUP_IRQHandler                   0x08000267   Thumb Code     0  startup_stm32f407xx.o(.text)
    PVD_IRQHandler                           0x08000267   Thumb Code     0  startup_stm32f407xx.o(.text)
    RCC_IRQHandler                           0x08000267   Thumb Code     0  startup_stm32f407xx.o(.text)
    RTC_Alarm_IRQHandler                     0x08000267   Thumb Code     0  startup_stm32f407xx.o(.text)
    RTC_WKUP_IRQHandler                      0x08000267   Thumb Code     0  startup_stm32f407xx.o(.text)
    SDIO_IRQHandler                          0x08000267   Thumb Code     0  startup_stm32f407xx.o(.text)
    SPI1_IRQHandler                          0x08000267   Thumb Code     0  startup_stm32f407xx.o(.text)
    SPI2_IRQHandler                          0x08000267   Thumb Code     0  startup_stm32f407xx.o(.text)
    SPI3_IRQHandler                          0x08000267   Thumb Code     0  startup_stm32f407xx.o(.text)
    TAMP_STAMP_IRQHandler                    0x08000267   Thumb Code     0  startup_stm32f407xx.o(.text)
    TIM1_BRK_TIM9_IRQHandler                 0x08000267   Thumb Code     0  startup_stm32f407xx.o(.text)
    TIM1_CC_IRQHandler                       0x08000267   Thumb Code     0  startup_stm32f407xx.o(.text)
    TIM1_TRG_COM_TIM11_IRQHandler            0x08000267   Thumb Code     0  startup_stm32f407xx.o(.text)
    TIM1_UP_TIM10_IRQHandler                 0x08000267   Thumb Code     0  startup_stm32f407xx.o(.text)
    TIM2_IRQHandler                          0x08000267   Thumb Code     0  startup_stm32f407xx.o(.text)
    TIM3_IRQHandler                          0x08000267   Thumb Code     0  startup_stm32f407xx.o(.text)
    TIM4_IRQHandler                          0x08000267   Thumb Code     0  startup_stm32f407xx.o(.text)
    TIM5_IRQHandler                          0x08000267   Thumb Code     0  startup_stm32f407xx.o(.text)
    TIM6_DAC_IRQHandler                      0x08000267   Thumb Code     0  startup_stm32f407xx.o(.text)
    TIM7_IRQHandler                          0x08000267   Thumb Code     0  startup_stm32f407xx.o(.text)
    TIM8_BRK_TIM12_IRQHandler                0x08000267   Thumb Code     0  startup_stm32f407xx.o(.text)
    TIM8_CC_IRQHandler                       0x08000267   Thumb Code     0  startup_stm32f407xx.o(.text)
    TIM8_TRG_COM_TIM14_IRQHandler            0x08000267   Thumb Code     0  startup_stm32f407xx.o(.text)
    TIM8_UP_TIM13_IRQHandler                 0x08000267   Thumb Code     0  startup_stm32f407xx.o(.text)
    UART4_IRQHandler                         0x08000267   Thumb Code     0  startup_stm32f407xx.o(.text)
    UART5_IRQHandler                         0x08000267   Thumb Code     0  startup_stm32f407xx.o(.text)
    USART1_IRQHandler                        0x08000267   Thumb Code     0  startup_stm32f407xx.o(.text)
    USART3_IRQHandler                        0x08000267   Thumb Code     0  startup_stm32f407xx.o(.text)
    USART6_IRQHandler                        0x08000267   Thumb Code     0  startup_stm32f407xx.o(.text)
    WWDG_IRQHandler                          0x08000267   Thumb Code     0  startup_stm32f407xx.o(.text)
    __aeabi_memcpy                           0x08000271   Thumb Code    36  memcpya.o(.text)
    __aeabi_memcpy4                          0x08000271   Thumb Code     0  memcpya.o(.text)
    __aeabi_memcpy8                          0x08000271   Thumb Code     0  memcpya.o(.text)
    __aeabi_memset                           0x08000295   Thumb Code    14  memseta.o(.text)
    __aeabi_memset4                          0x08000295   Thumb Code     0  memseta.o(.text)
    __aeabi_memset8                          0x08000295   Thumb Code     0  memseta.o(.text)
    __aeabi_memclr                           0x080002a3   Thumb Code     4  memseta.o(.text)
    __aeabi_memclr4                          0x080002a3   Thumb Code     0  memseta.o(.text)
    __aeabi_memclr8                          0x080002a3   Thumb Code     0  memseta.o(.text)
    _memset$wrapper                          0x080002a7   Thumb Code    18  memseta.o(.text)
    __scatterload                            0x080002b9   Thumb Code    28  init.o(.text)
    __scatterload_rt2                        0x080002b9   Thumb Code     0  init.o(.text)
    __decompress                             0x080002dd   Thumb Code     0  __dczerorl2.o(.text)
    __decompress1                            0x080002dd   Thumb Code    92  __dczerorl2.o(.text)
    ADC_DMA_Reconfig                         0x08000389   Thumb Code   332  adc.o(i.ADC_DMA_Reconfig)
    CDC_Transmit_FS                          0x080006d9   Thumb Code    28  usbd_cdc_if.o(i.CDC_Transmit_FS)
    CmdParserTask                            0x080006f9   Thumb Code   272  cmd_parser.o(i.CmdParserTask)
    CommTask                                 0x0800084d   Thumb Code   392  comms.o(i.CommTask)
    DAC_DMAConvCpltCh2                       0x08000a13   Thumb Code    18  stm32f4xx_hal_dac_ex.o(i.DAC_DMAConvCpltCh2)
    DAC_DMAErrorCh2                          0x08000a3f   Thumb Code    26  stm32f4xx_hal_dac_ex.o(i.DAC_DMAErrorCh2)
    DAC_DMAHalfConvCpltCh2                   0x08000a67   Thumb Code    14  stm32f4xx_hal_dac_ex.o(i.DAC_DMAHalfConvCpltCh2)
    DAC_DMA_Reconfig                         0x08000a75   Thumb Code    54  dac.o(i.DAC_DMA_Reconfig)
    DMA_GetCurrDataCounter                   0x08000ab1   Thumb Code   320  adc.o(i.DMA_GetCurrDataCounter)
    GeneratingDisable                        0x08000c1d   Thumb Code    22  dac.o(i.GeneratingDisable)
    GeneratingEnable                         0x08000c3d   Thumb Code    22  dac.o(i.GeneratingEnable)
    GeneratorTask                            0x08000c5d   Thumb Code   126  generator.o(i.GeneratorTask)
    GetNumOfChannels                         0x08000ce5   Thumb Code     6  scope.o(i.GetNumOfChannels)
    HAL_ADC_ConfigChannel                    0x08000cf1   Thumb Code   342  stm32f4xx_hal_adc.o(i.HAL_ADC_ConfigChannel)
    HAL_ADC_ConvCpltCallback                 0x08000e51   Thumb Code     2  stm32f4xx_hal_adc.o(i.HAL_ADC_ConvCpltCallback)
    HAL_ADC_ConvHalfCpltCallback             0x08000e53   Thumb Code     2  stm32f4xx_hal_adc.o(i.HAL_ADC_ConvHalfCpltCallback)
    HAL_ADC_ErrorCallback                    0x08000e55   Thumb Code     2  stm32f4xx_hal_adc.o(i.HAL_ADC_ErrorCallback)
    HAL_ADC_Init                             0x08000e57   Thumb Code    58  stm32f4xx_hal_adc.o(i.HAL_ADC_Init)
    HAL_ADC_MspInit                          0x08000e91   Thumb Code   336  adc.o(i.HAL_ADC_MspInit)
    HAL_ADC_Start_DMA                        0x08001005   Thumb Code   166  stm32f4xx_hal_adc.o(i.HAL_ADC_Start_DMA)
    HAL_ADC_Stop_DMA                         0x080010b9   Thumb Code    56  stm32f4xx_hal_adc.o(i.HAL_ADC_Stop_DMA)
    HAL_DACEx_ConvCpltCallbackCh2            0x080010f1   Thumb Code     2  stm32f4xx_hal_dac_ex.o(i.HAL_DACEx_ConvCpltCallbackCh2)
    HAL_DACEx_ConvHalfCpltCallbackCh2        0x080010f3   Thumb Code     2  stm32f4xx_hal_dac_ex.o(i.HAL_DACEx_ConvHalfCpltCallbackCh2)
    HAL_DACEx_ErrorCallbackCh2               0x080010f5   Thumb Code     2  stm32f4xx_hal_dac_ex.o(i.HAL_DACEx_ErrorCallbackCh2)
    HAL_DAC_ConfigChannel                    0x080010f9   Thumb Code    88  stm32f4xx_hal_dac.o(i.HAL_DAC_ConfigChannel)
    HAL_DAC_ConvCpltCallbackCh1              0x08001155   Thumb Code     2  stm32f4xx_hal_dac.o(i.HAL_DAC_ConvCpltCallbackCh1)
    HAL_DAC_ConvHalfCpltCallbackCh1          0x08001157   Thumb Code     2  stm32f4xx_hal_dac.o(i.HAL_DAC_ConvHalfCpltCallbackCh1)
    HAL_DAC_ErrorCallbackCh1                 0x08001159   Thumb Code     2  stm32f4xx_hal_dac.o(i.HAL_DAC_ErrorCallbackCh1)
    HAL_DAC_Init                             0x0800115b   Thumb Code    36  stm32f4xx_hal_dac.o(i.HAL_DAC_Init)
    HAL_DAC_MspInit                          0x08001181   Thumb Code    50  dac.o(i.HAL_DAC_MspInit)
    HAL_DAC_Start_DMA                        0x080011c1   Thumb Code   262  stm32f4xx_hal_dac.o(i.HAL_DAC_Start_DMA)
    HAL_DAC_Stop_DMA                         0x080012e1   Thumb Code    76  stm32f4xx_hal_dac.o(i.HAL_DAC_Stop_DMA)
    HAL_DMA_Abort                            0x0800132d   Thumb Code    94  stm32f4xx_hal_dma.o(i.HAL_DMA_Abort)
    HAL_DMA_Init                             0x0800138d   Thumb Code   120  stm32f4xx_hal_dma.o(i.HAL_DMA_Init)
    HAL_DMA_Start_IT                         0x08001409   Thumb Code   142  stm32f4xx_hal_dma.o(i.HAL_DMA_Start_IT)
    HAL_Delay                                0x08001497   Thumb Code    26  stm32f4xx_hal.o(i.HAL_Delay)
    HAL_GPIO_Init                            0x080014b1   Thumb Code   466  stm32f4xx_hal_gpio.o(i.HAL_GPIO_Init)
    HAL_GetTick                              0x080016b9   Thumb Code     6  stm32f4xx_hal.o(i.HAL_GetTick)
    HAL_IncTick                              0x080016c5   Thumb Code    12  stm32f4xx_hal.o(i.HAL_IncTick)
    HAL_Init                                 0x080016d5   Thumb Code    54  stm32f4xx_hal.o(i.HAL_Init)
    HAL_InitTick                             0x08001711   Thumb Code    36  stm32f4xx_hal.o(i.HAL_InitTick)
    HAL_MspInit                              0x08001735   Thumb Code    20  stm32f4xx_hal_msp.o(i.HAL_MspInit)
    HAL_NVIC_ClearPendingIRQ                 0x08001749   Thumb Code    22  stm32f4xx_hal_cortex.o(i.HAL_NVIC_ClearPendingIRQ)
    HAL_NVIC_EnableIRQ                       0x08001765   Thumb Code    28  stm32f4xx_hal_cortex.o(i.HAL_NVIC_EnableIRQ)
    HAL_NVIC_SetPriority                     0x08001781   Thumb Code   124  stm32f4xx_hal_cortex.o(i.HAL_NVIC_SetPriority)
    HAL_NVIC_SetPriorityGrouping             0x080017fd   Thumb Code    32  stm32f4xx_hal_cortex.o(i.HAL_NVIC_SetPriorityGrouping)
    HAL_PCDEx_SetRxFiFo                      0x08001825   Thumb Code    10  stm32f4xx_hal_pcd_ex.o(i.HAL_PCDEx_SetRxFiFo)
    HAL_PCDEx_SetTxFiFo                      0x0800182f   Thumb Code    82  stm32f4xx_hal_pcd_ex.o(i.HAL_PCDEx_SetTxFiFo)
    HAL_PCD_ConnectCallback                  0x08001881   Thumb Code    14  usbd_conf.o(i.HAL_PCD_ConnectCallback)
    HAL_PCD_DataInStageCallback              0x0800188f   Thumb Code    32  usbd_conf.o(i.HAL_PCD_DataInStageCallback)
    HAL_PCD_DataOutStageCallback             0x080018af   Thumb Code    32  usbd_conf.o(i.HAL_PCD_DataOutStageCallback)
    HAL_PCD_DisconnectCallback               0x080018cf   Thumb Code    14  usbd_conf.o(i.HAL_PCD_DisconnectCallback)
    HAL_PCD_EP_Close                         0x080018dd   Thumb Code   106  stm32f4xx_hal_pcd.o(i.HAL_PCD_EP_Close)
    HAL_PCD_EP_ClrStall                      0x08001947   Thumb Code   104  stm32f4xx_hal_pcd.o(i.HAL_PCD_EP_ClrStall)
    HAL_PCD_EP_GetRxCount                    0x080019af   Thumb Code    24  stm32f4xx_hal_pcd.o(i.HAL_PCD_EP_GetRxCount)
    HAL_PCD_EP_Open                          0x080019c7   Thumb Code   140  stm32f4xx_hal_pcd.o(i.HAL_PCD_EP_Open)
    HAL_PCD_EP_Receive                       0x08001a53   Thumb Code   120  stm32f4xx_hal_pcd.o(i.HAL_PCD_EP_Receive)
    HAL_PCD_EP_SetStall                      0x08001acb   Thumb Code   122  stm32f4xx_hal_pcd.o(i.HAL_PCD_EP_SetStall)
    HAL_PCD_EP_Transmit                      0x08001b45   Thumb Code   122  stm32f4xx_hal_pcd.o(i.HAL_PCD_EP_Transmit)
    HAL_PCD_IRQHandler                       0x08001bbf   Thumb Code  1328  stm32f4xx_hal_pcd.o(i.HAL_PCD_IRQHandler)
    HAL_PCD_ISOINIncompleteCallback          0x080020ef   Thumb Code    18  usbd_conf.o(i.HAL_PCD_ISOINIncompleteCallback)
    HAL_PCD_ISOOUTIncompleteCallback         0x08002101   Thumb Code    18  usbd_conf.o(i.HAL_PCD_ISOOUTIncompleteCallback)
    HAL_PCD_Init                             0x08002113   Thumb Code   322  stm32f4xx_hal_pcd.o(i.HAL_PCD_Init)
    HAL_PCD_MspInit                          0x08002255   Thumb Code   112  usbd_conf.o(i.HAL_PCD_MspInit)
    HAL_PCD_ResetCallback                    0x080022cd   Thumb Code    50  usbd_conf.o(i.HAL_PCD_ResetCallback)
    HAL_PCD_ResumeCallback                   0x080022ff   Thumb Code    14  usbd_conf.o(i.HAL_PCD_ResumeCallback)
    HAL_PCD_SOFCallback                      0x0800230d   Thumb Code    14  usbd_conf.o(i.HAL_PCD_SOFCallback)
    HAL_PCD_SetAddress                       0x0800231b   Thumb Code    50  stm32f4xx_hal_pcd.o(i.HAL_PCD_SetAddress)
    HAL_PCD_SetupStageCallback               0x0800234d   Thumb Code    18  usbd_conf.o(i.HAL_PCD_SetupStageCallback)
    HAL_PCD_Start                            0x0800235f   Thumb Code    52  stm32f4xx_hal_pcd.o(i.HAL_PCD_Start)
    HAL_PCD_SuspendCallback                  0x08002393   Thumb Code    14  usbd_conf.o(i.HAL_PCD_SuspendCallback)
    HAL_RCC_ClockConfig                      0x080023a1   Thumb Code   580  stm32f4xx_hal_rcc.o(i.HAL_RCC_ClockConfig)
    HAL_RCC_GetHCLKFreq                      0x080025ed   Thumb Code    42  stm32f4xx_hal_rcc.o(i.HAL_RCC_GetHCLKFreq)
    HAL_RCC_GetPCLK1Freq                     0x08002625   Thumb Code    36  stm32f4xx_hal_rcc.o(i.HAL_RCC_GetPCLK1Freq)
    HAL_RCC_GetPCLK2Freq                     0x08002651   Thumb Code    36  stm32f4xx_hal_rcc.o(i.HAL_RCC_GetPCLK2Freq)
    HAL_RCC_GetSysClockFreq                  0x0800267d   Thumb Code   182  stm32f4xx_hal_rcc.o(i.HAL_RCC_GetSysClockFreq)
    HAL_RCC_OscConfig                        0x08002741   Thumb Code   998  stm32f4xx_hal_rcc.o(i.HAL_RCC_OscConfig)
    HAL_SYSTICK_Config                       0x08002b39   Thumb Code    52  stm32f4xx_hal_cortex.o(i.HAL_SYSTICK_Config)
    HAL_TIMEx_MasterConfigSynchronization    0x08002b6d   Thumb Code    98  stm32f4xx_hal_tim_ex.o(i.HAL_TIMEx_MasterConfigSynchronization)
    HAL_TIM_Base_Init                        0x08002bcf   Thumb Code    46  stm32f4xx_hal_tim.o(i.HAL_TIM_Base_Init)
    HAL_TIM_Base_MspInit                     0x08002bfd   Thumb Code    42  tim.o(i.HAL_TIM_Base_MspInit)
    HAL_TIM_Base_Start                       0x08002c35   Thumb Code    30  stm32f4xx_hal_tim.o(i.HAL_TIM_Base_Start)
    HAL_TIM_Base_Stop                        0x08002c53   Thumb Code    56  stm32f4xx_hal_tim.o(i.HAL_TIM_Base_Stop)
    HAL_UART_Init                            0x08002c8b   Thumb Code   106  stm32f4xx_hal_uart.o(i.HAL_UART_Init)
    HAL_UART_MspInit                         0x08002cf5   Thumb Code    90  usart.o(i.HAL_UART_MspInit)
    MX_ADC1_Init                             0x08002d5d   Thumb Code    82  adc.o(i.MX_ADC1_Init)
    MX_ADC2_Init                             0x08002dbd   Thumb Code    82  adc.o(i.MX_ADC2_Init)
    MX_ADC3_Init                             0x08002e1d   Thumb Code    82  adc.o(i.MX_ADC3_Init)
    MX_DAC_Init                              0x08002e7d   Thumb Code    44  dac.o(i.MX_DAC_Init)
    MX_DMA_Init                              0x08002eb1   Thumb Code    24  dma.o(i.MX_DMA_Init)
    MX_GPIO_Init                             0x08002ecd   Thumb Code   322  gpio.o(i.MX_GPIO_Init)
    MX_TIM3_Init                             0x0800302d   Thumb Code    50  tim.o(i.MX_TIM3_Init)
    MX_TIM6_Init                             0x08003069   Thumb Code    52  tim.o(i.MX_TIM6_Init)
    MX_USART2_UART_Init                      0x080030a5   Thumb Code    40  usart.o(i.MX_USART2_UART_Init)
    MX_USB_DEVICE_Init                       0x080030d5   Thumb Code    36  usb_device.o(i.MX_USB_DEVICE_Init)
    OTG_FS_IRQHandler                        0x08003141   Thumb Code    16  stm32f4xx_it.o(i.OTG_FS_IRQHandler)
    ScopeTask                                0x08003205   Thumb Code   274  scope.o(i.ScopeTask)
    ScopeTriggerTask                         0x08003331   Thumb Code   542  scope.o(i.ScopeTriggerTask)
    SysTick_Handler                          0x080035a5   Thumb Code    18  stm32f4xx_it.o(i.SysTick_Handler)
    SystemClock_Config                       0x080035b9   Thumb Code   102  main.o(i.SystemClock_Config)
    SystemInit                               0x08003629   Thumb Code    82  system_stm32f4xx.o(i.SystemInit)
    TIM_Base_SetConfig                       0x0800368d   Thumb Code   184  stm32f4xx_hal_tim.o(i.TIM_Base_SetConfig)
    TIM_Reconfig                             0x08003771   Thumb Code   170  tim.o(i.TIM_Reconfig)
    UARTsendBuff                             0x08003a45   Thumb Code    26  usart.o(i.UARTsendBuff)
    UARTsendChar                             0x08003a61   Thumb Code    20  usart.o(i.UARTsendChar)
    USART2_IRQHandler                        0x08003a79   Thumb Code    22  stm32f4xx_it.o(i.USART2_IRQHandler)
    USBD_CDC_GetDeviceQualifierDescriptor    0x08003b55   Thumb Code    10  usbd_cdc.o(i.USBD_CDC_GetDeviceQualifierDescriptor)
    USBD_CDC_ReceivePacket                   0x08003c3b   Thumb Code    58  usbd_cdc.o(i.USBD_CDC_ReceivePacket)
    USBD_CDC_RegisterInterface               0x08003c75   Thumb Code    14  usbd_cdc.o(i.USBD_CDC_RegisterInterface)
    USBD_CDC_SetRxBuffer                     0x08003c83   Thumb Code    14  usbd_cdc.o(i.USBD_CDC_SetRxBuffer)
    USBD_CDC_SetTxBuffer                     0x08003c91   Thumb Code    20  usbd_cdc.o(i.USBD_CDC_SetTxBuffer)
    USBD_CDC_TransmitPacket                  0x08003d0f   Thumb Code    56  usbd_cdc.o(i.USBD_CDC_TransmitPacket)
    USBD_ClrClassConfig                      0x08003d47   Thumb Code    22  usbd_core.o(i.USBD_ClrClassConfig)
    USBD_CtlContinueRx                       0x08003da1   Thumb Code    24  usbd_ioreq.o(i.USBD_CtlContinueRx)
    USBD_CtlContinueSendData                 0x08003db9   Thumb Code    24  usbd_ioreq.o(i.USBD_CtlContinueSendData)
    USBD_CtlError                            0x08003dd1   Thumb Code    24  usbd_ctlreq.o(i.USBD_CtlError)
    USBD_CtlPrepareRx                        0x08003de9   Thumb Code    40  usbd_ioreq.o(i.USBD_CtlPrepareRx)
    USBD_CtlReceiveStatus                    0x08003e11   Thumb Code    26  usbd_ioreq.o(i.USBD_CtlReceiveStatus)
    USBD_CtlSendData                         0x08003e2b   Thumb Code    34  usbd_ioreq.o(i.USBD_CtlSendData)
    USBD_CtlSendStatus                       0x08003e4d   Thumb Code    26  usbd_ioreq.o(i.USBD_CtlSendStatus)
    USBD_FS_ConfigStrDescriptor              0x08003e69   Thumb Code    34  usbd_desc.o(i.USBD_FS_ConfigStrDescriptor)
    USBD_FS_DeviceDescriptor                 0x08003e9d   Thumb Code    10  usbd_desc.o(i.USBD_FS_DeviceDescriptor)
    USBD_FS_InterfaceStrDescriptor           0x08003ead   Thumb Code    34  usbd_desc.o(i.USBD_FS_InterfaceStrDescriptor)
    USBD_FS_LangIDStrDescriptor              0x08003ee5   Thumb Code    10  usbd_desc.o(i.USBD_FS_LangIDStrDescriptor)
    USBD_FS_ManufacturerStrDescriptor        0x08003ef5   Thumb Code    20  usbd_desc.o(i.USBD_FS_ManufacturerStrDescriptor)
    USBD_FS_ProductStrDescriptor             0x08003f21   Thumb Code    34  usbd_desc.o(i.USBD_FS_ProductStrDescriptor)
    USBD_FS_SerialStrDescriptor              0x08003f61   Thumb Code    34  usbd_desc.o(i.USBD_FS_SerialStrDescriptor)
    USBD_GetString                           0x08004189   Thumb Code    82  usbd_ctlreq.o(i.USBD_GetString)
    USBD_Init                                0x080041db   Thumb Code    50  usbd_core.o(i.USBD_Init)
    USBD_LL_ClearStallEP                     0x0800420d   Thumb Code    20  usbd_conf.o(i.USBD_LL_ClearStallEP)
    USBD_LL_CloseEP                          0x08004221   Thumb Code    20  usbd_conf.o(i.USBD_LL_CloseEP)
    USBD_LL_DataInStage                      0x08004235   Thumb Code   194  usbd_core.o(i.USBD_LL_DataInStage)
    USBD_LL_DataOutStage                     0x080042f7   Thumb Code   134  usbd_core.o(i.USBD_LL_DataOutStage)
    USBD_LL_DevConnected                     0x0800437d   Thumb Code     6  usbd_core.o(i.USBD_LL_DevConnected)
    USBD_LL_DevDisconnected                  0x08004383   Thumb Code    26  usbd_core.o(i.USBD_LL_DevDisconnected)
    USBD_LL_GetRxDataSize                    0x0800439d   Thumb Code    18  usbd_conf.o(i.USBD_LL_GetRxDataSize)
    USBD_LL_Init                             0x080043b1   Thumb Code    96  usbd_conf.o(i.USBD_LL_Init)
    USBD_LL_IsStallEP                        0x08004415   Thumb Code    56  usbd_conf.o(i.USBD_LL_IsStallEP)
    USBD_LL_IsoINIncomplete                  0x0800444d   Thumb Code     6  usbd_core.o(i.USBD_LL_IsoINIncomplete)
    USBD_LL_IsoOUTIncomplete                 0x08004453   Thumb Code     6  usbd_core.o(i.USBD_LL_IsoOUTIncomplete)
    USBD_LL_OpenEP                           0x08004459   Thumb Code    32  usbd_conf.o(i.USBD_LL_OpenEP)
    USBD_LL_PrepareReceive                   0x08004479   Thumb Code    32  usbd_conf.o(i.USBD_LL_PrepareReceive)
    USBD_LL_Reset                            0x08004499   Thumb Code    68  usbd_core.o(i.USBD_LL_Reset)
    USBD_LL_Resume                           0x080044dd   Thumb Code    14  usbd_core.o(i.USBD_LL_Resume)
    USBD_LL_SOF                              0x080044eb   Thumb Code    34  usbd_core.o(i.USBD_LL_SOF)
    USBD_LL_SetSpeed                         0x0800450d   Thumb Code     8  usbd_core.o(i.USBD_LL_SetSpeed)
    USBD_LL_SetUSBAddress                    0x08004515   Thumb Code    20  usbd_conf.o(i.USBD_LL_SetUSBAddress)
    USBD_LL_SetupStage                       0x08004529   Thumb Code   110  usbd_core.o(i.USBD_LL_SetupStage)
    USBD_LL_StallEP                          0x08004597   Thumb Code    20  usbd_conf.o(i.USBD_LL_StallEP)
    USBD_LL_Start                            0x080045ab   Thumb Code    16  usbd_conf.o(i.USBD_LL_Start)
    USBD_LL_Suspend                          0x080045bb   Thumb Code    20  usbd_core.o(i.USBD_LL_Suspend)
    USBD_LL_Transmit                         0x080045cf   Thumb Code    32  usbd_conf.o(i.USBD_LL_Transmit)
    USBD_ParseSetupRequest                   0x080045ef   Thumb Code    40  usbd_ctlreq.o(i.USBD_ParseSetupRequest)
    USBD_RegisterClass                       0x08004617   Thumb Code    16  usbd_core.o(i.USBD_RegisterClass)
    USBD_RunTestMode                         0x08004627   Thumb Code     6  usbd_core.o(i.USBD_RunTestMode)
    USBD_SetClassConfig                      0x08004681   Thumb Code    34  usbd_core.o(i.USBD_SetClassConfig)
    USBD_Start                               0x080047a9   Thumb Code    14  usbd_core.o(i.USBD_Start)
    USBD_StdDevReq                           0x080047b7   Thumb Code   114  usbd_ctlreq.o(i.USBD_StdDevReq)
    USBD_StdEPReq                            0x08004829   Thumb Code   316  usbd_ctlreq.o(i.USBD_StdEPReq)
    USBD_StdItfReq                           0x08004965   Thumb Code    74  usbd_ctlreq.o(i.USBD_StdItfReq)
    USB_ActivateEndpoint                     0x080049b1   Thumb Code   188  stm32f4xx_ll_usb.o(i.USB_ActivateEndpoint)
    USB_ActivateSetup                        0x08004a71   Thumb Code    68  stm32f4xx_ll_usb.o(i.USB_ActivateSetup)
    USB_CoreInit                             0x08004ab5   Thumb Code   108  stm32f4xx_ll_usb.o(i.USB_CoreInit)
    USB_DeactivateEndpoint                   0x08004b6d   Thumb Code   162  stm32f4xx_ll_usb.o(i.USB_DeactivateEndpoint)
    USB_DevConnect                           0x08004c15   Thumb Code    30  stm32f4xx_ll_usb.o(i.USB_DevConnect)
    USB_DevDisconnect                        0x08004c33   Thumb Code    30  stm32f4xx_ll_usb.o(i.USB_DevDisconnect)
    USB_DevInit                              0x08004c51   Thumb Code   402  stm32f4xx_ll_usb.o(i.USB_DevInit)
    USB_DisableGlobalInt                     0x08004df5   Thumb Code    14  stm32f4xx_ll_usb.o(i.USB_DisableGlobalInt)
    USB_EP0StartXfer                         0x08004e05   Thumb Code   426  stm32f4xx_ll_usb.o(i.USB_EP0StartXfer)
    USB_EP0_OutStart                         0x08004fb5   Thumb Code    68  stm32f4xx_ll_usb.o(i.USB_EP0_OutStart)
    USB_EPClearStall                         0x08004ff9   Thumb Code   136  stm32f4xx_ll_usb.o(i.USB_EPClearStall)
    USB_EPSetStall                           0x08005081   Thumb Code   140  stm32f4xx_ll_usb.o(i.USB_EPSetStall)
    USB_EPStartXfer                          0x0800510d   Thumb Code   714  stm32f4xx_ll_usb.o(i.USB_EPStartXfer)
    USB_EnableGlobalInt                      0x080053dd   Thumb Code    14  stm32f4xx_ll_usb.o(i.USB_EnableGlobalInt)
    USB_FlushRxFifo                          0x080053ed   Thumb Code    38  stm32f4xx_ll_usb.o(i.USB_FlushRxFifo)
    USB_FlushTxFifo                          0x08005419   Thumb Code    44  stm32f4xx_ll_usb.o(i.USB_FlushTxFifo)
    USB_GetDevSpeed                          0x08005449   Thumb Code    68  stm32f4xx_ll_usb.o(i.USB_GetDevSpeed)
    USB_GetMode                              0x0800548d   Thumb Code    10  stm32f4xx_ll_usb.o(i.USB_GetMode)
    USB_ReadDevAllInEpInterrupt              0x08005497   Thumb Code    18  stm32f4xx_ll_usb.o(i.USB_ReadDevAllInEpInterrupt)
    USB_ReadDevAllOutEpInterrupt             0x080054a9   Thumb Code    18  stm32f4xx_ll_usb.o(i.USB_ReadDevAllOutEpInterrupt)
    USB_ReadDevInEPInterrupt                 0x080054bb   Thumb Code    44  stm32f4xx_ll_usb.o(i.USB_ReadDevInEPInterrupt)
    USB_ReadDevOutEPInterrupt                0x080054e7   Thumb Code    22  stm32f4xx_ll_usb.o(i.USB_ReadDevOutEPInterrupt)
    USB_ReadInterrupts                       0x080054fd   Thumb Code    12  stm32f4xx_ll_usb.o(i.USB_ReadInterrupts)
    USB_ReadPacket                           0x08005509   Thumb Code    40  stm32f4xx_ll_usb.o(i.USB_ReadPacket)
    USB_SetCurrentMode                       0x08005531   Thumb Code    48  stm32f4xx_ll_usb.o(i.USB_SetCurrentMode)
    USB_SetDevAddress                        0x08005561   Thumb Code    40  stm32f4xx_ll_usb.o(i.USB_SetDevAddress)
    USB_SetDevSpeed                          0x08005589   Thumb Code    20  stm32f4xx_ll_usb.o(i.USB_SetDevSpeed)
    USB_WritePacket                          0x0800559d   Thumb Code    58  stm32f4xx_ll_usb.o(i.USB_WritePacket)
    __scatterload_copy                       0x080055d7   Thumb Code    14  handlers.o(i.__scatterload_copy)
    __scatterload_null                       0x080055e5   Thumb Code     2  handlers.o(i.__scatterload_null)
    __scatterload_zeroinit                   0x080055e7   Thumb Code    14  handlers.o(i.__scatterload_zeroinit)
    commBufferReadByte                       0x080055f5   Thumb Code    92  comms.o(i.commBufferReadByte)
    commBufferReadNBytes                     0x08005655   Thumb Code    38  comms.o(i.commBufferReadNBytes)
    commBufferStoreByte                      0x0800567d   Thumb Code    90  comms.o(i.commBufferStoreByte)
    commInputByte                            0x080056dd   Thumb Code    44  comms.o(i.commInputByte)
    commsInit                                0x0800571d   Thumb Code    28  comms.o(i.commsInit)
    commsRecieveUART                         0x08005741   Thumb Code    22  comms_hal.o(i.commsRecieveUART)
    commsRecieveUSB                          0x0800575d   Thumb Code    22  comms_hal.o(i.commsRecieveUSB)
    commsSendBuff                            0x08005779   Thumb Code    42  comms_hal.o(i.commsSendBuff)
    commsSendString                          0x080057a9   Thumb Code    56  comms_hal.o(i.commsSendString)
    free                                     0x080057e5   Thumb Code    76  malloc.o(i.free)
    genInit                                  0x08005835   Thumb Code    62  generator.o(i.genInit)
    genSetData                               0x08005881   Thumb Code    60  generator.o(i.genSetData)
    genSetFrequency                          0x080058c1   Thumb Code    42  generator.o(i.genSetFrequency)
    genSetLength                             0x08005905   Thumb Code    52  generator.o(i.genSetLength)
    genSetNumOfChannels                      0x0800594d   Thumb Code    86  generator.o(i.genSetNumOfChannels)
    genStart                                 0x080059bd   Thumb Code    18  generator.o(i.genStart)
    genStop                                  0x080059dd   Thumb Code    18  generator.o(i.genStop)
    generatorSetDefault                      0x080059fd   Thumb Code    38  generator.o(i.generatorSetDefault)
    getADCRes                                0x08005a2d   Thumb Code     6  scope.o(i.getADCRes)
    getBytesAvailable                        0x08005a39   Thumb Code    54  comms.o(i.getBytesAvailable)
    getDataPointer                           0x08005a75   Thumb Code    10  scope.o(i.getDataPointer)
    getOneChanMemSize                        0x08005a85   Thumb Code     6  scope.o(i.getOneChanMemSize)
    getPretrigger                            0x08005a91   Thumb Code     6  scope.o(i.getPretrigger)
    getSamples                               0x08005a9d   Thumb Code     6  scope.o(i.getSamples)
    getScopeState                            0x08005aa9   Thumb Code     6  scope.o(i.getScopeState)
    getTriggerIndex                          0x08005ab5   Thumb Code     6  scope.o(i.getTriggerIndex)
    giveNextCmd                              0x08005ac1   Thumb Code    56  cmd_parser.o(i.giveNextCmd)
    main                                     0x08005b01   Thumb Code   176  main.o(i.main)
    malloc                                   0x08005bc5   Thumb Code    92  malloc.o(i.malloc)
    osDelay                                  0x08005c31   Thumb Code    24  cmsis_os.o(i.osDelay)
    osKernelStart                            0x08005c49   Thumb Code    24  cmsis_os.o(i.osKernelStart)
    osThreadCreate                           0x08005c61   Thumb Code    50  cmsis_os.o(i.osThreadCreate)
    parseGeneratorCmd                        0x08005c95   Thumb Code   342  cmd_parser.o(i.parseGeneratorCmd)
    parseScopeCmd                            0x08005e15   Thumb Code  1254  cmd_parser.o(i.parseScopeCmd)
    pvPortMalloc                             0x08006751   Thumb Code   164  heap_4.o(i.pvPortMalloc)
    pxPortInitialiseStack                    0x08006805   Thumb Code    34  port.o(i.pxPortInitialiseStack)
    samplesPassed                            0x0800682d   Thumb Code    24  scope.o(i.samplesPassed)
    samplingDisable                          0x08006849   Thumb Code    22  adc.o(i.samplingDisable)
    samplingEnable                           0x08006869   Thumb Code    22  adc.o(i.samplingEnable)
    scopeInit                                0x08006889   Thumb Code    72  scope.o(i.scopeInit)
    scopeRestart                             0x080068e1   Thumb Code    18  scope.o(i.scopeRestart)
    scopeSetDefault                          0x08006905   Thumb Code    60  scope.o(i.scopeSetDefault)
    scopeSetNumOfChannels                    0x0800694d   Thumb Code   138  scope.o(i.scopeSetNumOfChannels)
    scopeSetNumOfSamples                     0x080069f9   Thumb Code    64  scope.o(i.scopeSetNumOfSamples)
    scopeSetPretrigger                       0x08006a51   Thumb Code    30  scope.o(i.scopeSetPretrigger)
    scopeSetSamplingFreq                     0x08006a79   Thumb Code    54  scope.o(i.scopeSetSamplingFreq)
    scopeSetTrigChannel                      0x08006acd   Thumb Code    54  scope.o(i.scopeSetTrigChannel)
    scopeSetTrigLevel                        0x08006b1d   Thumb Code    30  scope.o(i.scopeSetTrigLevel)
    scopeSetTriggerEdge                      0x08006b45   Thumb Code    44  scope.o(i.scopeSetTriggerEdge)
    scopeSetTriggerMode                      0x08006b89   Thumb Code    30  scope.o(i.scopeSetTriggerMode)
    scopeStart                               0x08006bb1   Thumb Code    18  scope.o(i.scopeStart)
    scopeStop                                0x08006bd1   Thumb Code    18  scope.o(i.scopeStop)
    updateTrigger                            0x08006bf1   Thumb Code    66  scope.o(i.updateTrigger)
    uxListRemove                             0x08006c45   Thumb Code    40  list.o(i.uxListRemove)
    vApplicationStackOverflowHook            0x08006c6d   Thumb Code     2  freertos.o(i.vApplicationStackOverflowHook)
    vListInitialise                          0x08006c6f   Thumb Code    26  list.o(i.vListInitialise)
    vListInitialiseItem                      0x08006c89   Thumb Code     6  list.o(i.vListInitialiseItem)
    vListInsert                              0x08006c8f   Thumb Code    52  list.o(i.vListInsert)
    vListInsertEnd                           0x08006cc3   Thumb Code    24  list.o(i.vListInsertEnd)
    vPortEnterCritical                       0x08006cdd   Thumb Code    26  port.o(i.vPortEnterCritical)
    vPortExitCritical                        0x08006cfd   Thumb Code    26  port.o(i.vPortExitCritical)
    vPortFree                                0x08006d1d   Thumb Code   112  heap_4.o(i.vPortFree)
    vPortSetupTimerInterrupt                 0x08006d95   Thumb Code    26  port.o(i.vPortSetupTimerInterrupt)
    vPortValidateInterruptPriority           0x08006db5   Thumb Code    80  port.o(i.vPortValidateInterruptPriority)
    vPortYield                               0x08006e11   Thumb Code    18  port.o(i.vPortYield)
    vTaskDelay                               0x08006e29   Thumb Code    48  tasks.o(i.vTaskDelay)
    vTaskMissedYield                         0x08006e61   Thumb Code     8  tasks.o(i.vTaskMissedYield)
    vTaskPlaceOnEventList                    0x08006e6d   Thumb Code    70  tasks.o(i.vTaskPlaceOnEventList)
    vTaskPriorityDisinherit                  0x08006ec1   Thumb Code    70  tasks.o(i.vTaskPriorityDisinherit)
    vTaskPriorityInherit                     0x08006f11   Thumb Code   118  tasks.o(i.vTaskPriorityInherit)
    vTaskSetTimeOutState                     0x08006f95   Thumb Code    28  tasks.o(i.vTaskSetTimeOutState)
    vTaskStartScheduler                      0x08006fb9   Thumb Code    64  tasks.o(i.vTaskStartScheduler)
    vTaskSuspendAll                          0x0800700d   Thumb Code    12  tasks.o(i.vTaskSuspendAll)
    vTaskSwitchContext                       0x0800701d   Thumb Code   150  tasks.o(i.vTaskSwitchContext)
    validateBuffUsage                        0x080070c9   Thumb Code    32  scope.o(i.validateBuffUsage)
    validateGenBuffUsage                     0x080070f1   Thumb Code    32  generator.o(i.validateGenBuffUsage)
    xPortStartScheduler                      0x08007115   Thumb Code   156  port.o(i.xPortStartScheduler)
    xPortSysTickHandler                      0x080071c9   Thumb Code    28  port.o(i.xPortSysTickHandler)
    xQueueCreateMutex                        0x080071e9   Thumb Code    86  queue.o(i.xQueueCreateMutex)
    xQueueGenericCreate                      0x0800723f   Thumb Code    92  queue.o(i.xQueueGenericCreate)
    xQueueGenericReceive                     0x0800729b   Thumb Code   316  queue.o(i.xQueueGenericReceive)
    xQueueGenericReset                       0x080073d7   Thumb Code   120  queue.o(i.xQueueGenericReset)
    xQueueGenericSend                        0x0800744f   Thumb Code   278  queue.o(i.xQueueGenericSend)
    xQueueGenericSendFromISR                 0x08007565   Thumb Code   172  queue.o(i.xQueueGenericSendFromISR)
    xQueueGiveMutexRecursive                 0x08007611   Thumb Code    58  queue.o(i.xQueueGiveMutexRecursive)
    xQueueTakeMutexRecursive                 0x0800764b   Thumb Code    70  queue.o(i.xQueueTakeMutexRecursive)
    xTaskCheckForTimeOut                     0x08007691   Thumb Code   108  tasks.o(i.xTaskCheckForTimeOut)
    xTaskGenericCreate                       0x08007705   Thumb Code   286  tasks.o(i.xTaskGenericCreate)
    xTaskGetCurrentTaskHandle                0x0800783d   Thumb Code     6  tasks.o(i.xTaskGetCurrentTaskHandle)
    xTaskGetSchedulerState                   0x08007849   Thumb Code    24  tasks.o(i.xTaskGetSchedulerState)
    xTaskIncrementTick                       0x08007869   Thumb Code   306  tasks.o(i.xTaskIncrementTick)
    xTaskRemoveFromEventList                 0x080079c9   Thumb Code   112  tasks.o(i.xTaskRemoveFromEventList)
    xTaskResumeAll                           0x08007a51   Thumb Code   198  tasks.o(i.xTaskResumeAll)
    APBAHBPrescTable                         0x08007bb0   Data          16  stm32f4xx_hal_rcc.o(.constdata)
    Region$$Table$$Base                      0x08007c10   Number         0  anon$$obj.o(Region$$Table)
    Region$$Table$$Limit                     0x08007c30   Number         0  anon$$obj.o(Region$$Table)
    USBD_Interface_fops_FS                   0x20000000   Data          16  usbd_cdc_if.o(.data)
    hUsbDevice_0                             0x20000010   Data           4  usbd_cdc_if.o(.data)
    FS_Desc                                  0x20000014   Data          28  usbd_desc.o(.data)
    USBD_FS_DeviceDesc                       0x20000030   Data          18  usbd_desc.o(.data)
    USBD_LangIDDesc                          0x20000044   Data           4  usbd_desc.o(.data)
    USBD_CDC                                 0x20000058   Data          56  usbd_cdc.o(.data)
    USBD_CDC_CfgHSDesc                       0x20000090   Data          67  usbd_cdc.o(.data)
    USBD_CDC_CfgFSDesc                       0x200000d4   Data          67  usbd_cdc.o(.data)
    USBD_CDC_OtherSpeedCfgDesc               0x20000118   Data          67  usbd_cdc.o(.data)
    SystemCoreClock                          0x2000015c   Data           4  system_stm32f4xx.o(.data)
    AHBPrescTable                            0x20000160   Data          16  system_stm32f4xx.o(.data)
    pxCurrentTCB                             0x20000174   Data           4  tasks.o(.data)
    cmdParserMessageQueue                    0x200001cc   Data           4  cmd_parser.o(.data)
    messageQueue                             0x200001d0   Data           4  comms.o(.data)
    scopeMessageQueue                        0x200001e0   Data           4  scope.o(.data)
    blindBuffer                              0x200001e4   Data           6  scope.o(.data)
    blindValue                               0x200001f4   Data           2  generator.o(.data)
    generatorMessageQueue                    0x200001f8   Data           4  generator.o(.data)
    __microlib_freelist                      0x200001fc   Data           4  mvars.o(.data)
    __microlib_freelist_initialised          0x20000200   Data           4  mvars.o(.data)
    UserRxBufferFS                           0x20000204   Data         512  usbd_cdc_if.o(.bss)
    UserTxBufferFS                           0x20000404   Data         512  usbd_cdc_if.o(.bss)
    hUsbDeviceFS                             0x20000604   Data         548  usb_device.o(.bss)
    USBD_StrDesc                             0x20000828   Data         512  usbd_desc.o(.bss)
    hpcd_USB_OTG_FS                          0x20000a28   Data         944  usbd_conf.o(.bss)
    htim3                                    0x20000dd8   Data          60  tim.o(.bss)
    htim6                                    0x20000e14   Data          60  tim.o(.bss)
    hdac                                     0x20000e50   Data          20  dac.o(.bss)
    hadc1                                    0x20000e64   Data          68  adc.o(.bss)
    hadc2                                    0x20000ea8   Data          68  adc.o(.bss)
    hadc3                                    0x20000eec   Data          68  adc.o(.bss)
    hdma_adc1                                0x20000f30   Data          80  adc.o(.bss)
    hdma_adc2                                0x20000f80   Data          80  adc.o(.bss)
    hdma_adc3                                0x20000fd0   Data          80  adc.o(.bss)
    Data                                     0x20001020   Data         192  adc.o(.bss)
    huart2                                   0x200010e0   Data          60  usart.o(.bss)
    scopeBuffer                              0x20005018   Data       101000  scope.o(.bss)
    generatorBuffer                          0x2001dafc   Data        4000  generator.o(.bss)
    __heap_base                              0x2001eaa0   Data           0  startup_stm32f407xx.o(HEAP)
    __heap_limit                             0x2001eca0   Data           0  startup_stm32f407xx.o(HEAP)
    __initial_sp                             0x2001f0a0   Data           0  startup_stm32f407xx.o(STACK)



==============================================================================

Memory Map of the image

  Image Entry point : 0x08000189

  Load Region LR_IROM1 (Base: 0x08000000, Size: 0x00007e34, Max: 0x00100000, ABSOLUTE, COMPRESSED[0x00007d00])

    Execution Region ER_IROM1 (Base: 0x08000000, Size: 0x00007c30, Max: 0x00100000, ABSOLUTE)

    Base Addr    Size         Type   Attr      Idx    E Section Name        Object

    0x08000000   0x00000188   Data   RO         1027    RESET               startup_stm32f407xx.o
    0x08000188   0x00000000   Code   RO         5970  * .ARM.Collect$$$$00000000  mc_w.l(entry.o)
    0x08000188   0x00000004   Code   RO         6007    .ARM.Collect$$$$00000001  mc_w.l(entry2.o)
    0x0800018c   0x00000004   Code   RO         6010    .ARM.Collect$$$$00000004  mc_w.l(entry5.o)
    0x08000190   0x00000000   Code   RO         6012    .ARM.Collect$$$$00000008  mc_w.l(entry7b.o)
    0x08000190   0x00000000   Code   RO         6014    .ARM.Collect$$$$0000000A  mc_w.l(entry8b.o)
    0x08000190   0x00000008   Code   RO         6015    .ARM.Collect$$$$0000000B  mc_w.l(entry9a.o)
    0x08000198   0x00000000   Code   RO         6017    .ARM.Collect$$$$0000000D  mc_w.l(entry10a.o)
    0x08000198   0x00000000   Code   RO         6019    .ARM.Collect$$$$0000000F  mc_w.l(entry11a.o)
    0x08000198   0x00000004   Code   RO         6008    .ARM.Collect$$$$00002712  mc_w.l(entry2.o)
    0x0800019c   0x000000ae   Code   RO         5443    .emb_text           port.o
    0x0800024a   0x00000002   PAD
    0x0800024c   0x00000024   Code   RO         1028    .text               startup_stm32f407xx.o
    0x08000270   0x00000024   Code   RO         5973    .text               mc_w.l(memcpya.o)
    0x08000294   0x00000024   Code   RO         5975    .text               mc_w.l(memseta.o)
    0x080002b8   0x00000024   Code   RO         6023    .text               mc_w.l(init.o)
    0x080002dc   0x0000005c   Code   RO         6033    .text               mc_w.l(__dczerorl2.o)
    0x08000338   0x00000024   Code   RO         4055    i.ADC_DMAConvCplt   stm32f4xx_hal_adc.o
    0x0800035c   0x0000001c   Code   RO         4056    i.ADC_DMAError      stm32f4xx_hal_adc.o
    0x08000378   0x0000000e   Code   RO         4057    i.ADC_DMAHalfConvCplt  stm32f4xx_hal_adc.o
    0x08000386   0x00000002   PAD
    0x08000388   0x00000158   Code   RO          821    i.ADC_DMA_Reconfig  adc.o
    0x080004e0   0x00000150   Code   RO         4058    i.ADC_Init          stm32f4xx_hal_adc.o
    0x08000630   0x00000044   Code   RO          208    i.CDC_Control_FS    usbd_cdc_if.o
    0x08000674   0x00000004   Code   RO          209    i.CDC_DeInit_FS     usbd_cdc_if.o
    0x08000678   0x00000034   Code   RO          210    i.CDC_Init_FS       usbd_cdc_if.o
    0x080006ac   0x0000002c   Code   RO          211    i.CDC_Receive_FS    usbd_cdc_if.o
    0x080006d8   0x00000020   Code   RO          212    i.CDC_Transmit_FS   usbd_cdc_if.o
    0x080006f8   0x00000154   Code   RO         5595    i.CmdParserTask     cmd_parser.o
    0x0800084c   0x000001b4   Code   RO         5642    i.CommTask          comms.o
    0x08000a00   0x00000012   Code   RO         3817    i.DAC_DMAConvCpltCh1  stm32f4xx_hal_dac.o
    0x08000a12   0x00000012   Code   RO         2878    i.DAC_DMAConvCpltCh2  stm32f4xx_hal_dac_ex.o
    0x08000a24   0x0000001a   Code   RO         3818    i.DAC_DMAErrorCh1   stm32f4xx_hal_dac.o
    0x08000a3e   0x0000001a   Code   RO         2879    i.DAC_DMAErrorCh2   stm32f4xx_hal_dac_ex.o
    0x08000a58   0x0000000e   Code   RO         3819    i.DAC_DMAHalfConvCpltCh1  stm32f4xx_hal_dac.o
    0x08000a66   0x0000000e   Code   RO         2880    i.DAC_DMAHalfConvCpltCh2  stm32f4xx_hal_dac_ex.o
    0x08000a74   0x0000003c   Code   RO          761    i.DAC_DMA_Reconfig  dac.o
    0x08000ab0   0x0000014c   Code   RO          822    i.DMA_GetCurrDataCounter  adc.o
    0x08000bfc   0x00000020   Code   RO         1540    i.DMA_SetConfig     stm32f4xx_hal_dma.o
    0x08000c1c   0x00000020   Code   RO          762    i.GeneratingDisable  dac.o
    0x08000c3c   0x00000020   Code   RO          763    i.GeneratingEnable  dac.o
    0x08000c5c   0x00000088   Code   RO         5894    i.GeneratorTask     generator.o
    0x08000ce4   0x0000000c   Code   RO         5717    i.GetNumOfChannels  scope.o
    0x08000cf0   0x00000160   Code   RO         4060    i.HAL_ADC_ConfigChannel  stm32f4xx_hal_adc.o
    0x08000e50   0x00000002   Code   RO         4061    i.HAL_ADC_ConvCpltCallback  stm32f4xx_hal_adc.o
    0x08000e52   0x00000002   Code   RO         4062    i.HAL_ADC_ConvHalfCpltCallback  stm32f4xx_hal_adc.o
    0x08000e54   0x00000002   Code   RO         4064    i.HAL_ADC_ErrorCallback  stm32f4xx_hal_adc.o
    0x08000e56   0x0000003a   Code   RO         4069    i.HAL_ADC_Init      stm32f4xx_hal_adc.o
    0x08000e90   0x00000174   Code   RO          824    i.HAL_ADC_MspInit   adc.o
    0x08001004   0x000000b4   Code   RO         4076    i.HAL_ADC_Start_DMA  stm32f4xx_hal_adc.o
    0x080010b8   0x00000038   Code   RO         4079    i.HAL_ADC_Stop_DMA  stm32f4xx_hal_adc.o
    0x080010f0   0x00000002   Code   RO         2881    i.HAL_DACEx_ConvCpltCallbackCh2  stm32f4xx_hal_dac_ex.o
    0x080010f2   0x00000002   Code   RO         2882    i.HAL_DACEx_ConvHalfCpltCallbackCh2  stm32f4xx_hal_dac_ex.o
    0x080010f4   0x00000002   Code   RO         2886    i.HAL_DACEx_ErrorCallbackCh2  stm32f4xx_hal_dac_ex.o
    0x080010f6   0x00000002   PAD
    0x080010f8   0x0000005c   Code   RO         3820    i.HAL_DAC_ConfigChannel  stm32f4xx_hal_dac.o
    0x08001154   0x00000002   Code   RO         3821    i.HAL_DAC_ConvCpltCallbackCh1  stm32f4xx_hal_dac.o
    0x08001156   0x00000002   Code   RO         3822    i.HAL_DAC_ConvHalfCpltCallbackCh1  stm32f4xx_hal_dac.o
    0x08001158   0x00000002   Code   RO         3825    i.HAL_DAC_ErrorCallbackCh1  stm32f4xx_hal_dac.o
    0x0800115a   0x00000024   Code   RO         3830    i.HAL_DAC_Init      stm32f4xx_hal_dac.o
    0x0800117e   0x00000002   PAD
    0x08001180   0x00000040   Code   RO          765    i.HAL_DAC_MspInit   dac.o
    0x080011c0   0x00000120   Code   RO         3835    i.HAL_DAC_Start_DMA  stm32f4xx_hal_dac.o
    0x080012e0   0x0000004c   Code   RO         3837    i.HAL_DAC_Stop_DMA  stm32f4xx_hal_dac.o
    0x0800132c   0x0000005e   Code   RO         1541    i.HAL_DMA_Abort     stm32f4xx_hal_dma.o
    0x0800138a   0x00000002   PAD
    0x0800138c   0x0000007c   Code   RO         1546    i.HAL_DMA_Init      stm32f4xx_hal_dma.o
    0x08001408   0x0000008e   Code   RO         1549    i.HAL_DMA_Start_IT  stm32f4xx_hal_dma.o
    0x08001496   0x0000001a   Code   RO         1614    i.HAL_Delay         stm32f4xx_hal.o
    0x080014b0   0x00000208   Code   RO         2601    i.HAL_GPIO_Init     stm32f4xx_hal_gpio.o
    0x080016b8   0x0000000c   Code   RO         1626    i.HAL_GetTick       stm32f4xx_hal.o
    0x080016c4   0x00000010   Code   RO         1627    i.HAL_IncTick       stm32f4xx_hal.o
    0x080016d4   0x0000003c   Code   RO         1628    i.HAL_Init          stm32f4xx_hal.o
    0x08001710   0x00000024   Code   RO         1629    i.HAL_InitTick      stm32f4xx_hal.o
    0x08001734   0x00000014   Code   RO            3    i.HAL_MspInit       stm32f4xx_hal_msp.o
    0x08001748   0x0000001c   Code   RO         1948    i.HAL_NVIC_ClearPendingIRQ  stm32f4xx_hal_cortex.o
    0x08001764   0x0000001c   Code   RO         1950    i.HAL_NVIC_EnableIRQ  stm32f4xx_hal_cortex.o
    0x08001780   0x0000007c   Code   RO         1956    i.HAL_NVIC_SetPriority  stm32f4xx_hal_cortex.o
    0x080017fc   0x00000028   Code   RO         1957    i.HAL_NVIC_SetPriorityGrouping  stm32f4xx_hal_cortex.o
    0x08001824   0x0000000a   Code   RO         2774    i.HAL_PCDEx_SetRxFiFo  stm32f4xx_hal_pcd_ex.o
    0x0800182e   0x00000052   Code   RO         2775    i.HAL_PCDEx_SetTxFiFo  stm32f4xx_hal_pcd_ex.o
    0x08001880   0x0000000e   Code   RO          506    i.HAL_PCD_ConnectCallback  usbd_conf.o
    0x0800188e   0x00000020   Code   RO          507    i.HAL_PCD_DataInStageCallback  usbd_conf.o
    0x080018ae   0x00000020   Code   RO          508    i.HAL_PCD_DataOutStageCallback  usbd_conf.o
    0x080018ce   0x0000000e   Code   RO          509    i.HAL_PCD_DisconnectCallback  usbd_conf.o
    0x080018dc   0x0000006a   Code   RO         2075    i.HAL_PCD_EP_Close  stm32f4xx_hal_pcd.o
    0x08001946   0x00000068   Code   RO         2076    i.HAL_PCD_EP_ClrStall  stm32f4xx_hal_pcd.o
    0x080019ae   0x00000018   Code   RO         2078    i.HAL_PCD_EP_GetRxCount  stm32f4xx_hal_pcd.o
    0x080019c6   0x0000008c   Code   RO         2079    i.HAL_PCD_EP_Open   stm32f4xx_hal_pcd.o
    0x08001a52   0x00000078   Code   RO         2080    i.HAL_PCD_EP_Receive  stm32f4xx_hal_pcd.o
    0x08001aca   0x0000007a   Code   RO         2081    i.HAL_PCD_EP_SetStall  stm32f4xx_hal_pcd.o
    0x08001b44   0x0000007a   Code   RO         2082    i.HAL_PCD_EP_Transmit  stm32f4xx_hal_pcd.o
    0x08001bbe   0x00000530   Code   RO         2084    i.HAL_PCD_IRQHandler  stm32f4xx_hal_pcd.o
    0x080020ee   0x00000012   Code   RO          510    i.HAL_PCD_ISOINIncompleteCallback  usbd_conf.o
    0x08002100   0x00000012   Code   RO          511    i.HAL_PCD_ISOOUTIncompleteCallback  usbd_conf.o
    0x08002112   0x00000142   Code   RO         2087    i.HAL_PCD_Init      stm32f4xx_hal_pcd.o
    0x08002254   0x00000078   Code   RO          513    i.HAL_PCD_MspInit   usbd_conf.o
    0x080022cc   0x00000032   Code   RO          514    i.HAL_PCD_ResetCallback  usbd_conf.o
    0x080022fe   0x0000000e   Code   RO          515    i.HAL_PCD_ResumeCallback  usbd_conf.o
    0x0800230c   0x0000000e   Code   RO          516    i.HAL_PCD_SOFCallback  usbd_conf.o
    0x0800231a   0x00000032   Code   RO         2093    i.HAL_PCD_SetAddress  stm32f4xx_hal_pcd.o
    0x0800234c   0x00000012   Code   RO          517    i.HAL_PCD_SetupStageCallback  usbd_conf.o
    0x0800235e   0x00000034   Code   RO         2095    i.HAL_PCD_Start     stm32f4xx_hal_pcd.o
    0x08002392   0x0000000e   Code   RO          518    i.HAL_PCD_SuspendCallback  usbd_conf.o
    0x080023a0   0x0000024c   Code   RO         1848    i.HAL_RCC_ClockConfig  stm32f4xx_hal_rcc.o
    0x080025ec   0x00000038   Code   RO         1853    i.HAL_RCC_GetHCLKFreq  stm32f4xx_hal_rcc.o
    0x08002624   0x0000002c   Code   RO         1855    i.HAL_RCC_GetPCLK1Freq  stm32f4xx_hal_rcc.o
    0x08002650   0x0000002c   Code   RO         1856    i.HAL_RCC_GetPCLK2Freq  stm32f4xx_hal_rcc.o
    0x0800267c   0x000000c4   Code   RO         1857    i.HAL_RCC_GetSysClockFreq  stm32f4xx_hal_rcc.o
    0x08002740   0x000003f8   Code   RO         1860    i.HAL_RCC_OscConfig  stm32f4xx_hal_rcc.o
    0x08002b38   0x00000034   Code   RO         1961    i.HAL_SYSTICK_Config  stm32f4xx_hal_cortex.o
    0x08002b6c   0x00000062   Code   RO         4239    i.HAL_TIMEx_MasterConfigSynchronization  stm32f4xx_hal_tim_ex.o
    0x08002bce   0x0000002e   Code   RO         2960    i.HAL_TIM_Base_Init  stm32f4xx_hal_tim.o
    0x08002bfc   0x00000038   Code   RO          692    i.HAL_TIM_Base_MspInit  tim.o
    0x08002c34   0x0000001e   Code   RO         2963    i.HAL_TIM_Base_Start  stm32f4xx_hal_tim.o
    0x08002c52   0x00000038   Code   RO         2966    i.HAL_TIM_Base_Stop  stm32f4xx_hal_tim.o
    0x08002c8a   0x0000006a   Code   RO         3600    i.HAL_UART_Init     stm32f4xx_hal_uart.o
    0x08002cf4   0x00000068   Code   RO          928    i.HAL_UART_MspInit  usart.o
    0x08002d5c   0x00000060   Code   RO          825    i.MX_ADC1_Init      adc.o
    0x08002dbc   0x00000060   Code   RO          826    i.MX_ADC2_Init      adc.o
    0x08002e1c   0x00000060   Code   RO          827    i.MX_ADC3_Init      adc.o
    0x08002e7c   0x00000034   Code   RO          766    i.MX_DAC_Init       dac.o
    0x08002eb0   0x0000001c   Code   RO          741    i.MX_DMA_Init       dma.o
    0x08002ecc   0x00000160   Code   RO          895    i.MX_GPIO_Init      gpio.o
    0x0800302c   0x0000003c   Code   RO          693    i.MX_TIM3_Init      tim.o
    0x08003068   0x0000003c   Code   RO          694    i.MX_TIM6_Init      tim.o
    0x080030a4   0x00000030   Code   RO          929    i.MX_USART2_UART_Init  usart.o
    0x080030d4   0x00000034   Code   RO          409    i.MX_USB_DEVICE_Init  usb_device.o
    0x08003108   0x00000010   Code   RO         1963    i.NVIC_GetPriorityGrouping  stm32f4xx_hal_cortex.o
    0x08003118   0x00000028   Code   RO         1964    i.NVIC_SetPriority  stm32f4xx_hal_cortex.o
    0x08003140   0x00000014   Code   RO          130    i.OTG_FS_IRQHandler  stm32f4xx_it.o
    0x08003154   0x000000b0   Code   RO         2098    i.PCD_WriteEmptyTxFifo  stm32f4xx_hal_pcd.o
    0x08003204   0x0000012c   Code   RO         5718    i.ScopeTask         scope.o
    0x08003330   0x00000258   Code   RO         5719    i.ScopeTriggerTask  scope.o
    0x08003588   0x0000001c   Code   RO          312    i.StartThread       main.o
    0x080035a4   0x00000012   Code   RO          131    i.SysTick_Handler   stm32f4xx_it.o
    0x080035b6   0x00000002   PAD
    0x080035b8   0x00000070   Code   RO          313    i.SystemClock_Config  main.o
    0x08003628   0x00000064   Code   RO         1417    i.SystemInit        system_stm32f4xx.o
    0x0800368c   0x000000e4   Code   RO         3046    i.TIM_Base_SetConfig  stm32f4xx_hal_tim.o
    0x08003770   0x000000aa   Code   RO          695    i.TIM_Reconfig      tim.o
    0x0800381a   0x00000002   PAD
    0x0800381c   0x00000228   Code   RO         3619    i.UART_SetConfig    stm32f4xx_hal_uart.o
    0x08003a44   0x0000001a   Code   RO          930    i.UARTsendBuff      usart.o
    0x08003a5e   0x00000002   PAD
    0x08003a60   0x00000018   Code   RO          931    i.UARTsendChar      usart.o
    0x08003a78   0x0000001c   Code   RO          132    i.USART2_IRQHandler  stm32f4xx_it.o
    0x08003a94   0x0000001a   Code   RO         1181    i.USBD_CDC_DataIn   usbd_cdc.o
    0x08003aae   0x00000034   Code   RO         1182    i.USBD_CDC_DataOut  usbd_cdc.o
    0x08003ae2   0x00000040   Code   RO         1183    i.USBD_CDC_DeInit   usbd_cdc.o
    0x08003b22   0x00000032   Code   RO         1184    i.USBD_CDC_EP0_RxReady  usbd_cdc.o
    0x08003b54   0x00000010   Code   RO         1185    i.USBD_CDC_GetDeviceQualifierDescriptor  usbd_cdc.o
    0x08003b64   0x00000010   Code   RO         1186    i.USBD_CDC_GetFSCfgDesc  usbd_cdc.o
    0x08003b74   0x00000010   Code   RO         1187    i.USBD_CDC_GetHSCfgDesc  usbd_cdc.o
    0x08003b84   0x00000010   Code   RO         1188    i.USBD_CDC_GetOtherSpeedCfgDesc  usbd_cdc.o
    0x08003b94   0x000000a6   Code   RO         1189    i.USBD_CDC_Init     usbd_cdc.o
    0x08003c3a   0x0000003a   Code   RO         1190    i.USBD_CDC_ReceivePacket  usbd_cdc.o
    0x08003c74   0x0000000e   Code   RO         1191    i.USBD_CDC_RegisterInterface  usbd_cdc.o
    0x08003c82   0x0000000e   Code   RO         1192    i.USBD_CDC_SetRxBuffer  usbd_cdc.o
    0x08003c90   0x00000014   Code   RO         1193    i.USBD_CDC_SetTxBuffer  usbd_cdc.o
    0x08003ca4   0x0000006a   Code   RO         1194    i.USBD_CDC_Setup    usbd_cdc.o
    0x08003d0e   0x00000038   Code   RO         1195    i.USBD_CDC_TransmitPacket  usbd_cdc.o
    0x08003d46   0x00000016   Code   RO         1282    i.USBD_ClrClassConfig  usbd_core.o
    0x08003d5c   0x00000044   Code   RO         1034    i.USBD_ClrFeature   usbd_ctlreq.o
    0x08003da0   0x00000018   Code   RO         1125    i.USBD_CtlContinueRx  usbd_ioreq.o
    0x08003db8   0x00000018   Code   RO         1126    i.USBD_CtlContinueSendData  usbd_ioreq.o
    0x08003dd0   0x00000018   Code   RO         1035    i.USBD_CtlError     usbd_ctlreq.o
    0x08003de8   0x00000028   Code   RO         1127    i.USBD_CtlPrepareRx  usbd_ioreq.o
    0x08003e10   0x0000001a   Code   RO         1128    i.USBD_CtlReceiveStatus  usbd_ioreq.o
    0x08003e2a   0x00000022   Code   RO         1129    i.USBD_CtlSendData  usbd_ioreq.o
    0x08003e4c   0x0000001a   Code   RO         1130    i.USBD_CtlSendStatus  usbd_ioreq.o
    0x08003e66   0x00000002   PAD
    0x08003e68   0x00000034   Code   RO          443    i.USBD_FS_ConfigStrDescriptor  usbd_desc.o
    0x08003e9c   0x00000010   Code   RO          444    i.USBD_FS_DeviceDescriptor  usbd_desc.o
    0x08003eac   0x00000038   Code   RO          445    i.USBD_FS_InterfaceStrDescriptor  usbd_desc.o
    0x08003ee4   0x00000010   Code   RO          446    i.USBD_FS_LangIDStrDescriptor  usbd_desc.o
    0x08003ef4   0x0000002c   Code   RO          447    i.USBD_FS_ManufacturerStrDescriptor  usbd_desc.o
    0x08003f20   0x00000040   Code   RO          448    i.USBD_FS_ProductStrDescriptor  usbd_desc.o
    0x08003f60   0x00000038   Code   RO          449    i.USBD_FS_SerialStrDescriptor  usbd_desc.o
    0x08003f98   0x00000050   Code   RO         1036    i.USBD_GetConfig    usbd_ctlreq.o
    0x08003fe8   0x00000148   Code   RO         1037    i.USBD_GetDescriptor  usbd_ctlreq.o
    0x08004130   0x00000014   Code   RO         1038    i.USBD_GetLen       usbd_ctlreq.o
    0x08004144   0x00000044   Code   RO         1039    i.USBD_GetStatus    usbd_ctlreq.o
    0x08004188   0x00000052   Code   RO         1040    i.USBD_GetString    usbd_ctlreq.o
    0x080041da   0x00000032   Code   RO         1284    i.USBD_Init         usbd_core.o
    0x0800420c   0x00000014   Code   RO          519    i.USBD_LL_ClearStallEP  usbd_conf.o
    0x08004220   0x00000014   Code   RO          520    i.USBD_LL_CloseEP   usbd_conf.o
    0x08004234   0x000000c2   Code   RO         1285    i.USBD_LL_DataInStage  usbd_core.o
    0x080042f6   0x00000086   Code   RO         1286    i.USBD_LL_DataOutStage  usbd_core.o
    0x0800437c   0x00000006   Code   RO         1287    i.USBD_LL_DevConnected  usbd_core.o
    0x08004382   0x0000001a   Code   RO         1288    i.USBD_LL_DevDisconnected  usbd_core.o
    0x0800439c   0x00000012   Code   RO          524    i.USBD_LL_GetRxDataSize  usbd_conf.o
    0x080043ae   0x00000002   PAD
    0x080043b0   0x00000064   Code   RO          525    i.USBD_LL_Init      usbd_conf.o
    0x08004414   0x00000038   Code   RO          526    i.USBD_LL_IsStallEP  usbd_conf.o
    0x0800444c   0x00000006   Code   RO         1289    i.USBD_LL_IsoINIncomplete  usbd_core.o
    0x08004452   0x00000006   Code   RO         1290    i.USBD_LL_IsoOUTIncomplete  usbd_core.o
    0x08004458   0x00000020   Code   RO          527    i.USBD_LL_OpenEP    usbd_conf.o
    0x08004478   0x00000020   Code   RO          528    i.USBD_LL_PrepareReceive  usbd_conf.o
    0x08004498   0x00000044   Code   RO         1291    i.USBD_LL_Reset     usbd_core.o
    0x080044dc   0x0000000e   Code   RO         1292    i.USBD_LL_Resume    usbd_core.o
    0x080044ea   0x00000022   Code   RO         1293    i.USBD_LL_SOF       usbd_core.o
    0x0800450c   0x00000008   Code   RO         1294    i.USBD_LL_SetSpeed  usbd_core.o
    0x08004514   0x00000014   Code   RO          529    i.USBD_LL_SetUSBAddress  usbd_conf.o
    0x08004528   0x0000006e   Code   RO         1295    i.USBD_LL_SetupStage  usbd_core.o
    0x08004596   0x00000014   Code   RO          530    i.USBD_LL_StallEP   usbd_conf.o
    0x080045aa   0x00000010   Code   RO          531    i.USBD_LL_Start     usbd_conf.o
    0x080045ba   0x00000014   Code   RO         1296    i.USBD_LL_Suspend   usbd_core.o
    0x080045ce   0x00000020   Code   RO          533    i.USBD_LL_Transmit  usbd_conf.o
    0x080045ee   0x00000028   Code   RO         1041    i.USBD_ParseSetupRequest  usbd_ctlreq.o
    0x08004616   0x00000010   Code   RO         1297    i.USBD_RegisterClass  usbd_core.o
    0x08004626   0x00000006   Code   RO         1298    i.USBD_RunTestMode  usbd_core.o
    0x0800462c   0x00000054   Code   RO         1042    i.USBD_SetAddress   usbd_ctlreq.o
    0x08004680   0x00000022   Code   RO         1299    i.USBD_SetClassConfig  usbd_core.o
    0x080046a2   0x00000002   PAD
    0x080046a4   0x000000e0   Code   RO         1043    i.USBD_SetConfig    usbd_ctlreq.o
    0x08004784   0x00000024   Code   RO         1044    i.USBD_SetFeature   usbd_ctlreq.o
    0x080047a8   0x0000000e   Code   RO         1300    i.USBD_Start        usbd_core.o
    0x080047b6   0x00000072   Code   RO         1045    i.USBD_StdDevReq    usbd_ctlreq.o
    0x08004828   0x0000013c   Code   RO         1046    i.USBD_StdEPReq     usbd_ctlreq.o
    0x08004964   0x0000004a   Code   RO         1047    i.USBD_StdItfReq    usbd_ctlreq.o
    0x080049ae   0x00000002   PAD
    0x080049b0   0x000000c0   Code   RO         2278    i.USB_ActivateEndpoint  stm32f4xx_ll_usb.o
    0x08004a70   0x00000044   Code   RO         2279    i.USB_ActivateSetup  stm32f4xx_ll_usb.o
    0x08004ab4   0x00000070   Code   RO         2281    i.USB_CoreInit      stm32f4xx_ll_usb.o
    0x08004b24   0x00000048   Code   RO         2282    i.USB_CoreReset     stm32f4xx_ll_usb.o
    0x08004b6c   0x000000a8   Code   RO         2284    i.USB_DeactivateEndpoint  stm32f4xx_ll_usb.o
    0x08004c14   0x0000001e   Code   RO         2285    i.USB_DevConnect    stm32f4xx_ll_usb.o
    0x08004c32   0x0000001e   Code   RO         2286    i.USB_DevDisconnect  stm32f4xx_ll_usb.o
    0x08004c50   0x000001a4   Code   RO         2287    i.USB_DevInit       stm32f4xx_ll_usb.o
    0x08004df4   0x0000000e   Code   RO         2288    i.USB_DisableGlobalInt  stm32f4xx_ll_usb.o
    0x08004e02   0x00000002   PAD
    0x08004e04   0x000001b0   Code   RO         2291    i.USB_EP0StartXfer  stm32f4xx_ll_usb.o
    0x08004fb4   0x00000044   Code   RO         2292    i.USB_EP0_OutStart  stm32f4xx_ll_usb.o
    0x08004ff8   0x00000088   Code   RO         2293    i.USB_EPClearStall  stm32f4xx_ll_usb.o
    0x08005080   0x0000008c   Code   RO         2294    i.USB_EPSetStall    stm32f4xx_ll_usb.o
    0x0800510c   0x000002d0   Code   RO         2295    i.USB_EPStartXfer   stm32f4xx_ll_usb.o
    0x080053dc   0x0000000e   Code   RO         2296    i.USB_EnableGlobalInt  stm32f4xx_ll_usb.o
    0x080053ea   0x00000002   PAD
    0x080053ec   0x0000002c   Code   RO         2297    i.USB_FlushRxFifo   stm32f4xx_ll_usb.o
    0x08005418   0x00000030   Code   RO         2298    i.USB_FlushTxFifo   stm32f4xx_ll_usb.o
    0x08005448   0x00000044   Code   RO         2300    i.USB_GetDevSpeed   stm32f4xx_ll_usb.o
    0x0800548c   0x0000000a   Code   RO         2302    i.USB_GetMode       stm32f4xx_ll_usb.o
    0x08005496   0x00000012   Code   RO         2309    i.USB_ReadDevAllInEpInterrupt  stm32f4xx_ll_usb.o
    0x080054a8   0x00000012   Code   RO         2310    i.USB_ReadDevAllOutEpInterrupt  stm32f4xx_ll_usb.o
    0x080054ba   0x0000002c   Code   RO         2311    i.USB_ReadDevInEPInterrupt  stm32f4xx_ll_usb.o
    0x080054e6   0x00000016   Code   RO         2312    i.USB_ReadDevOutEPInterrupt  stm32f4xx_ll_usb.o
    0x080054fc   0x0000000c   Code   RO         2313    i.USB_ReadInterrupts  stm32f4xx_ll_usb.o
    0x08005508   0x00000028   Code   RO         2314    i.USB_ReadPacket    stm32f4xx_ll_usb.o
    0x08005530   0x00000030   Code   RO         2316    i.USB_SetCurrentMode  stm32f4xx_ll_usb.o
    0x08005560   0x00000028   Code   RO         2317    i.USB_SetDevAddress  stm32f4xx_ll_usb.o
    0x08005588   0x00000014   Code   RO         2318    i.USB_SetDevSpeed   stm32f4xx_ll_usb.o
    0x0800559c   0x0000003a   Code   RO         2321    i.USB_WritePacket   stm32f4xx_ll_usb.o
    0x080055d6   0x0000000e   Code   RO         6027    i.__scatterload_copy  mc_w.l(handlers.o)
    0x080055e4   0x00000002   Code   RO         6028    i.__scatterload_null  mc_w.l(handlers.o)
    0x080055e6   0x0000000e   Code   RO         6029    i.__scatterload_zeroinit  mc_w.l(handlers.o)
    0x080055f4   0x00000060   Code   RO         5645    i.commBufferReadByte  comms.o
    0x08005654   0x00000026   Code   RO         5646    i.commBufferReadNBytes  comms.o
    0x0800567a   0x00000002   PAD
    0x0800567c   0x00000060   Code   RO         5647    i.commBufferStoreByte  comms.o
    0x080056dc   0x00000040   Code   RO         5648    i.commInputByte     comms.o
    0x0800571c   0x00000024   Code   RO         5649    i.commsInit         comms.o
    0x08005740   0x0000001c   Code   RO          978    i.commsRecieveUART  comms_hal.o
    0x0800575c   0x0000001c   Code   RO          979    i.commsRecieveUSB   comms_hal.o
    0x08005778   0x00000030   Code   RO          981    i.commsSendBuff     comms_hal.o
    0x080057a8   0x0000003c   Code   RO          982    i.commsSendString   comms_hal.o
    0x080057e4   0x00000050   Code   RO         5979    i.free              mc_w.l(malloc.o)
    0x08005834   0x0000004c   Code   RO         5895    i.genInit           generator.o
    0x08005880   0x00000040   Code   RO         5896    i.genSetData        generator.o
    0x080058c0   0x00000044   Code   RO         5897    i.genSetFrequency   generator.o
    0x08005904   0x00000048   Code   RO         5898    i.genSetLength      generator.o
    0x0800594c   0x00000070   Code   RO         5899    i.genSetNumOfChannels  generator.o
    0x080059bc   0x00000020   Code   RO         5900    i.genStart          generator.o
    0x080059dc   0x00000020   Code   RO         5901    i.genStop           generator.o
    0x080059fc   0x00000030   Code   RO         5902    i.generatorSetDefault  generator.o
    0x08005a2c   0x0000000c   Code   RO         5720    i.getADCRes         scope.o
    0x08005a38   0x0000003c   Code   RO         5650    i.getBytesAvailable  comms.o
    0x08005a74   0x00000010   Code   RO         5721    i.getDataPointer    scope.o
    0x08005a84   0x0000000c   Code   RO         5722    i.getOneChanMemSize  scope.o
    0x08005a90   0x0000000c   Code   RO         5723    i.getPretrigger     scope.o
    0x08005a9c   0x0000000c   Code   RO         5724    i.getSamples        scope.o
    0x08005aa8   0x0000000c   Code   RO         5725    i.getScopeState     scope.o
    0x08005ab4   0x0000000c   Code   RO         5726    i.getTriggerIndex   scope.o
    0x08005ac0   0x00000040   Code   RO         5596    i.giveNextCmd       cmd_parser.o
    0x08005b00   0x000000b4   Code   RO          314    i.main              main.o
    0x08005bb4   0x0000000e   Code   RO         5094    i.makeFreeRtosPriority  cmsis_os.o
    0x08005bc2   0x00000002   PAD
    0x08005bc4   0x0000006c   Code   RO         5980    i.malloc            mc_w.l(malloc.o)
    0x08005c30   0x00000018   Code   RO         5095    i.osDelay           cmsis_os.o
    0x08005c48   0x00000018   Code   RO         5098    i.osKernelStart     cmsis_os.o
    0x08005c60   0x00000032   Code   RO         5125    i.osThreadCreate    cmsis_os.o
    0x08005c92   0x00000002   PAD
    0x08005c94   0x00000180   Code   RO         5597    i.parseGeneratorCmd  cmd_parser.o
    0x08005e14   0x000004fc   Code   RO         5598    i.parseScopeCmd     cmd_parser.o
    0x08006310   0x00000054   Code   RO         4668    i.prvAddCurrentTaskToDelayedList  tasks.o
    0x08006364   0x0000003a   Code   RO         4669    i.prvAllocateTCBAndStack  tasks.o
    0x0800639e   0x00000002   PAD
    0x080063a0   0x00000064   Code   RO         4670    i.prvCheckTasksWaitingTermination  tasks.o
    0x08006404   0x0000002a   Code   RO         4927    i.prvCopyDataFromQueue  queue.o
    0x0800642e   0x00000076   Code   RO         4928    i.prvCopyDataToQueue  queue.o
    0x080064a4   0x00000012   Code   RO         4671    i.prvDeleteTCB      tasks.o
    0x080064b6   0x00000002   PAD
    0x080064b8   0x0000007c   Code   RO         5550    i.prvHeapInit       heap_4.o
    0x08006534   0x00000018   Code   RO         4672    i.prvIdleTask       tasks.o
    0x0800654c   0x00000056   Code   RO         4673    i.prvInitialiseTCBVariables  tasks.o
    0x080065a2   0x00000002   PAD
    0x080065a4   0x00000068   Code   RO         4674    i.prvInitialiseTaskLists  tasks.o
    0x0800660c   0x00000068   Code   RO         5551    i.prvInsertBlockIntoFreeList  heap_4.o
    0x08006674   0x0000001a   Code   RO         4929    i.prvIsQueueEmpty   queue.o
    0x0800668e   0x0000001e   Code   RO         4930    i.prvIsQueueFull    queue.o
    0x080066ac   0x00000024   Code   RO         5444    i.prvTaskExitError  port.o
    0x080066d0   0x0000007e   Code   RO         4931    i.prvUnlockQueue    queue.o
    0x0800674e   0x00000002   PAD
    0x08006750   0x000000b4   Code   RO         5552    i.pvPortMalloc      heap_4.o
    0x08006804   0x00000028   Code   RO         5445    i.pxPortInitialiseStack  port.o
    0x0800682c   0x0000001c   Code   RO         5727    i.samplesPassed     scope.o
    0x08006848   0x00000020   Code   RO          828    i.samplingDisable   adc.o
    0x08006868   0x00000020   Code   RO          829    i.samplingEnable    adc.o
    0x08006888   0x00000058   Code   RO         5728    i.scopeInit         scope.o
    0x080068e0   0x00000024   Code   RO         5729    i.scopeRestart      scope.o
    0x08006904   0x00000048   Code   RO         5730    i.scopeSetDefault   scope.o
    0x0800694c   0x000000ac   Code   RO         5731    i.scopeSetNumOfChannels  scope.o
    0x080069f8   0x00000058   Code   RO         5732    i.scopeSetNumOfSamples  scope.o
    0x08006a50   0x00000028   Code   RO         5733    i.scopeSetPretrigger  scope.o
    0x08006a78   0x00000054   Code   RO         5734    i.scopeSetSamplingFreq  scope.o
    0x08006acc   0x00000050   Code   RO         5735    i.scopeSetTrigChannel  scope.o
    0x08006b1c   0x00000028   Code   RO         5736    i.scopeSetTrigLevel  scope.o
    0x08006b44   0x00000044   Code   RO         5737    i.scopeSetTriggerEdge  scope.o
    0x08006b88   0x00000028   Code   RO         5738    i.scopeSetTriggerMode  scope.o
    0x08006bb0   0x00000020   Code   RO         5739    i.scopeStart        scope.o
    0x08006bd0   0x00000020   Code   RO         5740    i.scopeStop         scope.o
    0x08006bf0   0x00000054   Code   RO         5741    i.updateTrigger     scope.o
    0x08006c44   0x00000028   Code   RO         5514    i.uxListRemove      list.o
    0x08006c6c   0x00000002   Code   RO          913    i.vApplicationStackOverflowHook  freertos.o
    0x08006c6e   0x0000001a   Code   RO         5515    i.vListInitialise   list.o
    0x08006c88   0x00000006   Code   RO         5516    i.vListInitialiseItem  list.o
    0x08006c8e   0x00000034   Code   RO         5517    i.vListInsert       list.o
    0x08006cc2   0x00000018   Code   RO         5518    i.vListInsertEnd    list.o
    0x08006cda   0x00000002   PAD
    0x08006cdc   0x00000020   Code   RO         5447    i.vPortEnterCritical  port.o
    0x08006cfc   0x00000020   Code   RO         5448    i.vPortExitCritical  port.o
    0x08006d1c   0x00000078   Code   RO         5553    i.vPortFree         heap_4.o
    0x08006d94   0x00000020   Code   RO         5449    i.vPortSetupTimerInterrupt  port.o
    0x08006db4   0x0000005c   Code   RO         5450    i.vPortValidateInterruptPriority  port.o
    0x08006e10   0x00000018   Code   RO         5451    i.vPortYield        port.o
    0x08006e28   0x00000038   Code   RO         4681    i.vTaskDelay        tasks.o
    0x08006e60   0x0000000c   Code   RO         4685    i.vTaskMissedYield  tasks.o
    0x08006e6c   0x00000054   Code   RO         4686    i.vTaskPlaceOnEventList  tasks.o
    0x08006ec0   0x00000050   Code   RO         4687    i.vTaskPriorityDisinherit  tasks.o
    0x08006f10   0x00000084   Code   RO         4688    i.vTaskPriorityInherit  tasks.o
    0x08006f94   0x00000024   Code   RO         4692    i.vTaskSetTimeOutState  tasks.o
    0x08006fb8   0x00000054   Code   RO         4693    i.vTaskStartScheduler  tasks.o
    0x0800700c   0x00000010   Code   RO         4695    i.vTaskSuspendAll   tasks.o
    0x0800701c   0x000000ac   Code   RO         4696    i.vTaskSwitchContext  tasks.o
    0x080070c8   0x00000028   Code   RO         5742    i.validateBuffUsage  scope.o
    0x080070f0   0x00000024   Code   RO         5903    i.validateGenBuffUsage  generator.o
    0x08007114   0x000000b4   Code   RO         5452    i.xPortStartScheduler  port.o
    0x080071c8   0x00000020   Code   RO         5453    i.xPortSysTickHandler  port.o
    0x080071e8   0x00000056   Code   RO         4942    i.xQueueCreateMutex  queue.o
    0x0800723e   0x0000005c   Code   RO         4943    i.xQueueGenericCreate  queue.o
    0x0800729a   0x0000013c   Code   RO         4944    i.xQueueGenericReceive  queue.o
    0x080073d6   0x00000078   Code   RO         4945    i.xQueueGenericReset  queue.o
    0x0800744e   0x00000116   Code   RO         4946    i.xQueueGenericSend  queue.o
    0x08007564   0x000000ac   Code   RO         4947    i.xQueueGenericSendFromISR  queue.o
    0x08007610   0x0000003a   Code   RO         4948    i.xQueueGiveMutexRecursive  queue.o
    0x0800764a   0x00000046   Code   RO         4953    i.xQueueTakeMutexRecursive  queue.o
    0x08007690   0x00000074   Code   RO         4697    i.xTaskCheckForTimeOut  tasks.o
    0x08007704   0x00000138   Code   RO         4698    i.xTaskGenericCreate  tasks.o
    0x0800783c   0x0000000c   Code   RO         4699    i.xTaskGetCurrentTaskHandle  tasks.o
    0x08007848   0x00000020   Code   RO         4700    i.xTaskGetSchedulerState  tasks.o
    0x08007868   0x00000160   Code   RO         4703    i.xTaskIncrementTick  tasks.o
    0x080079c8   0x00000088   Code   RO         4705    i.xTaskRemoveFromEventList  tasks.o
    0x08007a50   0x000000e8   Code   RO         4706    i.xTaskResumeAll    tasks.o
    0x08007b38   0x00000078   Data   RO          315    .constdata          main.o
    0x08007bb0   0x00000010   Data   RO         1861    .constdata          stm32f4xx_hal_rcc.o
    0x08007bc0   0x0000004e   Data   RO          316    .conststring        main.o
    0x08007c0e   0x00000002   PAD
    0x08007c10   0x00000020   Data   RO         6025    Region$$Table       anon$$obj.o


    Execution Region RW_IRAM1 (Base: 0x20000000, Size: 0x0001f0a0, Max: 0x00020000, ABSOLUTE, COMPRESSED[0x000000d0])

    Base Addr    Size         Type   Attr      Idx    E Section Name        Object

    0x20000000   0x00000014   Data   RW          214    .data               usbd_cdc_if.o
    0x20000014   0x00000034   Data   RW          451    .data               usbd_desc.o
    0x20000048   0x00000001   Data   RW         1048    .data               usbd_ctlreq.o
    0x20000049   0x00000003   PAD
    0x2000004c   0x0000010f   Data   RW         1196    .data               usbd_cdc.o
    0x2000015b   0x00000001   PAD
    0x2000015c   0x00000014   Data   RW         1418    .data               system_stm32f4xx.o
    0x20000170   0x00000004   Data   RW         1634    .data               stm32f4xx_hal.o
    0x20000174   0x00000038   Data   RW         4709    .data               tasks.o
    0x200001ac   0x0000000c   Data   RW         5454    .data               port.o
    0x200001b8   0x00000014   Data   RW         5557    .data               heap_4.o
    0x200001cc   0x00000004   Data   RW         5599    .data               cmd_parser.o
    0x200001d0   0x00000008   Data   RW         5652    .data               comms.o
    0x200001d8   0x0000001c   Data   RW         5744    .data               scope.o
    0x200001f4   0x00000008   Data   RW         5905    .data               generator.o
    0x200001fc   0x00000004   Data   RW         6021    .data               mc_w.l(mvars.o)
    0x20000200   0x00000004   Data   RW         6022    .data               mc_w.l(mvars.o)
    0x20000204   0x00000400   Zero   RW          213    .bss                usbd_cdc_if.o
    0x20000604   0x00000224   Zero   RW          410    .bss                usb_device.o
    0x20000828   0x00000200   Zero   RW          450    .bss                usbd_desc.o
    0x20000a28   0x000003b0   Zero   RW          534    .bss                usbd_conf.o
    0x20000dd8   0x00000078   Zero   RW          696    .bss                tim.o
    0x20000e50   0x00000014   Zero   RW          767    .bss                dac.o
    0x20000e64   0x0000027c   Zero   RW          830    .bss                adc.o
    0x200010e0   0x0000003c   Zero   RW          932    .bss                usart.o
    0x2000111c   0x000000f0   Zero   RW         4708    .bss                tasks.o
    0x2000120c   0x00003c00   Zero   RW         5556    .bss                heap_4.o
    0x20004e0c   0x0000020c   Zero   RW         5651    .bss                comms.o
    0x20005018   0x00018ac0   Zero   RW         5743    .bss                scope.o
    0x2001dad8   0x00000fc4   Zero   RW         5904    .bss                generator.o
    0x2001ea9c   0x00000004   PAD
    0x2001eaa0   0x00000200   Zero   RW         1026    HEAP                startup_stm32f407xx.o
    0x2001eca0   0x00000400   Zero   RW         1025    STACK               startup_stm32f407xx.o


==============================================================================

Image component sizes


      Code (inc. data)   RO Data    RW Data    ZI Data      Debug   Object Name

      1400        122          0          0        636       5205   adc.o
      2064        264          0          4          0       6414   cmd_parser.o
       112          0          0          0          0       6863   cmsis_os.o
       826         88          0          8        524       5436   comms.o
       164         22          0          0          0       2635   comms_hal.o
       240         48          0          0         20       3037   dac.o
        28          4          0          0          0        426   dma.o
         2          0          0          0          0        556   freertos.o
       676        142          0          8       4036       6231   generator.o
       352         30          0          0          0        715   gpio.o
       528         54          0         20      15360       4271   heap_4.o
       148          0          0          0          0       3518   list.o
       320         20        198          0          0       2348   main.o
       674         90          0         12          0       7014   port.o
      1534          0          0          0          0      11991   queue.o
      2024        404          0         28     101056      15381   scope.o
        36          8        392          0       1536        908   startup_stm32f407xx.o
       150         16          0          4          0       4010   stm32f4xx_hal.o
      1066         34          0          0          0       7316   stm32f4xx_hal_adc.o
       328         28          0          0          0      31346   stm32f4xx_hal_cortex.o
       556         30          0          0          0       6989   stm32f4xx_hal_dac.o
        64          0          0          0          0       3961   stm32f4xx_hal_dac_ex.o
       392          4          0          0          0       3330   stm32f4xx_hal_dma.o
       520         54          0          0          0       2488   stm32f4xx_hal_gpio.o
        20          0          0          0          0     351786   stm32f4xx_hal_msp.o
      2666          0          0          0          0      10461   stm32f4xx_hal_pcd.o
        92          0          0          0          0       1780   stm32f4xx_hal_pcd_ex.o
      1944         70         16          0          0       5871   stm32f4xx_hal_rcc.o
       360         44          0          0          0       3034   stm32f4xx_hal_tim.o
        98          0          0          0          0       1144   stm32f4xx_hal_tim_ex.o
       658          8          0          0          0       1808   stm32f4xx_hal_uart.o
        66         10          0          0          0      18674   stm32f4xx_it.o
      3106         60          0          0          0      19954   stm32f4xx_ll_usb.o
       100         18          0         20          0       1305   system_stm32f4xx.o
      2338        330          0         56        240      20618   tasks.o
       346         32          0          0        120       2950   tim.o
       202         26          0          0         60       2628   usart.o
        52         16          0          0        548        680   usb_device.o
       690         24          0        271          0      12754   usbd_cdc.o
       200         28          0         20       1024       9364   usbd_cdc_if.o
       724         12          0          0        944      13866   usbd_conf.o
       768          0          0          0          0      12321   usbd_core.o
      1558         30          0          1          0      10384   usbd_ctlreq.o
       304        128          0         52        512       5175   usbd_desc.o
       174          0          0          0          0       4484   usbd_ioreq.o

    ----------------------------------------------------------------------
     30714       2298        640        508     126620     653430   Object Totals
         0          0         32          0          0          0   (incl. Generated)
        44          0          2          4          4          0   (incl. Padding)

    ----------------------------------------------------------------------

      Code (inc. data)   RO Data    RW Data    ZI Data      Debug   Library Member Name

        92          0          0          0          0          0   __dczerorl2.o
         0          0          0          0          0          0   entry.o
         0          0          0          0          0          0   entry10a.o
         0          0          0          0          0          0   entry11a.o
         8          4          0          0          0          0   entry2.o
         4          0          0          0          0          0   entry5.o
         0          0          0          0          0          0   entry7b.o
         0          0          0          0          0          0   entry8b.o
         8          4          0          0          0          0   entry9a.o
        30          0          0          0          0          0   handlers.o
        36          8          0          0          0         68   init.o
       188         20          0          0          0        160   malloc.o
        36          0          0          0          0         68   memcpya.o
        36          0          0          0          0        108   memseta.o
         0          0          0          8          0          0   mvars.o

    ----------------------------------------------------------------------
       438         36          0          8          0        404   Library Totals
         0          0          0          0          0          0   (incl. Padding)

    ----------------------------------------------------------------------

      Code (inc. data)   RO Data    RW Data    ZI Data      Debug   Library Name

       438         36          0          8          0        404   mc_w.l

    ----------------------------------------------------------------------
       438         36          0          8          0        404   Library Totals

    ----------------------------------------------------------------------

==============================================================================


      Code (inc. data)   RO Data    RW Data    ZI Data      Debug   

     31152       2334        640        516     126620     621078   Grand Totals
     31152       2334        640        208     126620     621078   ELF Image Totals (compressed)
     31152       2334        640        208          0          0   ROM Totals

==============================================================================

    Total RO  Size (Code + RO Data)                31792 (  31.05kB)
    Total RW  Size (RW Data + ZI Data)            127136 ( 124.16kB)
    Total ROM Size (Code + RO Data + RW Data)      32000 (  31.25kB)

==============================================================================

