<html>
<body>
<pre>
<h1>µVision Build Log</h1>
<h2>Project:</h2>
F:\Git\Instrulab\USB_CDC_Clear\Projects\STM32F4\USB_CDC_Clear.uvproj
Project File Date:  02/01/2015

<h2>Output:</h2>
Build target 'USB_CDC_Clear Configuration'
compiling stm32f4xx_hal_msp.c...
compiling stm32f4xx_it.c...
compiling usbd_cdc_if.c...
compiling main.c...
compiling usb_device.c...
compiling usbd_desc.c...
compiling usbd_conf.c...
compiling tim.c...
compiling dma.c...
compiling dac.c...
compiling adc.c...
compiling gpio.c...
compiling freertos.c...
compiling usart.c...
compiling comms_hal.c...
assembling startup_stm32f407xx.s...
compiling usbd_ctlreq.c...
compiling usbd_ioreq.c...
compiling usbd_cdc.c...
compiling usbd_core.c...
compiling system_stm32f4xx.c...
compiling stm32f4xx_hal_flash_ex.c...
compiling stm32f4xx_hal_dma.c...
compiling stm32f4xx_hal.c...
compiling stm32f4xx_hal_pwr.c...
compiling stm32f4xx_hal_rcc.c...
compiling stm32f4xx_hal_cortex.c...
compiling stm32f4xx_hal_pcd.c...
compiling stm32f4xx_ll_usb.c...
compiling stm32f4xx_hal_dma_ex.c...
compiling stm32f4xx_hal_gpio.c...
compiling stm32f4xx_hal_flash.c...
compiling stm32f4xx_hal_pcd_ex.c...
compiling stm32f4xx_hal_pwr_ex.c...
compiling stm32f4xx_hal_rcc_ex.c...
compiling stm32f4xx_hal_flash_ramfunc.c...
compiling stm32f4xx_hal_dac_ex.c...
compiling stm32f4xx_hal_tim.c...
compiling stm32f4xx_hal_uart.c...
compiling stm32f4xx_hal_dac.c...
compiling stm32f4xx_hal_adc_ex.c...
compiling stm32f4xx_hal_adc.c...
compiling stm32f4xx_hal_tim_ex.c...
compiling stm32f4xx_hal_usart.c...
compiling tasks.c...
compiling timers.c...
compiling queue.c...
compiling cmsis_os.c...
compiling croutine.c...
compiling port.c...
compiling list.c...
compiling heap_4.c...
compiling cmd_parser.c...
compiling comms.c...
compiling scope.c...
compiling generator.c...
linking...
Program Size: Code=31152 RO-data=640 RW-data=516 ZI-data=126620  
"USB_CDC_Clear Configuration\USB_CDC_Clear Configuration.axf" - 0 Errors, 0 Warning(s).
