Component: ARM Compiler 5.06 (build 20) Tool: armlink [4d35a3]

==============================================================================

Section Cross References

    stm32f3xx_hal_msp.o(i.HAL_MspInit) refers to stm32f3xx_hal_cortex.o(i.HAL_NVIC_SetPriorityGrouping) for HAL_NVIC_SetPriorityGrouping
    stm32f3xx_hal_msp.o(i.HAL_MspInit) refers to stm32f3xx_hal_cortex.o(i.HAL_NVIC_SetPriority) for HAL_NVIC_SetPriority
    stm32f3xx_it.o(i.SysTick_Handler) refers to tasks.o(i.xTaskGetSchedulerState) for xTaskGetSchedulerState
    stm32f3xx_it.o(i.SysTick_Handler) refers to port.o(i.xPortSysTickHandler) for xPortSysTickHandler
    stm32f3xx_it.o(i.SysTick_Handler) refers to stm32f3xx_hal.o(i.HAL_IncTick) for HAL_IncTick
    stm32f3xx_it.o(i.USART2_IRQHandler) refers to comms_hal.o(i.commsRecieveUART) for commsRecieveUART
    stm32f3xx_it.o(i.USART2_IRQHandler) refers to stm32f3xx_hal_cortex.o(i.HAL_NVIC_ClearPendingIRQ) for HAL_NVIC_ClearPendingIRQ
    main.o(i.StartThread) refers to cmsis_os.o(i.osDelay) for osDelay
    main.o(i.StartThread) refers to gpio.o(i.LED_On) for LED_On
    main.o(i.StartThread) refers to gpio.o(i.LED_Off) for LED_Off
    main.o(i.main) refers to stm32f3xx_hal.o(i.HAL_Init) for HAL_Init
    main.o(i.main) refers to clock.o(i.SystemClock_Config) for SystemClock_Config
    main.o(i.main) refers to gpio.o(i.MX_GPIO_Init) for MX_GPIO_Init
    main.o(i.main) refers to gpio.o(i.LED_On) for LED_On
    main.o(i.main) refers to dma.o(i.MX_DMA_Init) for MX_DMA_Init
    main.o(i.main) refers to adc.o(i.MX_ADC1_Init) for MX_ADC1_Init
    main.o(i.main) refers to adc.o(i.MX_ADC2_Init) for MX_ADC2_Init
    main.o(i.main) refers to tim.o(i.MX_TIM3_Init) for MX_TIM3_Init
    main.o(i.main) refers to dac.o(i.MX_DAC1_Init) for MX_DAC1_Init
    main.o(i.main) refers to dac.o(i.MX_DAC2_Init) for MX_DAC2_Init
    main.o(i.main) refers to tim.o(i.MX_TIM6_Init) for MX_TIM6_Init
    main.o(i.main) refers to tim.o(i.MX_TIM7_Init) for MX_TIM7_Init
    main.o(i.main) refers to memcpya.o(.text) for __aeabi_memcpy4
    main.o(i.main) refers to cmsis_os.o(i.osThreadCreate) for osThreadCreate
    main.o(i.main) refers to gpio.o(i.LED_Off) for LED_Off
    main.o(i.main) refers to cmsis_os.o(i.osKernelStart) for osKernelStart
    main.o(i.main) refers to main.o(.constdata) for .constdata
    main.o(.constdata) refers to main.o(.conststring) for .conststring
    main.o(.constdata) refers to cmd_parser.o(i.CmdParserTask) for CmdParserTask
    main.o(.constdata) refers to main.o(i.StartThread) for StartThread
    main.o(.constdata) refers to comms.o(i.CommTask) for CommTask
    main.o(.constdata) refers to scope.o(i.ScopeTask) for ScopeTask
    main.o(.constdata) refers to scope.o(i.ScopeTriggerTask) for ScopeTriggerTask
    main.o(.constdata) refers to generator.o(i.GeneratorTask) for GeneratorTask
    tim.o(i.MX_TIM3_Init) refers to stm32f3xx_hal_tim.o(i.HAL_TIM_Base_Init) for HAL_TIM_Base_Init
    tim.o(i.MX_TIM3_Init) refers to stm32f3xx_hal_tim_ex.o(i.HAL_TIMEx_MasterConfigSynchronization) for HAL_TIMEx_MasterConfigSynchronization
    tim.o(i.MX_TIM3_Init) refers to tim.o(.bss) for htim_scope
    tim.o(i.MX_TIM6_Init) refers to stm32f3xx_hal_tim.o(i.HAL_TIM_Base_Init) for HAL_TIM_Base_Init
    tim.o(i.MX_TIM6_Init) refers to stm32f3xx_hal_tim_ex.o(i.HAL_TIMEx_MasterConfigSynchronization) for HAL_TIMEx_MasterConfigSynchronization
    tim.o(i.MX_TIM6_Init) refers to tim.o(.bss) for htim6
    tim.o(i.MX_TIM7_Init) refers to stm32f3xx_hal_tim.o(i.HAL_TIM_Base_Init) for HAL_TIM_Base_Init
    tim.o(i.MX_TIM7_Init) refers to stm32f3xx_hal_tim_ex.o(i.HAL_TIMEx_MasterConfigSynchronization) for HAL_TIMEx_MasterConfigSynchronization
    tim.o(i.MX_TIM7_Init) refers to tim.o(.bss) for htim7
    tim.o(i.TIMGenDisable) refers to stm32f3xx_hal_tim.o(i.HAL_TIM_Base_Stop) for HAL_TIM_Base_Stop
    tim.o(i.TIMGenDisable) refers to tim.o(.bss) for htim6
    tim.o(i.TIMGenEnable) refers to stm32f3xx_hal_tim.o(i.HAL_TIM_Base_Start) for HAL_TIM_Base_Start
    tim.o(i.TIMGenEnable) refers to tim.o(.bss) for htim6
    tim.o(i.TIMScopeDisable) refers to stm32f3xx_hal_tim.o(i.HAL_TIM_Base_Stop) for HAL_TIM_Base_Stop
    tim.o(i.TIMScopeDisable) refers to tim.o(.bss) for htim_scope
    tim.o(i.TIMScopeEnable) refers to stm32f3xx_hal_tim.o(i.HAL_TIM_Base_Start) for HAL_TIM_Base_Start
    tim.o(i.TIMScopeEnable) refers to tim.o(.bss) for htim_scope
    tim.o(i.TIM_Reconfig) refers to stm32f3xx_hal_rcc.o(i.HAL_RCC_GetPCLK2Freq) for HAL_RCC_GetPCLK2Freq
    tim.o(i.TIM_Reconfig) refers to stm32f3xx_hal_tim.o(i.HAL_TIM_Base_Init) for HAL_TIM_Base_Init
    tim.o(i.TIM_Reconfig_gen) refers to tim.o(i.TIM_Reconfig) for TIM_Reconfig
    tim.o(i.TIM_Reconfig_gen) refers to tim.o(.bss) for htim6
    tim.o(i.TIM_Reconfig_scope) refers to tim.o(i.TIM_Reconfig) for TIM_Reconfig
    tim.o(i.TIM_Reconfig_scope) refers to tim.o(.bss) for htim_scope
    dac.o(i.DACDisableOutput) refers to stm32f3xx_hal_gpio.o(i.HAL_GPIO_Init) for HAL_GPIO_Init
[...]
    i.parseCommsCmd                          0x08005f28   Section        0  cmd_parser.o(i.parseCommsCmd)
    i.parseGeneratorCmd                      0x08005f94   Section        0  cmd_parser.o(i.parseGeneratorCmd)
    i.parseScopeCmd                          0x08006218   Section        0  cmd_parser.o(i.parseScopeCmd)
    i.parseSystemCmd                         0x080067f4   Section        0  cmd_parser.o(i.parseSystemCmd)
    i.printErrResponse                       0x08006860   Section        0  cmd_parser.o(i.printErrResponse)
    i.prvAddCurrentTaskToDelayedList         0x080068e0   Section        0  tasks.o(i.prvAddCurrentTaskToDelayedList)
    prvAddCurrentTaskToDelayedList           0x080068e1   Thumb Code    62  tasks.o(i.prvAddCurrentTaskToDelayedList)
    i.prvAllocateTCBAndStack                 0x08006934   Section        0  tasks.o(i.prvAllocateTCBAndStack)
    prvAllocateTCBAndStack                   0x08006935   Thumb Code    58  tasks.o(i.prvAllocateTCBAndStack)
    i.prvCheckTasksWaitingTermination        0x08006970   Section        0  tasks.o(i.prvCheckTasksWaitingTermination)
    prvCheckTasksWaitingTermination          0x08006971   Thumb Code    86  tasks.o(i.prvCheckTasksWaitingTermination)
    i.prvCopyDataFromQueue                   0x080069d4   Section        0  queue.o(i.prvCopyDataFromQueue)
    prvCopyDataFromQueue                     0x080069d5   Thumb Code    42  queue.o(i.prvCopyDataFromQueue)
    i.prvCopyDataToQueue                     0x080069fe   Section        0  queue.o(i.prvCopyDataToQueue)
    prvCopyDataToQueue                       0x080069ff   Thumb Code   118  queue.o(i.prvCopyDataToQueue)
    i.prvDeleteTCB                           0x08006a74   Section        0  tasks.o(i.prvDeleteTCB)
    prvDeleteTCB                             0x08006a75   Thumb Code    18  tasks.o(i.prvDeleteTCB)
    i.prvHeapInit                            0x08006a88   Section        0  heap_2.o(i.prvHeapInit)
    prvHeapInit                              0x08006a89   Thumb Code    42  heap_2.o(i.prvHeapInit)
    i.prvIdleTask                            0x08006ac0   Section        0  tasks.o(i.prvIdleTask)
    prvIdleTask                              0x08006ac1   Thumb Code    20  tasks.o(i.prvIdleTask)
    i.prvInitialiseTCBVariables              0x08006ad8   Section        0  tasks.o(i.prvInitialiseTCBVariables)
    prvInitialiseTCBVariables                0x08006ad9   Thumb Code    86  tasks.o(i.prvInitialiseTCBVariables)
    i.prvInitialiseTaskLists                 0x08006b30   Section        0  tasks.o(i.prvInitialiseTaskLists)
    prvInitialiseTaskLists                   0x08006b31   Thumb Code    70  tasks.o(i.prvInitialiseTaskLists)
    i.prvIsQueueEmpty                        0x08006b98   Section        0  queue.o(i.prvIsQueueEmpty)
    prvIsQueueEmpty                          0x08006b99   Thumb Code    26  queue.o(i.prvIsQueueEmpty)
    i.prvIsQueueFull                         0x08006bb2   Section        0  queue.o(i.prvIsQueueFull)
    prvIsQueueFull                           0x08006bb3   Thumb Code    30  queue.o(i.prvIsQueueFull)
    i.prvTaskExitError                       0x08006bd0   Section        0  port.o(i.prvTaskExitError)
    prvTaskExitError                         0x08006bd1   Thumb Code    32  port.o(i.prvTaskExitError)
    i.prvUnlockQueue                         0x08006bf4   Section        0  queue.o(i.prvUnlockQueue)
    prvUnlockQueue                           0x08006bf5   Thumb Code   126  queue.o(i.prvUnlockQueue)
    i.pvPortMalloc                           0x08006c74   Section        0  heap_2.o(i.pvPortMalloc)
    i.pxPortInitialiseStack                  0x08006d2c   Section        0  port.o(i.pxPortInitialiseStack)
    i.samplesPassed                          0x08006d54   Section        0  scope.o(i.samplesPassed)
    i.samplingDisable                        0x08006d74   Section        0  adc.o(i.samplingDisable)
    i.samplingEnable                         0x08006d7c   Section        0  adc.o(i.samplingEnable)
    i.scopeGetRanges                         0x08006d84   Section        0  scope.o(i.scopeGetRanges)
    i.scopeGetRealSmplFreq                   0x08006d94   Section        0  scope.o(i.scopeGetRealSmplFreq)
    i.scopeInit                              0x08006da0   Section        0  scope.o(i.scopeInit)
    i.scopeRestart                           0x08006dfc   Section        0  scope.o(i.scopeRestart)
    i.scopeSetDataDepth                      0x08006e20   Section        0  scope.o(i.scopeSetDataDepth)
    i.scopeSetDefault                        0x08006edc   Section        0  scope.o(i.scopeSetDefault)
    i.scopeSetNumOfChannels                  0x08006f78   Section        0  scope.o(i.scopeSetNumOfChannels)
    i.scopeSetNumOfSamples                   0x08007050   Section        0  scope.o(i.scopeSetNumOfSamples)
    i.scopeSetPretrigger                     0x080070a8   Section        0  scope.o(i.scopeSetPretrigger)
    i.scopeSetSamplingFreq                   0x080070d0   Section        0  scope.o(i.scopeSetSamplingFreq)
    i.scopeSetTrigChannel                    0x08007124   Section        0  scope.o(i.scopeSetTrigChannel)
    i.scopeSetTrigLevel                      0x08007174   Section        0  scope.o(i.scopeSetTrigLevel)
    i.scopeSetTriggerEdge                    0x0800719c   Section        0  scope.o(i.scopeSetTriggerEdge)
    i.scopeSetTriggerMode                    0x080071e0   Section        0  scope.o(i.scopeSetTriggerMode)
    i.scopeStart                             0x08007208   Section        0  scope.o(i.scopeStart)
    i.scopeStop                              0x08007228   Section        0  scope.o(i.scopeStop)
    i.sendCommsConf                          0x08007248   Section        0  comms.o(i.sendCommsConf)
    i.sendGenConf                            0x08007284   Section        0  comms.o(i.sendGenConf)
    i.sendScopeConf                          0x080072f4   Section        0  comms.o(i.sendScopeConf)
    i.sendSystConf                           0x0800739c   Section        0  comms.o(i.sendSystConf)
    i.sendSystemVersion                      0x080073d4   Section        0  comms.o(i.sendSystemVersion)
    i.sqrt                                   0x08007490   Section        0  sqrt.o(i.sqrt)
    i.updateTrigger                          0x08007500   Section        0  scope.o(i.updateTrigger)
    i.uxListRemove                           0x08007554   Section        0  list.o(i.uxListRemove)
    i.vApplicationStackOverflowHook          0x0800757c   Section        0  freertos.o(i.vApplicationStackOverflowHook)
    i.vListInitialise                        0x0800757e   Section        0  list.o(i.vListInitialise)
    i.vListInitialiseItem                    0x08007598   Section        0  list.o(i.vListInitialiseItem)
    i.vListInsert                            0x0800759e   Section        0  list.o(i.vListInsert)
    i.vListInsertEnd                         0x080075d2   Section        0  list.o(i.vListInsertEnd)
    i.vPortEnterCritical                     0x080075ec   Section        0  port.o(i.vPortEnterCritical)
    i.vPortExitCritical                      0x0800760c   Section        0  port.o(i.vPortExitCritical)
    i.vPortFree                              0x0800762c   Section        0  heap_2.o(i.vPortFree)
    i.vPortSetupTimerInterrupt               0x0800766c   Section        0  port.o(i.vPortSetupTimerInterrupt)
    i.vPortValidateInterruptPriority         0x0800768c   Section        0  port.o(i.vPortValidateInterruptPriority)
    i.vPortYield                             0x080076e8   Section        0  port.o(i.vPortYield)
    i.vTaskDelay                             0x08007700   Section        0  tasks.o(i.vTaskDelay)
    i.vTaskMissedYield                       0x08007738   Section        0  tasks.o(i.vTaskMissedYield)
    i.vTaskPlaceOnEventList                  0x08007744   Section        0  tasks.o(i.vTaskPlaceOnEventList)
    i.vTaskPriorityDisinherit                0x08007798   Section        0  tasks.o(i.vTaskPriorityDisinherit)
    i.vTaskPriorityInherit                   0x080077e8   Section        0  tasks.o(i.vTaskPriorityInherit)
    i.vTaskSetTimeOutState                   0x0800786c   Section        0  tasks.o(i.vTaskSetTimeOutState)
    i.vTaskStartScheduler                    0x08007890   Section        0  tasks.o(i.vTaskStartScheduler)
    i.vTaskSuspendAll                        0x080078e4   Section        0  tasks.o(i.vTaskSuspendAll)
    i.vTaskSwitchContext                     0x080078f4   Section        0  tasks.o(i.vTaskSwitchContext)
    i.validateBuffUsage                      0x080079a0   Section        0  scope.o(i.validateBuffUsage)
    i.xPortStartScheduler                    0x080079c4   Section        0  port.o(i.xPortStartScheduler)
    i.xPortSysTickHandler                    0x08007a78   Section        0  port.o(i.xPortSysTickHandler)
    i.xQueueCreateMutex                      0x08007a98   Section        0  queue.o(i.xQueueCreateMutex)
    i.xQueueGenericCreate                    0x08007aee   Section        0  queue.o(i.xQueueGenericCreate)
    i.xQueueGenericReceive                   0x08007b4a   Section        0  queue.o(i.xQueueGenericReceive)
    i.xQueueGenericReset                     0x08007c8a   Section        0  queue.o(i.xQueueGenericReset)
    i.xQueueGenericSend                      0x08007d02   Section        0  queue.o(i.xQueueGenericSend)
    i.xQueueGenericSendFromISR               0x08007e1c   Section        0  queue.o(i.xQueueGenericSendFromISR)
    i.xQueueGiveMutexRecursive               0x08007ec8   Section        0  queue.o(i.xQueueGiveMutexRecursive)
    i.xQueueTakeMutexRecursive               0x08007f02   Section        0  queue.o(i.xQueueTakeMutexRecursive)
    i.xTaskCheckForTimeOut                   0x08007f48   Section        0  tasks.o(i.xTaskCheckForTimeOut)
    i.xTaskGenericCreate                     0x08007fbc   Section        0  tasks.o(i.xTaskGenericCreate)
    i.xTaskGetCurrentTaskHandle              0x080080f4   Section        0  tasks.o(i.xTaskGetCurrentTaskHandle)
    i.xTaskGetSchedulerState                 0x08008100   Section        0  tasks.o(i.xTaskGetSchedulerState)
    i.xTaskIncrementTick                     0x08008120   Section        0  tasks.o(i.xTaskIncrementTick)
    i.xTaskRemoveFromEventList               0x08008280   Section        0  tasks.o(i.xTaskRemoveFromEventList)
    i.xTaskResumeAll                         0x08008308   Section        0  tasks.o(i.xTaskResumeAll)
    .constdata                               0x080083f0   Section      120  main.o(.constdata)
    .constdata                               0x08008468   Section        2  stm32f3xx_nucleo_32.o(.constdata)
    .constdata                               0x0800846a   Section       16  stm32f3xx_hal_rcc.o(.constdata)
    .constdata                               0x0800847a   Section       32  stm32f3xx_hal_rcc_ex.o(.constdata)
    .constdata                               0x0800849a   Section       16  scope.o(.constdata)
    .constdata                               0x080084b0   Section      136  pow.o(.constdata)
    bp                                       0x080084b0   Data          16  pow.o(.constdata)
    dp_h                                     0x080084c0   Data          16  pow.o(.constdata)
    dp_l                                     0x080084d0   Data          16  pow.o(.constdata)
    L                                        0x080084e0   Data          48  pow.o(.constdata)
    P                                        0x08008510   Data          40  pow.o(.constdata)
    .constdata                               0x08008538   Section        8  qnan.o(.constdata)
    .conststring                             0x08008540   Section       83  main.o(.conststring)
    .data                                    0x20000000   Section        4  dac.o(.data)
    .data                                    0x20000004   Section        8  adc.o(.data)
    ADC12_CLK_ENABLED                        0x20000004   Data           4  adc.o(.data)
    .data                                    0x2000000c   Section        4  stm32f3xx_nucleo_32.o(.data)
    .data                                    0x20000010   Section       20  system_stm32f3xx.o(.data)
    .data                                    0x20000024   Section        4  stm32f3xx_hal.o(.data)
    uwTick                                   0x20000024   Data           4  stm32f3xx_hal.o(.data)
    .data                                    0x20000028   Section       56  tasks.o(.data)
    pxDelayedTaskList                        0x2000002c   Data           4  tasks.o(.data)
    pxOverflowDelayedTaskList                0x20000030   Data           4  tasks.o(.data)
    uxTasksDeleted                           0x20000034   Data           4  tasks.o(.data)
    uxCurrentNumberOfTasks                   0x20000038   Data           4  tasks.o(.data)
    xTickCount                               0x2000003c   Data           4  tasks.o(.data)
    uxTopReadyPriority                       0x20000040   Data           4  tasks.o(.data)
    xSchedulerRunning                        0x20000044   Data           4  tasks.o(.data)
    uxSchedulerSuspended                     0x20000048   Data           4  tasks.o(.data)
    uxPendedTicks                            0x2000004c   Data           4  tasks.o(.data)
    xYieldPending                            0x20000050   Data           4  tasks.o(.data)
    xNumOfOverflows                          0x20000054   Data           4  tasks.o(.data)
    uxTaskNumber                             0x20000058   Data           4  tasks.o(.data)
    xNextTaskUnblockTime                     0x2000005c   Data           4  tasks.o(.data)
    .data                                    0x20000060   Section       12  port.o(.data)
    uxCriticalNesting                        0x20000060   Data           4  port.o(.data)
    ucMaxSysCallPriority                     0x20000064   Data           1  port.o(.data)
    ulMaxPRIGROUPValue                       0x20000068   Data           4  port.o(.data)
    .data                                    0x2000006c   Section       24  heap_2.o(.data)
    xStart                                   0x2000006c   Data           8  heap_2.o(.data)
    xEnd                                     0x20000074   Data           8  heap_2.o(.data)
    xFreeBytesRemaining                      0x2000007c   Data           4  heap_2.o(.data)
    xHeapHasBeenInitialised                  0x20000080   Data           4  heap_2.o(.data)
    .data                                    0x20000084   Section        4  cmd_parser.o(.data)
    .data                                    0x20000088   Section        8  comms.o(.data)
    commsMutex                               0x2000008c   Data           4  comms.o(.data)
    .data                                    0x20000090   Section       60  scope.o(.data)
    triggerIndex                             0x20000098   Data           4  scope.o(.data)
    triggerLevel                             0x2000009c   Data           2  scope.o(.data)
    samplesToStop                            0x200000a0   Data           4  scope.o(.data)
    samplesToStart                           0x200000a4   Data           4  scope.o(.data)
    scopeMutex                               0x200000a8   Data           4  scope.o(.data)
    writingIndex                             0x200000ac   Data           4  scope.o(.data)
    lastWritingIndex                         0x200000b0   Data           4  scope.o(.data)
    .data                                    0x200000cc   Section        6  generator.o(.data)
    .data                                    0x200000d4   Section        4  errno.o(.data)
    _errno                                   0x200000d4   Data           4  errno.o(.data)
    .bss                                     0x200000d8   Section      180  tim.o(.bss)
    .bss                                     0x2000018c   Section      152  dac.o(.bss)
    .bss                                     0x20000224   Section      264  adc.o(.bss)
    .bss                                     0x2000032c   Section      108  usart.o(.bss)
    .bss                                     0x20000398   Section      240  tasks.o(.bss)
    pxReadyTasksLists                        0x20000398   Data         140  tasks.o(.bss)
    xDelayedTaskList1                        0x20000424   Data          20  tasks.o(.bss)
    xDelayedTaskList2                        0x20000438   Data          20  tasks.o(.bss)
    xPendingReadyList                        0x2000044c   Data          20  tasks.o(.bss)
    xTasksWaitingTermination                 0x20000460   Data          20  tasks.o(.bss)
    xSuspendedTaskList                       0x20000474   Data          20  tasks.o(.bss)
    .bss                                     0x20000488   Section     5500  heap_2.o(.bss)
    ucHeap                                   0x20000488   Data        5500  heap_2.o(.bss)
    .bss                                     0x20001a04   Section      108  comms.o(.bss)
    commBuffMem                              0x20001a04   Data          96  comms.o(.bss)
    comm                                     0x20001a64   Data          12  comms.o(.bss)
    .bss                                     0x20001a70   Section     4156  scope.o(.bss)
    scope                                    0x20002a74   Data          56  scope.o(.bss)
    .bss                                     0x20002aac   Section      844  generator.o(.bss)
    generator                                0x20002aac   Data          44  generator.o(.bss)
    STACK                                    0x20002df8   Section      512  startup_stm32f303x8.o(STACK)

    Global Symbols

    Symbol Name                              Value     Ov Type        Size  Object(Section)

    BuildAttributes$$THM_ISAv4$E$P$D$K$B$S$7EM$VFPi3$EXTD16$VFPS$VFMA$PE$A:L22UL41UL21$X:L11$S22US41US21$IEEE1$IW$USESV6$~STKCKD$USESV7$~SHL$OTIME$ROPI$IEEEX$EBA8$MICROLIB$REQ8$PRES8$EABIv2 0x00000000   Number         0  anon$$obj.o ABSOLUTE
    __ARM_use_no_argv                        0x00000000   Number         0  main.o ABSOLUTE
    __cpp_initialize__aeabi_                  - Undefined Weak Reference
    __cxa_finalize                            - Undefined Weak Reference
    __decompress                              - Undefined Weak Reference
    _clock_init                               - Undefined Weak Reference
    _microlib_exit                            - Undefined Weak Reference
    __Vectors_Size                           0x00000188   Number         0  startup_stm32f303x8.o ABSOLUTE
    __Vectors                                0x08000000   Data           4  startup_stm32f303x8.o(RESET)
    __Vectors_End                            0x08000188   Data           0  startup_stm32f303x8.o(RESET)
    __main                                   0x08000189   Thumb Code     0  entry.o(.ARM.Collect$$$$00000000)
    _main_stk                                0x08000189   Thumb Code     0  entry2.o(.ARM.Collect$$$$00000001)
    _main_scatterload                        0x0800018d   Thumb Code     0  entry5.o(.ARM.Collect$$$$00000004)
    __main_after_scatterload                 0x08000191   Thumb Code     0  entry5.o(.ARM.Collect$$$$00000004)
    _main_clock                              0x08000191   Thumb Code     0  entry7b.o(.ARM.Collect$$$$00000008)
    _main_cpp_init                           0x08000191   Thumb Code     0  entry8b.o(.ARM.Collect$$$$0000000A)
    _main_init                               0x08000191   Thumb Code     0  entry9a.o(.ARM.Collect$$$$0000000B)
    __rt_final_cpp                           0x08000199   Thumb Code     0  entry10a.o(.ARM.Collect$$$$0000000D)
    __rt_final_exit                          0x08000199   Thumb Code     0  entry11a.o(.ARM.Collect$$$$0000000F)
    SVC_Handler                              0x0800019d   Thumb Code    24  port.o(.emb_text)
    __asm___6_port_c_39a90d8d__prvStartFirstTask 0x080001b9   Thumb Code    16  port.o(.emb_text)
    __asm___6_port_c_39a90d8d__prvEnableVFP  0x080001cd   Thumb Code    16  port.o(.emb_text)
    PendSV_Handler                           0x080001e1   Thumb Code    76  port.o(.emb_text)
    ulPortSetInterruptMask                   0x08000231   Thumb Code    14  port.o(.emb_text)
    vPortClearInterruptMask                  0x0800023f   Thumb Code     6  port.o(.emb_text)
    vPortGetIPSR                             0x08000245   Thumb Code     6  port.o(.emb_text)
    Reset_Handler                            0x0800024d   Thumb Code     8  startup_stm32f303x8.o(.text)
    NMI_Handler                              0x08000255   Thumb Code     2  startup_stm32f303x8.o(.text)
    HardFault_Handler                        0x08000257   Thumb Code     2  startup_stm32f303x8.o(.text)
    MemManage_Handler                        0x08000259   Thumb Code     2  startup_stm32f303x8.o(.text)
    BusFault_Handler                         0x0800025b   Thumb Code     2  startup_stm32f303x8.o(.text)
    UsageFault_Handler                       0x0800025d   Thumb Code     2  startup_stm32f303x8.o(.text)
    DebugMon_Handler                         0x08000261   Thumb Code     2  startup_stm32f303x8.o(.text)
    ADC1_2_IRQHandler                        0x08000267   Thumb Code     0  startup_stm32f303x8.o(.text)
    CAN_RX0_IRQHandler                       0x08000267   Thumb Code     0  startup_stm32f303x8.o(.text)
    CAN_RX1_IRQHandler                       0x08000267   Thumb Code     0  startup_stm32f303x8.o(.text)
    CAN_SCE_IRQHandler                       0x08000267   Thumb Code     0  startup_stm32f303x8.o(.text)
    CAN_TX_IRQHandler                        0x08000267   Thumb Code     0  startup_stm32f303x8.o(.text)
    COMP2_IRQHandler                         0x08000267   Thumb Code     0  startup_stm32f303x8.o(.text)
    COMP4_6_IRQHandler                       0x08000267   Thumb Code     0  startup_stm32f303x8.o(.text)
    DMA1_Channel1_IRQHandler                 0x08000267   Thumb Code     0  startup_stm32f303x8.o(.text)
    DMA1_Channel2_IRQHandler                 0x08000267   Thumb Code     0  startup_stm32f303x8.o(.text)
    DMA1_Channel3_IRQHandler                 0x08000267   Thumb Code     0  startup_stm32f303x8.o(.text)
    DMA1_Channel4_IRQHandler                 0x08000267   Thumb Code     0  startup_stm32f303x8.o(.text)
    DMA1_Channel5_IRQHandler                 0x08000267   Thumb Code     0  startup_stm32f303x8.o(.text)
    DMA1_Channel6_IRQHandler                 0x08000267   Thumb Code     0  startup_stm32f303x8.o(.text)
    DMA1_Channel7_IRQHandler                 0x08000267   Thumb Code     0  startup_stm32f303x8.o(.text)
    EXTI0_IRQHandler                         0x08000267   Thumb Code     0  startup_stm32f303x8.o(.text)
    EXTI15_10_IRQHandler                     0x08000267   Thumb Code     0  startup_stm32f303x8.o(.text)
    EXTI1_IRQHandler                         0x08000267   Thumb Code     0  startup_stm32f303x8.o(.text)
    EXTI2_TSC_IRQHandler                     0x08000267   Thumb Code     0  startup_stm32f303x8.o(.text)
    EXTI3_IRQHandler                         0x08000267   Thumb Code     0  startup_stm32f303x8.o(.text)
    EXTI4_IRQHandler                         0x08000267   Thumb Code     0  startup_stm32f303x8.o(.text)
    EXTI9_5_IRQHandler                       0x08000267   Thumb Code     0  startup_stm32f303x8.o(.text)
    FLASH_IRQHandler                         0x08000267   Thumb Code     0  startup_stm32f303x8.o(.text)
    FPU_IRQHandler                           0x08000267   Thumb Code     0  startup_stm32f303x8.o(.text)
    I2C1_ER_IRQHandler                       0x08000267   Thumb Code     0  startup_stm32f303x8.o(.text)
    I2C1_EV_IRQHandler                       0x08000267   Thumb Code     0  startup_stm32f303x8.o(.text)
    PVD_IRQHandler                           0x08000267   Thumb Code     0  startup_stm32f303x8.o(.text)
    RCC_IRQHandler                           0x08000267   Thumb Code     0  startup_stm32f303x8.o(.text)
    RTC_Alarm_IRQHandler                     0x08000267   Thumb Code     0  startup_stm32f303x8.o(.text)
    RTC_WKUP_IRQHandler                      0x08000267   Thumb Code     0  startup_stm32f303x8.o(.text)
    SPI1_IRQHandler                          0x08000267   Thumb Code     0  startup_stm32f303x8.o(.text)
    TAMP_STAMP_IRQHandler                    0x08000267   Thumb Code     0  startup_stm32f303x8.o(.text)
    TIM1_BRK_TIM15_IRQHandler                0x08000267   Thumb Code     0  startup_stm32f303x8.o(.text)
    TIM1_CC_IRQHandler                       0x08000267   Thumb Code     0  startup_stm32f303x8.o(.text)
    TIM1_TRG_COM_TIM17_IRQHandler            0x08000267   Thumb Code     0  startup_stm32f303x8.o(.text)
    TIM1_UP_TIM16_IRQHandler                 0x08000267   Thumb Code     0  startup_stm32f303x8.o(.text)
    TIM2_IRQHandler                          0x08000267   Thumb Code     0  startup_stm32f303x8.o(.text)
    TIM3_IRQHandler                          0x08000267   Thumb Code     0  startup_stm32f303x8.o(.text)
    TIM6_DAC1_IRQHandler                     0x08000267   Thumb Code     0  startup_stm32f303x8.o(.text)
    TIM7_DAC2_IRQHandler                     0x08000267   Thumb Code     0  startup_stm32f303x8.o(.text)
    USART1_IRQHandler                        0x08000267   Thumb Code     0  startup_stm32f303x8.o(.text)
    USART3_IRQHandler                        0x08000267   Thumb Code     0  startup_stm32f303x8.o(.text)
    WWDG_IRQHandler                          0x08000267   Thumb Code     0  startup_stm32f303x8.o(.text)
    __aeabi_memcpy                           0x08000271   Thumb Code    36  memcpya.o(.text)
    __aeabi_memcpy4                          0x08000271   Thumb Code     0  memcpya.o(.text)
    __aeabi_memcpy8                          0x08000271   Thumb Code     0  memcpya.o(.text)
    __aeabi_memset                           0x08000295   Thumb Code    14  memseta.o(.text)
    __aeabi_memset4                          0x08000295   Thumb Code     0  memseta.o(.text)
    __aeabi_memset8                          0x08000295   Thumb Code     0  memseta.o(.text)
    __aeabi_memclr                           0x080002a3   Thumb Code     4  memseta.o(.text)
    __aeabi_memclr4                          0x080002a3   Thumb Code     0  memseta.o(.text)
    __aeabi_memclr8                          0x080002a3   Thumb Code     0  memseta.o(.text)
    _memset$wrapper                          0x080002a7   Thumb Code    18  memseta.o(.text)
    __aeabi_ui2d                             0x080002b9   Thumb Code    26  dfltui.o(.text)
    __aeabi_d2uiz                            0x080002d3   Thumb Code    50  dfixui.o(.text)
    __aeabi_llsr                             0x08000305   Thumb Code    32  llushr.o(.text)
    _ll_ushift_r                             0x08000305   Thumb Code     0  llushr.o(.text)
    __I$use$fp                               0x08000325   Thumb Code     0  iusefp.o(.text)
    _double_round                            0x08000325   Thumb Code    30  depilogue.o(.text)
    _double_epilogue                         0x08000343   Thumb Code   156  depilogue.o(.text)
    __aeabi_dadd                             0x080003df   Thumb Code   322  dadd.o(.text)
    __aeabi_dsub                             0x08000521   Thumb Code     6  dadd.o(.text)
    __aeabi_drsub                            0x08000527   Thumb Code     6  dadd.o(.text)
    __aeabi_dmul                             0x0800052d   Thumb Code   228  dmul.o(.text)
    __aeabi_ddiv                             0x08000611   Thumb Code   222  ddiv.o(.text)
    __ARM_scalbn                             0x080006ef   Thumb Code    46  dscalb.o(.text)
    scalbn                                   0x080006ef   Thumb Code     0  dscalb.o(.text)
    __aeabi_i2d                              0x0800071d   Thumb Code    34  dflti.o(.text)
    __aeabi_cdrcmple                         0x08000741   Thumb Code    48  cdrcmple.o(.text)
    __scatterload                            0x08000771   Thumb Code    28  init.o(.text)
    __scatterload_rt2                        0x08000771   Thumb Code     0  init.o(.text)
    __aeabi_llsl                             0x08000795   Thumb Code    30  llshl.o(.text)
    _ll_shift_l                              0x08000795   Thumb Code     0  llshl.o(.text)
    __aeabi_lasr                             0x080007b3   Thumb Code    36  llsshr.o(.text)
    _ll_sshift_r                             0x080007b3   Thumb Code     0  llsshr.o(.text)
    _dsqrt                                   0x080007d7   Thumb Code   162  dsqrt.o(.text)
    ADC_DMA_Reconfig                         0x080009d9   Thumb Code   136  adc.o(i.ADC_DMA_Reconfig)
    BSP_LED_Init                             0x08000b89   Thumb Code    74  stm32f3xx_nucleo_32.o(i.BSP_LED_Init)
    BSP_LED_Off                              0x08000be1   Thumb Code    24  stm32f3xx_nucleo_32.o(i.BSP_LED_Off)
    BSP_LED_On                               0x08000c01   Thumb Code    24  stm32f3xx_nucleo_32.o(i.BSP_LED_On)
    CmdParserTask                            0x08000c21   Thumb Code   320  cmd_parser.o(i.CmdParserTask)
    CommTask                                 0x08000db9   Thumb Code   734  comms.o(i.CommTask)
    DACSetOutputBuffer                       0x080010e5   Thumb Code     2  dac.o(i.DACSetOutputBuffer)
    DACUnsetOutputBuffer                     0x080010e7   Thumb Code     2  dac.o(i.DACUnsetOutputBuffer)
    DAC_DMA_Reconfig                         0x0800115d   Thumb Code    76  dac.o(i.DAC_DMA_Reconfig)
    DMA_GetCurrDataCounter                   0x080011b1   Thumb Code   126  adc.o(i.DMA_GetCurrDataCounter)
    GeneratingDisable                        0x08001259   Thumb Code     8  dac.o(i.GeneratingDisable)
    GeneratingEnable                         0x08001261   Thumb Code    16  dac.o(i.GeneratingEnable)
    GeneratorTask                            0x08001271   Thumb Code   124  generator.o(i.GeneratorTask)
    GetNumOfChannels                         0x080012f5   Thumb Code     8  scope.o(i.GetNumOfChannels)
    HAL_ADC_ConfigChannel                    0x08001301   Thumb Code  1128  stm32f3xx_hal_adc_ex.o(i.HAL_ADC_ConfigChannel)
    HAL_ADC_ConvCpltCallback                 0x08001775   Thumb Code     2  stm32f3xx_hal_adc.o(i.HAL_ADC_ConvCpltCallback)
    HAL_ADC_ConvHalfCpltCallback             0x08001777   Thumb Code     2  stm32f3xx_hal_adc.o(i.HAL_ADC_ConvHalfCpltCallback)
    HAL_ADC_DeInit                           0x08001779   Thumb Code   482  stm32f3xx_hal_adc_ex.o(i.HAL_ADC_DeInit)
    HAL_ADC_ErrorCallback                    0x0800197d   Thumb Code     2  stm32f3xx_hal_adc.o(i.HAL_ADC_ErrorCallback)
    HAL_ADC_Init                             0x08001981   Thumb Code   452  stm32f3xx_hal_adc_ex.o(i.HAL_ADC_Init)
    HAL_ADC_MspDeInit                        0x08001b51   Thumb Code   112  adc.o(i.HAL_ADC_MspDeInit)
    HAL_ADC_MspInit                          0x08001bcd   Thumb Code   296  adc.o(i.HAL_ADC_MspInit)
    HAL_ADC_Start_DMA                        0x08001d11   Thumb Code   180  stm32f3xx_hal_adc_ex.o(i.HAL_ADC_Start_DMA)
    HAL_ADC_Stop_DMA                         0x08001dd5   Thumb Code   120  stm32f3xx_hal_adc_ex.o(i.HAL_ADC_Stop_DMA)
    HAL_DACEx_ConvCpltCallbackCh2            0x08001e4d   Thumb Code     2  stm32f3xx_hal_dac_ex.o(i.HAL_DACEx_ConvCpltCallbackCh2)
    HAL_DACEx_ConvHalfCpltCallbackCh2        0x08001e4f   Thumb Code     2  stm32f3xx_hal_dac_ex.o(i.HAL_DACEx_ConvHalfCpltCallbackCh2)
    HAL_DACEx_ErrorCallbackCh2               0x08001e51   Thumb Code     2  stm32f3xx_hal_dac_ex.o(i.HAL_DACEx_ErrorCallbackCh2)
    HAL_DAC_ConfigChannel                    0x08001e53   Thumb Code    90  stm32f3xx_hal_dac.o(i.HAL_DAC_ConfigChannel)
    HAL_DAC_ConvCpltCallbackCh1              0x08001ead   Thumb Code     2  stm32f3xx_hal_dac.o(i.HAL_DAC_ConvCpltCallbackCh1)
    HAL_DAC_ConvHalfCpltCallbackCh1          0x08001eaf   Thumb Code     2  stm32f3xx_hal_dac.o(i.HAL_DAC_ConvHalfCpltCallbackCh1)
    HAL_DAC_ErrorCallbackCh1                 0x08001eb1   Thumb Code     2  stm32f3xx_hal_dac.o(i.HAL_DAC_ErrorCallbackCh1)
    HAL_DAC_Init                             0x08001eb3   Thumb Code    36  stm32f3xx_hal_dac.o(i.HAL_DAC_Init)
    HAL_DAC_MspInit                          0x08001ed9   Thumb Code   228  dac.o(i.HAL_DAC_MspInit)
    HAL_DAC_Start_DMA                        0x08001fd9   Thumb Code   266  stm32f3xx_hal_dac_ex.o(i.HAL_DAC_Start_DMA)
    HAL_DAC_Stop_DMA                         0x080020fd   Thumb Code    74  stm32f3xx_hal_dac.o(i.HAL_DAC_Stop_DMA)
    HAL_DMA_Abort                            0x08002147   Thumb Code    98  stm32f3xx_hal_dma.o(i.HAL_DMA_Abort)
    HAL_DMA_DeInit                           0x080021a9   Thumb Code   382  stm32f3xx_hal_dma.o(i.HAL_DMA_DeInit)
    HAL_DMA_Init                             0x0800232d   Thumb Code    72  stm32f3xx_hal_dma.o(i.HAL_DMA_Init)
    HAL_DMA_Start_IT                         0x08002375   Thumb Code   118  stm32f3xx_hal_dma.o(i.HAL_DMA_Start_IT)
    HAL_GPIO_DeInit                          0x080023ed   Thumb Code   200  stm32f3xx_hal_gpio.o(i.HAL_GPIO_DeInit)
    HAL_GPIO_Init                            0x080024bd   Thumb Code   428  stm32f3xx_hal_gpio.o(i.HAL_GPIO_Init)
    HAL_GPIO_WritePin                        0x08002689   Thumb Code    10  stm32f3xx_hal_gpio.o(i.HAL_GPIO_WritePin)
    HAL_GetHalVersion                        0x08002695   Thumb Code     4  stm32f3xx_hal.o(i.HAL_GetHalVersion)
    HAL_GetTick                              0x0800269d   Thumb Code     6  stm32f3xx_hal.o(i.HAL_GetTick)
    HAL_IncTick                              0x080026a9   Thumb Code    12  stm32f3xx_hal.o(i.HAL_IncTick)
    HAL_Init                                 0x080026b9   Thumb Code    34  stm32f3xx_hal.o(i.HAL_Init)
    HAL_InitTick                             0x080026e1   Thumb Code    36  stm32f3xx_hal.o(i.HAL_InitTick)
    HAL_MspInit                              0x08002705   Thumb Code    20  stm32f3xx_hal_msp.o(i.HAL_MspInit)
    HAL_NVIC_ClearPendingIRQ                 0x08002719   Thumb Code    22  stm32f3xx_hal_cortex.o(i.HAL_NVIC_ClearPendingIRQ)
    HAL_NVIC_EnableIRQ                       0x08002735   Thumb Code    26  stm32f3xx_hal_cortex.o(i.HAL_NVIC_EnableIRQ)
    HAL_NVIC_SetPriority                     0x0800274f   Thumb Code   124  stm32f3xx_hal_cortex.o(i.HAL_NVIC_SetPriority)
    HAL_NVIC_SetPriorityGrouping             0x080027cd   Thumb Code    32  stm32f3xx_hal_cortex.o(i.HAL_NVIC_SetPriorityGrouping)
    HAL_RCCEx_PeriphCLKConfig                0x080027f5   Thumb Code   416  stm32f3xx_hal_rcc_ex.o(i.HAL_RCCEx_PeriphCLKConfig)
    HAL_RCC_ClockConfig                      0x080029a1   Thumb Code  1072  stm32f3xx_hal_rcc.o(i.HAL_RCC_ClockConfig)
    HAL_RCC_GetHCLKFreq                      0x08002dd5   Thumb Code    42  stm32f3xx_hal_rcc.o(i.HAL_RCC_GetHCLKFreq)
    HAL_RCC_GetPCLK1Freq                     0x08002e0d   Thumb Code    36  stm32f3xx_hal_rcc.o(i.HAL_RCC_GetPCLK1Freq)
    HAL_RCC_GetPCLK2Freq                     0x08002e39   Thumb Code    36  stm32f3xx_hal_rcc.o(i.HAL_RCC_GetPCLK2Freq)
    HAL_RCC_GetSysClockFreq                  0x08002e65   Thumb Code   120  stm32f3xx_hal_rcc_ex.o(i.HAL_RCC_GetSysClockFreq)
    HAL_RCC_OscConfig                        0x08002ef1   Thumb Code  2110  stm32f3xx_hal_rcc_ex.o(i.HAL_RCC_OscConfig)
    HAL_SYSTICK_CLKSourceConfig              0x08003735   Thumb Code    40  stm32f3xx_hal_cortex.o(i.HAL_SYSTICK_CLKSourceConfig)
    HAL_SYSTICK_Config                       0x0800375d   Thumb Code    52  stm32f3xx_hal_cortex.o(i.HAL_SYSTICK_Config)
    HAL_TIMEx_MasterConfigSynchronization    0x08003791   Thumb Code    90  stm32f3xx_hal_tim_ex.o(i.HAL_TIMEx_MasterConfigSynchronization)
    HAL_TIM_Base_Init                        0x080037f1   Thumb Code    46  stm32f3xx_hal_tim.o(i.HAL_TIM_Base_Init)
    HAL_TIM_Base_MspInit                     0x08003821   Thumb Code    62  tim.o(i.HAL_TIM_Base_MspInit)
    HAL_TIM_Base_Start                       0x08003871   Thumb Code    30  stm32f3xx_hal_tim.o(i.HAL_TIM_Base_Start)
    HAL_TIM_Base_Stop                        0x0800388f   Thumb Code    56  stm32f3xx_hal_tim.o(i.HAL_TIM_Base_Stop)
    HAL_UART_Init                            0x080038c7   Thumb Code   114  stm32f3xx_hal_uart.o(i.HAL_UART_Init)
    HAL_UART_MspInit                         0x08003939   Thumb Code    88  usart.o(i.HAL_UART_MspInit)
    LED_Off                                  0x08003999   Thumb Code    10  gpio.o(i.LED_Off)
    LED_On                                   0x080039a3   Thumb Code    10  gpio.o(i.LED_On)
    MX_ADC1_Init                             0x080039ad   Thumb Code    98  adc.o(i.MX_ADC1_Init)
    MX_ADC2_Init                             0x08003a19   Thumb Code    92  adc.o(i.MX_ADC2_Init)
    MX_DAC1_Init                             0x08003a81   Thumb Code    36  dac.o(i.MX_DAC1_Init)
    MX_DAC2_Init                             0x08003ab1   Thumb Code    36  dac.o(i.MX_DAC2_Init)
    MX_DMA_Init                              0x08003ae1   Thumb Code    14  dma.o(i.MX_DMA_Init)
    MX_GPIO_Init                             0x08003af5   Thumb Code    32  gpio.o(i.MX_GPIO_Init)
    MX_TIM3_Init                             0x08003b19   Thumb Code    50  tim.o(i.MX_TIM3_Init)
    MX_TIM6_Init                             0x08003b55   Thumb Code    52  tim.o(i.MX_TIM6_Init)
    MX_TIM7_Init                             0x08003b91   Thumb Code    52  tim.o(i.MX_TIM7_Init)
    MX_USART2_UART_Init                      0x08003bcd   Thumb Code    56  usart.o(i.MX_USART2_UART_Init)
    ScopeTask                                0x08003c45   Thumb Code   302  scope.o(i.ScopeTask)
    ScopeTriggerTask                         0x08003d91   Thumb Code   904  scope.o(i.ScopeTriggerTask)
    SysTick_Handler                          0x0800418f   Thumb Code    18  stm32f3xx_it.o(i.SysTick_Handler)
    SystemClock_Config                       0x080041a1   Thumb Code   118  clock.o(i.SystemClock_Config)
    SystemInit                               0x08004219   Thumb Code   104  system_stm32f3xx.o(i.SystemInit)
    TIMGenDisable                            0x08004295   Thumb Code    16  tim.o(i.TIMGenDisable)
    TIMGenEnable                             0x080042ad   Thumb Code    16  tim.o(i.TIMGenEnable)
    TIMScopeDisable                          0x080042c5   Thumb Code    10  tim.o(i.TIMScopeDisable)
    TIMScopeEnable                           0x080042d5   Thumb Code    10  tim.o(i.TIMScopeEnable)
    TIM_Base_SetConfig                       0x080042e5   Thumb Code   118  stm32f3xx_hal_tim.o(i.TIM_Base_SetConfig)
    TIM_Reconfig                             0x08004371   Thumb Code   258  tim.o(i.TIM_Reconfig)
    TIM_Reconfig_gen                         0x08004479   Thumb Code    42  tim.o(i.TIM_Reconfig_gen)
    TIM_Reconfig_scope                       0x080044ad   Thumb Code    18  tim.o(i.TIM_Reconfig_scope)
    UART_AdvFeatureConfig                    0x080044c5   Thumb Code   234  stm32f3xx_hal_uart.o(i.UART_AdvFeatureConfig)
    UART_CheckIdleState                      0x080045af   Thumb Code    94  stm32f3xx_hal_uart.o(i.UART_CheckIdleState)
    UART_SetConfig                           0x0800460d   Thumb Code   530  stm32f3xx_hal_uart.o(i.UART_SetConfig)
    UART_WaitOnFlagUntilTimeout              0x0800483d   Thumb Code   246  stm32f3xx_hal_uart.o(i.UART_WaitOnFlagUntilTimeout)
    UARTsendBuff                             0x08004933   Thumb Code    26  usart.o(i.UARTsendBuff)
    UARTsendChar                             0x0800494d   Thumb Code    22  usart.o(i.UARTsendChar)
    USART2_IRQHandler                        0x08004969   Thumb Code    22  stm32f3xx_it.o(i.USART2_IRQHandler)
    __ARM_fpclassify                         0x08004985   Thumb Code    48  fpclassify.o(i.__ARM_fpclassify)
    __hardfp_pow                             0x080049b9   Thumb Code  3072  pow.o(i.__hardfp_pow)
    __kernel_poly                            0x08005609   Thumb Code   248  poly.o(i.__kernel_poly)
    __mathlib_dbl_divzero                    0x08005701   Thumb Code    28  dunder.o(i.__mathlib_dbl_divzero)
    __mathlib_dbl_infnan2                    0x08005731   Thumb Code    20  dunder.o(i.__mathlib_dbl_infnan2)
    __mathlib_dbl_invalid                    0x08005749   Thumb Code    24  dunder.o(i.__mathlib_dbl_invalid)
    __mathlib_dbl_overflow                   0x08005769   Thumb Code    24  dunder.o(i.__mathlib_dbl_overflow)
    __mathlib_dbl_underflow                  0x08005789   Thumb Code    24  dunder.o(i.__mathlib_dbl_underflow)
    __scatterload_copy                       0x080057a9   Thumb Code    14  handlers.o(i.__scatterload_copy)
    __scatterload_null                       0x080057b7   Thumb Code     2  handlers.o(i.__scatterload_null)
    __scatterload_zeroinit                   0x080057b9   Thumb Code    14  handlers.o(i.__scatterload_zeroinit)
    __set_errno                              0x080057c9   Thumb Code     6  errno.o(i.__set_errno)
    adcSetResolution                         0x080057d5   Thumb Code    82  adc.o(i.adcSetResolution)
    clearGenBuffer                           0x0800583d   Thumb Code    22  generator.o(i.clearGenBuffer)
    commBufferReadByte                       0x08005859   Thumb Code    88  comms.o(i.commBufferReadByte)
    commBufferReadNBytes                     0x080058b5   Thumb Code    38  comms.o(i.commBufferReadNBytes)
    commBufferStoreByte                      0x080058dd   Thumb Code    86  comms.o(i.commBufferStoreByte)
    commInputByte                            0x08005939   Thumb Code    44  comms.o(i.commInputByte)
    commsInit                                0x08005979   Thumb Code    26  comms.o(i.commsInit)
    commsRecieveUART                         0x0800599d   Thumb Code    12  comms_hal.o(i.commsRecieveUART)
    commsSend                                0x080059a9   Thumb Code    12  comms_hal.o(i.commsSend)
    commsSendBuff                            0x080059b5   Thumb Code    16  comms_hal.o(i.commsSendBuff)
    commsSendString                          0x080059c5   Thumb Code    30  comms_hal.o(i.commsSendString)
    commsSendUint32                          0x080059e3   Thumb Code    38  comms_hal.o(i.commsSendUint32)
    fabs                                     0x08005a09   Thumb Code    24  fabs.o(i.fabs)
    genDataOKSendNext                        0x08005a21   Thumb Code    18  generator.o(i.genDataOKSendNext)
    genGetRealSmplFreq                       0x08005a45   Thumb Code    12  generator.o(i.genGetRealSmplFreq)
    genInit                                  0x08005a55   Thumb Code    72  generator.o(i.genInit)
    genSendRealSamplingFreq                  0x08005aa5   Thumb Code    18  generator.o(i.genSendRealSamplingFreq)
    genSetData                               0x08005acd   Thumb Code   124  generator.o(i.genSetData)
    genSetFrequency                          0x08005b5d   Thumb Code    56  generator.o(i.genSetFrequency)
    genSetLength                             0x08005b9d   Thumb Code    68  generator.o(i.genSetLength)
    genSetNumOfChannels                      0x08005bf5   Thumb Code    86  generator.o(i.genSetNumOfChannels)
    genSetOutputBuffer                       0x08005c65   Thumb Code     8  generator.o(i.genSetOutputBuffer)
    genStart                                 0x08005c6d   Thumb Code    18  generator.o(i.genStart)
    genStatusOK                              0x08005c8d   Thumb Code    18  generator.o(i.genStatusOK)
    genStop                                  0x08005cad   Thumb Code    18  generator.o(i.genStop)
    genUnsetOutputBuffer                     0x08005ccd   Thumb Code     8  generator.o(i.genUnsetOutputBuffer)
    generatorSetDefault                      0x08005cd5   Thumb Code    64  generator.o(i.generatorSetDefault)
    getADCRes                                0x08005d1d   Thumb Code     6  scope.o(i.getADCRes)
    getBytesAvailable                        0x08005d29   Thumb Code    50  comms.o(i.getBytesAvailable)
    getDataPointer                           0x08005d61   Thumb Code    10  scope.o(i.getDataPointer)
    getOneChanMemSize                        0x08005d71   Thumb Code     6  scope.o(i.getOneChanMemSize)
    getPretrigger                            0x08005d7d   Thumb Code     6  scope.o(i.getPretrigger)
    getSamples                               0x08005d89   Thumb Code     6  scope.o(i.getSamples)
    getScopeState                            0x08005d95   Thumb Code     8  scope.o(i.getScopeState)
    getTriggerIndex                          0x08005da1   Thumb Code     6  scope.o(i.getTriggerIndex)
    giveNextCmd                              0x08005dad   Thumb Code    56  cmd_parser.o(i.giveNextCmd)
    main                                     0x08005ded   Thumb Code   196  main.o(i.main)
    osDelay                                  0x08005ec7   Thumb Code    24  cmsis_os.o(i.osDelay)
    osKernelStart                            0x08005edf   Thumb Code    24  cmsis_os.o(i.osKernelStart)
    osThreadCreate                           0x08005ef7   Thumb Code    50  cmsis_os.o(i.osThreadCreate)
    parseCommsCmd                            0x08005f29   Thumb Code    66  cmd_parser.o(i.parseCommsCmd)
    parseGeneratorCmd                        0x08005f95   Thumb Code   564  cmd_parser.o(i.parseGeneratorCmd)
    parseScopeCmd                            0x08006219   Thumb Code  1446  cmd_parser.o(i.parseScopeCmd)
    parseSystemCmd                           0x080067f5   Thumb Code    66  cmd_parser.o(i.parseSystemCmd)
    printErrResponse                         0x08006861   Thumb Code   112  cmd_parser.o(i.printErrResponse)
    pvPortMalloc                             0x08006c75   Thumb Code   166  heap_2.o(i.pvPortMalloc)
    pxPortInitialiseStack                    0x08006d2d   Thumb Code    34  port.o(i.pxPortInitialiseStack)
    samplesPassed                            0x08006d55   Thumb Code    26  scope.o(i.samplesPassed)
    samplingDisable                          0x08006d75   Thumb Code     8  adc.o(i.samplingDisable)
    samplingEnable                           0x08006d7d   Thumb Code     8  adc.o(i.samplingEnable)
    scopeGetRanges                           0x08006d85   Thumb Code    10  scope.o(i.scopeGetRanges)
    scopeGetRealSmplFreq                     0x08006d95   Thumb Code     6  scope.o(i.scopeGetRealSmplFreq)
    scopeInit                                0x08006da1   Thumb Code    80  scope.o(i.scopeInit)
    scopeRestart                             0x08006dfd   Thumb Code    18  scope.o(i.scopeRestart)
    scopeSetDataDepth                        0x08006e21   Thumb Code   154  scope.o(i.scopeSetDataDepth)
    scopeSetDefault                          0x08006edd   Thumb Code   132  scope.o(i.scopeSetDefault)
    scopeSetNumOfChannels                    0x08006f79   Thumb Code   188  scope.o(i.scopeSetNumOfChannels)
    scopeSetNumOfSamples                     0x08007051   Thumb Code    62  scope.o(i.scopeSetNumOfSamples)
    scopeSetPretrigger                       0x080070a9   Thumb Code    30  scope.o(i.scopeSetPretrigger)
    scopeSetSamplingFreq                     0x080070d1   Thumb Code    56  scope.o(i.scopeSetSamplingFreq)
    scopeSetTrigChannel                      0x08007125   Thumb Code    56  scope.o(i.scopeSetTrigChannel)
    scopeSetTrigLevel                        0x08007175   Thumb Code    30  scope.o(i.scopeSetTrigLevel)
    scopeSetTriggerEdge                      0x0800719d   Thumb Code    44  scope.o(i.scopeSetTriggerEdge)
    scopeSetTriggerMode                      0x080071e1   Thumb Code    30  scope.o(i.scopeSetTriggerMode)
    scopeStart                               0x08007209   Thumb Code    18  scope.o(i.scopeStart)
    scopeStop                                0x08007229   Thumb Code    18  scope.o(i.scopeStop)
    sendCommsConf                            0x08007249   Thumb Code    36  comms.o(i.sendCommsConf)
    sendGenConf                              0x08007285   Thumb Code    82  comms.o(i.sendGenConf)
    sendScopeConf                            0x080072f5   Thumb Code   132  comms.o(i.sendScopeConf)
    sendSystConf                             0x0800739d   Thumb Code    36  comms.o(i.sendSystConf)
    sendSystemVersion                        0x080073d5   Thumb Code   118  comms.o(i.sendSystemVersion)
    sqrt                                     0x08007491   Thumb Code   110  sqrt.o(i.sqrt)
    updateTrigger                            0x08007501   Thumb Code    66  scope.o(i.updateTrigger)
    uxListRemove                             0x08007555   Thumb Code    40  list.o(i.uxListRemove)
    vApplicationStackOverflowHook            0x0800757d   Thumb Code     2  freertos.o(i.vApplicationStackOverflowHook)
    vListInitialise                          0x0800757f   Thumb Code    26  list.o(i.vListInitialise)
    vListInitialiseItem                      0x08007599   Thumb Code     6  list.o(i.vListInitialiseItem)
    vListInsert                              0x0800759f   Thumb Code    52  list.o(i.vListInsert)
    vListInsertEnd                           0x080075d3   Thumb Code    24  list.o(i.vListInsertEnd)
    vPortEnterCritical                       0x080075ed   Thumb Code    26  port.o(i.vPortEnterCritical)
    vPortExitCritical                        0x0800760d   Thumb Code    26  port.o(i.vPortExitCritical)
    vPortFree                                0x0800762d   Thumb Code    56  heap_2.o(i.vPortFree)
    vPortSetupTimerInterrupt                 0x0800766d   Thumb Code    26  port.o(i.vPortSetupTimerInterrupt)
    vPortValidateInterruptPriority           0x0800768d   Thumb Code    78  port.o(i.vPortValidateInterruptPriority)
    vPortYield                               0x080076e9   Thumb Code    18  port.o(i.vPortYield)
    vTaskDelay                               0x08007701   Thumb Code    48  tasks.o(i.vTaskDelay)
    vTaskMissedYield                         0x08007739   Thumb Code     8  tasks.o(i.vTaskMissedYield)
    vTaskPlaceOnEventList                    0x08007745   Thumb Code    70  tasks.o(i.vTaskPlaceOnEventList)
    vTaskPriorityDisinherit                  0x08007799   Thumb Code    70  tasks.o(i.vTaskPriorityDisinherit)
    vTaskPriorityInherit                     0x080077e9   Thumb Code   118  tasks.o(i.vTaskPriorityInherit)
    vTaskSetTimeOutState                     0x0800786d   Thumb Code    28  tasks.o(i.vTaskSetTimeOutState)
    vTaskStartScheduler                      0x08007891   Thumb Code    64  tasks.o(i.vTaskStartScheduler)
    vTaskSuspendAll                          0x080078e5   Thumb Code    12  tasks.o(i.vTaskSuspendAll)
    vTaskSwitchContext                       0x080078f5   Thumb Code   150  tasks.o(i.vTaskSwitchContext)
    validateBuffUsage                        0x080079a1   Thumb Code    32  scope.o(i.validateBuffUsage)
    xPortStartScheduler                      0x080079c5   Thumb Code   156  port.o(i.xPortStartScheduler)
    xPortSysTickHandler                      0x08007a79   Thumb Code    28  port.o(i.xPortSysTickHandler)
    xQueueCreateMutex                        0x08007a99   Thumb Code    86  queue.o(i.xQueueCreateMutex)
    xQueueGenericCreate                      0x08007aef   Thumb Code    92  queue.o(i.xQueueGenericCreate)
    xQueueGenericReceive                     0x08007b4b   Thumb Code   320  queue.o(i.xQueueGenericReceive)
    xQueueGenericReset                       0x08007c8b   Thumb Code   120  queue.o(i.xQueueGenericReset)
    xQueueGenericSend                        0x08007d03   Thumb Code   282  queue.o(i.xQueueGenericSend)
    xQueueGenericSendFromISR                 0x08007e1d   Thumb Code   172  queue.o(i.xQueueGenericSendFromISR)
    xQueueGiveMutexRecursive                 0x08007ec9   Thumb Code    58  queue.o(i.xQueueGiveMutexRecursive)
    xQueueTakeMutexRecursive                 0x08007f03   Thumb Code    70  queue.o(i.xQueueTakeMutexRecursive)
    xTaskCheckForTimeOut                     0x08007f49   Thumb Code   108  tasks.o(i.xTaskCheckForTimeOut)
    xTaskGenericCreate                       0x08007fbd   Thumb Code   286  tasks.o(i.xTaskGenericCreate)
    xTaskGetCurrentTaskHandle                0x080080f5   Thumb Code     6  tasks.o(i.xTaskGetCurrentTaskHandle)
    xTaskGetSchedulerState                   0x08008101   Thumb Code    24  tasks.o(i.xTaskGetSchedulerState)
    xTaskIncrementTick                       0x08008121   Thumb Code   306  tasks.o(i.xTaskIncrementTick)
    xTaskRemoveFromEventList                 0x08008281   Thumb Code   112  tasks.o(i.xTaskRemoveFromEventList)
    xTaskResumeAll                           0x08008309   Thumb Code   198  tasks.o(i.xTaskResumeAll)
    LED_PIN                                  0x08008468   Data           2  stm32f3xx_nucleo_32.o(.constdata)
    APBAHBPrescTable                         0x0800846a   Data          16  stm32f3xx_hal_rcc.o(.constdata)
    PLLMULFactorTable                        0x0800847a   Data          16  stm32f3xx_hal_rcc_ex.o(.constdata)
    PredivFactorTable                        0x0800848a   Data          16  stm32f3xx_hal_rcc_ex.o(.constdata)
    RANGES                                   0x0800849a   Data          16  scope.o(.constdata)
    __mathlib_zero                           0x08008538   Data           8  qnan.o(.constdata)
    Region$$Table$$Base                      0x08008594   Number         0  anon$$obj.o(Region$$Table)
    Region$$Table$$Limit                     0x080085b4   Number         0  anon$$obj.o(Region$$Table)
    outputBuffEn                             0x20000000   Data           4  dac.o(.data)
    ADCResolution                            0x20000008   Data           4  adc.o(.data)
    LED_PORT                                 0x2000000c   Data           4  stm32f3xx_nucleo_32.o(.data)
    SystemCoreClock                          0x20000010   Data           4  system_stm32f3xx.o(.data)
    AHBPrescTable                            0x20000014   Data          16  system_stm32f3xx.o(.data)
    pxCurrentTCB                             0x20000028   Data           4  tasks.o(.data)
    cmdParserMessageQueue                    0x20000084   Data           4  cmd_parser.o(.data)
    messageQueue                             0x20000088   Data           4  comms.o(.data)
    scopeMessageQueue                        0x20000090   Data           4  scope.o(.data)
    blindBuffer                              0x20000094   Data           2  scope.o(.data)
    actualIndex                              0x200000b4   Data           4  scope.o(.data)
    data                                     0x200000b8   Data           2  scope.o(.data)
    samplesTaken                             0x200000bc   Data           4  scope.o(.data)
    totalSmpTaken                            0x200000c0   Data           4  scope.o(.data)
    SmpBeforeTrig                            0x200000c4   Data           4  scope.o(.data)
    SmpAfterTrig                             0x200000c8   Data           4  scope.o(.data)
    generatorMessageQueue                    0x200000cc   Data           4  generator.o(.data)
    blindValue                               0x200000d0   Data           2  generator.o(.data)
    htim_scope                               0x200000d8   Data          60  tim.o(.bss)
    htim6                                    0x20000114   Data          60  tim.o(.bss)
    htim7                                    0x20000150   Data          60  tim.o(.bss)
    hdac1                                    0x2000018c   Data          20  dac.o(.bss)
    hdac2                                    0x200001a0   Data          20  dac.o(.bss)
    hdma_dac1_ch2                            0x200001b4   Data          56  dac.o(.bss)
    hdma_dac2_ch1                            0x200001ec   Data          56  dac.o(.bss)
    hadc1                                    0x20000224   Data          76  adc.o(.bss)
    hadc2                                    0x20000270   Data          76  adc.o(.bss)
    hdma_adc1                                0x200002bc   Data          56  adc.o(.bss)
    hdma_adc2                                0x200002f4   Data          56  adc.o(.bss)
    huart2                                   0x2000032c   Data         108  usart.o(.bss)
    scopeBuffer                              0x20001a70   Data        4100  scope.o(.bss)
    generatorBuffer                          0x20002ad8   Data         800  generator.o(.bss)
    __initial_sp                             0x20002ff8   Data           0  startup_stm32f303x8.o(STACK)



==============================================================================

Memory Map of the image

  Image Entry point : 0x08000189

  Load Region LR_IROM1 (Base: 0x08000000, Size: 0x0000868c, Max: 0x00010000, ABSOLUTE)

    Execution Region ER_IROM1 (Base: 0x08000000, Size: 0x000085b4, Max: 0x00010000, ABSOLUTE)

    Base Addr    Size         Type   Attr      Idx    E Section Name        Object

    0x08000000   0x00000188   Data   RO          767    RESET               startup_stm32f303x8.o
    0x08000188   0x00000000   Code   RO         4604  * .ARM.Collect$$$$00000000  mc_w.l(entry.o)
    0x08000188   0x00000004   Code   RO         4654    .ARM.Collect$$$$00000001  mc_w.l(entry2.o)
    0x0800018c   0x00000004   Code   RO         4657    .ARM.Collect$$$$00000004  mc_w.l(entry5.o)
    0x08000190   0x00000000   Code   RO         4659    .ARM.Collect$$$$00000008  mc_w.l(entry7b.o)
    0x08000190   0x00000000   Code   RO         4661    .ARM.Collect$$$$0000000A  mc_w.l(entry8b.o)
    0x08000190   0x00000008   Code   RO         4662    .ARM.Collect$$$$0000000B  mc_w.l(entry9a.o)
    0x08000198   0x00000000   Code   RO         4664    .ARM.Collect$$$$0000000D  mc_w.l(entry10a.o)
    0x08000198   0x00000000   Code   RO         4666    .ARM.Collect$$$$0000000F  mc_w.l(entry11a.o)
    0x08000198   0x00000004   Code   RO         4655    .ARM.Collect$$$$00002712  mc_w.l(entry2.o)
    0x0800019c   0x000000ae   Code   RO         3953    .emb_text           port.o
    0x0800024a   0x00000002   PAD
    0x0800024c   0x00000024   Code   RO          768    .text               startup_stm32f303x8.o
    0x08000270   0x00000024   Code   RO         4607    .text               mc_w.l(memcpya.o)
    0x08000294   0x00000024   Code   RO         4609    .text               mc_w.l(memseta.o)
    0x080002b8   0x0000001a   Code   RO         4613    .text               mf_w.l(dfltui.o)
    0x080002d2   0x00000032   Code   RO         4615    .text               mf_w.l(dfixui.o)
    0x08000304   0x00000020   Code   RO         4668    .text               mc_w.l(llushr.o)
    0x08000324   0x00000000   Code   RO         4677    .text               mc_w.l(iusefp.o)
    0x08000324   0x000000ba   Code   RO         4678    .text               mf_w.l(depilogue.o)
    0x080003de   0x0000014e   Code   RO         4680    .text               mf_w.l(dadd.o)
    0x0800052c   0x000000e4   Code   RO         4682    .text               mf_w.l(dmul.o)
    0x08000610   0x000000de   Code   RO         4684    .text               mf_w.l(ddiv.o)
    0x080006ee   0x0000002e   Code   RO         4688    .text               mf_w.l(dscalb.o)
    0x0800071c   0x00000022   Code   RO         4690    .text               mf_w.l(dflti.o)
    0x0800073e   0x00000002   PAD
    0x08000740   0x00000030   Code   RO         4692    .text               mf_w.l(cdrcmple.o)
    0x08000770   0x00000024   Code   RO         4694    .text               mc_w.l(init.o)
    0x08000794   0x0000001e   Code   RO         4696    .text               mc_w.l(llshl.o)
    0x080007b2   0x00000024   Code   RO         4698    .text               mc_w.l(llsshr.o)
    0x080007d6   0x000000a2   Code   RO         4700    .text               mf_w.l(dsqrt.o)
    0x08000878   0x00000100   Code   RO         1127    i.ADC_ConversionStop  stm32f3xx_hal_adc_ex.o
    0x08000978   0x00000034   Code   RO         1128    i.ADC_DMAConvCplt   stm32f3xx_hal_adc_ex.o
    0x080009ac   0x0000001c   Code   RO         1129    i.ADC_DMAError      stm32f3xx_hal_adc_ex.o
    0x080009c8   0x0000000e   Code   RO         1130    i.ADC_DMAHalfConvCplt  stm32f3xx_hal_adc_ex.o
    0x080009d6   0x00000002   PAD
    0x080009d8   0x00000090   Code   RO          514    i.ADC_DMA_Reconfig  adc.o
    0x08000a68   0x00000094   Code   RO         1131    i.ADC_Disable       stm32f3xx_hal_adc_ex.o
    0x08000afc   0x0000008c   Code   RO         1132    i.ADC_Enable        stm32f3xx_hal_adc_ex.o
    0x08000b88   0x00000058   Code   RO          775    i.BSP_LED_Init      stm32f3xx_nucleo_32.o
    0x08000be0   0x00000020   Code   RO          776    i.BSP_LED_Off       stm32f3xx_nucleo_32.o
    0x08000c00   0x00000020   Code   RO          777    i.BSP_LED_On        stm32f3xx_nucleo_32.o
    0x08000c20   0x00000198   Code   RO         4100    i.CmdParserTask     cmd_parser.o
    0x08000db8   0x0000032c   Code   RO         4165    i.CommTask          comms.o
    0x080010e4   0x00000002   Code   RO          432    i.DACSetOutputBuffer  dac.o
    0x080010e6   0x00000002   Code   RO          433    i.DACUnsetOutputBuffer  dac.o
    0x080010e8   0x00000012   Code   RO         1592    i.DAC_DMAConvCpltCh1  stm32f3xx_hal_dac_ex.o
    0x080010fa   0x00000012   Code   RO         1593    i.DAC_DMAConvCpltCh2  stm32f3xx_hal_dac_ex.o
    0x0800110c   0x0000001a   Code   RO         1594    i.DAC_DMAErrorCh1   stm32f3xx_hal_dac_ex.o
    0x08001126   0x0000001a   Code   RO         1595    i.DAC_DMAErrorCh2   stm32f3xx_hal_dac_ex.o
    0x08001140   0x0000000e   Code   RO         1596    i.DAC_DMAHalfConvCpltCh1  stm32f3xx_hal_dac_ex.o
    0x0800114e   0x0000000e   Code   RO         1597    i.DAC_DMAHalfConvCpltCh2  stm32f3xx_hal_dac_ex.o
    0x0800115c   0x00000054   Code   RO          434    i.DAC_DMA_Reconfig  dac.o
    0x080011b0   0x00000088   Code   RO          515    i.DMA_GetCurrDataCounter  adc.o
    0x08001238   0x00000020   Code   RO         1714    i.DMA_SetConfig     stm32f3xx_hal_dma.o
    0x08001258   0x00000008   Code   RO          435    i.GeneratingDisable  dac.o
    0x08001260   0x00000010   Code   RO          436    i.GeneratingEnable  dac.o
    0x08001270   0x00000084   Code   RO         4472    i.GeneratorTask     generator.o
    0x080012f4   0x0000000c   Code   RO         4270    i.GetNumOfChannels  scope.o
    0x08001300   0x00000474   Code   RO         1150    i.HAL_ADC_ConfigChannel  stm32f3xx_hal_adc_ex.o
    0x08001774   0x00000002   Code   RO          983    i.HAL_ADC_ConvCpltCallback  stm32f3xx_hal_adc.o
    0x08001776   0x00000002   Code   RO          984    i.HAL_ADC_ConvHalfCpltCallback  stm32f3xx_hal_adc.o
    0x08001778   0x00000204   Code   RO         1151    i.HAL_ADC_DeInit    stm32f3xx_hal_adc_ex.o
    0x0800197c   0x00000002   Code   RO          986    i.HAL_ADC_ErrorCallback  stm32f3xx_hal_adc.o
    0x0800197e   0x00000002   PAD
    0x08001980   0x000001d0   Code   RO         1154    i.HAL_ADC_Init      stm32f3xx_hal_adc_ex.o
    0x08001b50   0x0000007c   Code   RO          516    i.HAL_ADC_MspDeInit  adc.o
    0x08001bcc   0x00000144   Code   RO          517    i.HAL_ADC_MspInit   adc.o
    0x08001d10   0x000000c4   Code   RO         1158    i.HAL_ADC_Start_DMA  stm32f3xx_hal_adc_ex.o
    0x08001dd4   0x00000078   Code   RO         1161    i.HAL_ADC_Stop_DMA  stm32f3xx_hal_adc_ex.o
    0x08001e4c   0x00000002   Code   RO         1598    i.HAL_DACEx_ConvCpltCallbackCh2  stm32f3xx_hal_dac_ex.o
    0x08001e4e   0x00000002   Code   RO         1599    i.HAL_DACEx_ConvHalfCpltCallbackCh2  stm32f3xx_hal_dac_ex.o
    0x08001e50   0x00000002   Code   RO         1603    i.HAL_DACEx_ErrorCallbackCh2  stm32f3xx_hal_dac_ex.o
    0x08001e52   0x0000005a   Code   RO         1472    i.HAL_DAC_ConfigChannel  stm32f3xx_hal_dac.o
    0x08001eac   0x00000002   Code   RO         1473    i.HAL_DAC_ConvCpltCallbackCh1  stm32f3xx_hal_dac.o
    0x08001eae   0x00000002   Code   RO         1474    i.HAL_DAC_ConvHalfCpltCallbackCh1  stm32f3xx_hal_dac.o
    0x08001eb0   0x00000002   Code   RO         1477    i.HAL_DAC_ErrorCallbackCh1  stm32f3xx_hal_dac.o
    0x08001eb2   0x00000024   Code   RO         1481    i.HAL_DAC_Init      stm32f3xx_hal_dac.o
    0x08001ed6   0x00000002   PAD
    0x08001ed8   0x00000100   Code   RO          438    i.HAL_DAC_MspInit   dac.o
    0x08001fd8   0x00000124   Code   RO         1610    i.HAL_DAC_Start_DMA  stm32f3xx_hal_dac_ex.o
    0x080020fc   0x0000004a   Code   RO         1487    i.HAL_DAC_Stop_DMA  stm32f3xx_hal_dac.o
    0x08002146   0x00000062   Code   RO         1715    i.HAL_DMA_Abort     stm32f3xx_hal_dma.o
    0x080021a8   0x00000184   Code   RO         1716    i.HAL_DMA_DeInit    stm32f3xx_hal_dma.o
    0x0800232c   0x00000048   Code   RO         1720    i.HAL_DMA_Init      stm32f3xx_hal_dma.o
    0x08002374   0x00000076   Code   RO         1723    i.HAL_DMA_Start_IT  stm32f3xx_hal_dma.o
    0x080023ea   0x00000002   PAD
    0x080023ec   0x000000d0   Code   RO         1787    i.HAL_GPIO_DeInit   stm32f3xx_hal_gpio.o
    0x080024bc   0x000001cc   Code   RO         1790    i.HAL_GPIO_Init     stm32f3xx_hal_gpio.o
    0x08002688   0x0000000a   Code   RO         1794    i.HAL_GPIO_WritePin  stm32f3xx_hal_gpio.o
    0x08002692   0x00000002   PAD
    0x08002694   0x00000008   Code   RO          860    i.HAL_GetHalVersion  stm32f3xx_hal.o
    0x0800269c   0x0000000c   Code   RO          862    i.HAL_GetTick       stm32f3xx_hal.o
    0x080026a8   0x00000010   Code   RO          863    i.HAL_IncTick       stm32f3xx_hal.o
    0x080026b8   0x00000028   Code   RO          864    i.HAL_Init          stm32f3xx_hal.o
    0x080026e0   0x00000024   Code   RO          865    i.HAL_InitTick      stm32f3xx_hal.o
    0x08002704   0x00000014   Code   RO            3    i.HAL_MspInit       stm32f3xx_hal_msp.o
    0x08002718   0x0000001c   Code   RO         1352    i.HAL_NVIC_ClearPendingIRQ  stm32f3xx_hal_cortex.o
    0x08002734   0x0000001a   Code   RO         1354    i.HAL_NVIC_EnableIRQ  stm32f3xx_hal_cortex.o
    0x0800274e   0x0000007c   Code   RO         1360    i.HAL_NVIC_SetPriority  stm32f3xx_hal_cortex.o
    0x080027ca   0x00000002   PAD
    0x080027cc   0x00000028   Code   RO         1361    i.HAL_NVIC_SetPriorityGrouping  stm32f3xx_hal_cortex.o
    0x080027f4   0x000001ac   Code   RO         1951    i.HAL_RCCEx_PeriphCLKConfig  stm32f3xx_hal_rcc_ex.o
    0x080029a0   0x00000434   Code   RO         1850    i.HAL_RCC_ClockConfig  stm32f3xx_hal_rcc.o
    0x08002dd4   0x00000038   Code   RO         1855    i.HAL_RCC_GetHCLKFreq  stm32f3xx_hal_rcc.o
    0x08002e0c   0x0000002c   Code   RO         1857    i.HAL_RCC_GetPCLK1Freq  stm32f3xx_hal_rcc.o
    0x08002e38   0x0000002c   Code   RO         1858    i.HAL_RCC_GetPCLK2Freq  stm32f3xx_hal_rcc.o
    0x08002e64   0x0000008c   Code   RO         1953    i.HAL_RCC_GetSysClockFreq  stm32f3xx_hal_rcc_ex.o
    0x08002ef0   0x00000844   Code   RO         1954    i.HAL_RCC_OscConfig  stm32f3xx_hal_rcc_ex.o
    0x08003734   0x00000028   Code   RO         1363    i.HAL_SYSTICK_CLKSourceConfig  stm32f3xx_hal_cortex.o
    0x0800375c   0x00000034   Code   RO         1365    i.HAL_SYSTICK_Config  stm32f3xx_hal_cortex.o
    0x08003790   0x00000060   Code   RO         2660    i.HAL_TIMEx_MasterConfigSynchronization  stm32f3xx_hal_tim_ex.o
    0x080037f0   0x0000002e   Code   RO         2013    i.HAL_TIM_Base_Init  stm32f3xx_hal_tim.o
    0x0800381e   0x00000002   PAD
    0x08003820   0x00000050   Code   RO          322    i.HAL_TIM_Base_MspInit  tim.o
    0x08003870   0x0000001e   Code   RO         2016    i.HAL_TIM_Base_Start  stm32f3xx_hal_tim.o
    0x0800388e   0x00000038   Code   RO         2019    i.HAL_TIM_Base_Stop  stm32f3xx_hal_tim.o
    0x080038c6   0x00000072   Code   RO         2927    i.HAL_UART_Init     stm32f3xx_hal_uart.o
    0x08003938   0x00000060   Code   RO          637    i.HAL_UART_MspInit  usart.o
    0x08003998   0x0000000a   Code   RO          586    i.LED_Off           gpio.o
    0x080039a2   0x0000000a   Code   RO          587    i.LED_On            gpio.o
    0x080039ac   0x0000006c   Code   RO          518    i.MX_ADC1_Init      adc.o
    0x08003a18   0x00000068   Code   RO          519    i.MX_ADC2_Init      adc.o
    0x08003a80   0x00000030   Code   RO          439    i.MX_DAC1_Init      dac.o
    0x08003ab0   0x00000030   Code   RO          440    i.MX_DAC2_Init      dac.o
    0x08003ae0   0x00000014   Code   RO          410    i.MX_DMA_Init       dma.o
    0x08003af4   0x00000024   Code   RO          589    i.MX_GPIO_Init      gpio.o
    0x08003b18   0x0000003c   Code   RO          323    i.MX_TIM3_Init      tim.o
    0x08003b54   0x0000003c   Code   RO          324    i.MX_TIM6_Init      tim.o
    0x08003b90   0x0000003c   Code   RO          325    i.MX_TIM7_Init      tim.o
    0x08003bcc   0x00000040   Code   RO          638    i.MX_USART2_UART_Init  usart.o
    0x08003c0c   0x00000010   Code   RO         1367    i.NVIC_GetPriorityGrouping  stm32f3xx_hal_cortex.o
    0x08003c1c   0x00000028   Code   RO         1368    i.NVIC_SetPriority  stm32f3xx_hal_cortex.o
    0x08003c44   0x0000014c   Code   RO         4271    i.ScopeTask         scope.o
    0x08003d90   0x000003e4   Code   RO         4272    i.ScopeTriggerTask  scope.o
    0x08004174   0x0000001a   Code   RO          190    i.StartThread       main.o
    0x0800418e   0x00000012   Code   RO          118    i.SysTick_Handler   stm32f3xx_it.o
    0x080041a0   0x00000076   Code   RO          747    i.SystemClock_Config  clock.o
    0x08004216   0x00000002   PAD
    0x08004218   0x0000007c   Code   RO          823    i.SystemInit        system_stm32f3xx.o
    0x08004294   0x00000018   Code   RO          326    i.TIMGenDisable     tim.o
    0x080042ac   0x00000018   Code   RO          327    i.TIMGenEnable      tim.o
    0x080042c4   0x00000010   Code   RO          328    i.TIMScopeDisable   tim.o
    0x080042d4   0x00000010   Code   RO          329    i.TIMScopeEnable    tim.o
    0x080042e4   0x0000008c   Code   RO         2099    i.TIM_Base_SetConfig  stm32f3xx_hal_tim.o
    0x08004370   0x00000108   Code   RO          330    i.TIM_Reconfig      tim.o
    0x08004478   0x00000034   Code   RO          331    i.TIM_Reconfig_gen  tim.o
    0x080044ac   0x00000018   Code   RO          332    i.TIM_Reconfig_scope  tim.o
    0x080044c4   0x000000ea   Code   RO         2941    i.UART_AdvFeatureConfig  stm32f3xx_hal_uart.o
    0x080045ae   0x0000005e   Code   RO         2942    i.UART_CheckIdleState  stm32f3xx_hal_uart.o
    0x0800460c   0x00000230   Code   RO         2950    i.UART_SetConfig    stm32f3xx_hal_uart.o
    0x0800483c   0x000000f6   Code   RO         2952    i.UART_WaitOnFlagUntilTimeout  stm32f3xx_hal_uart.o
    0x08004932   0x0000001a   Code   RO          639    i.UARTsendBuff      usart.o
    0x0800494c   0x0000001c   Code   RO          640    i.UARTsendChar      usart.o
    0x08004968   0x0000001c   Code   RO          119    i.USART2_IRQHandler  stm32f3xx_it.o
    0x08004984   0x00000030   Code   RO         4637    i.__ARM_fpclassify  m_wm.l(fpclassify.o)
    0x080049b4   0x00000004   PAD
    0x080049b8   0x00000c50   Code   RO         4590    i.__hardfp_pow      m_wm.l(pow.o)
    0x08005608   0x000000f8   Code   RO         4639    i.__kernel_poly     m_wm.l(poly.o)
    0x08005700   0x00000030   Code   RO         4617    i.__mathlib_dbl_divzero  m_wm.l(dunder.o)
    0x08005730   0x00000014   Code   RO         4619    i.__mathlib_dbl_infnan2  m_wm.l(dunder.o)
    0x08005744   0x00000004   PAD
    0x08005748   0x00000020   Code   RO         4620    i.__mathlib_dbl_invalid  m_wm.l(dunder.o)
    0x08005768   0x00000020   Code   RO         4621    i.__mathlib_dbl_overflow  m_wm.l(dunder.o)
    0x08005788   0x00000020   Code   RO         4623    i.__mathlib_dbl_underflow  m_wm.l(dunder.o)
    0x080057a8   0x0000000e   Code   RO         4706    i.__scatterload_copy  mc_w.l(handlers.o)
    0x080057b6   0x00000002   Code   RO         4707    i.__scatterload_null  mc_w.l(handlers.o)
    0x080057b8   0x0000000e   Code   RO         4708    i.__scatterload_zeroinit  mc_w.l(handlers.o)
    0x080057c6   0x00000002   PAD
    0x080057c8   0x0000000c   Code   RO         4672    i.__set_errno       mc_w.l(errno.o)
    0x080057d4   0x00000068   Code   RO          520    i.adcSetResolution  adc.o
    0x0800583c   0x0000001c   Code   RO         4473    i.clearGenBuffer    generator.o
    0x08005858   0x0000005c   Code   RO         4168    i.commBufferReadByte  comms.o
    0x080058b4   0x00000026   Code   RO         4169    i.commBufferReadNBytes  comms.o
    0x080058da   0x00000002   PAD
    0x080058dc   0x0000005c   Code   RO         4170    i.commBufferStoreByte  comms.o
    0x08005938   0x00000040   Code   RO         4171    i.commInputByte     comms.o
    0x08005978   0x00000024   Code   RO         4172    i.commsInit         comms.o
    0x0800599c   0x0000000c   Code   RO          686    i.commsRecieveUART  comms_hal.o
    0x080059a8   0x0000000c   Code   RO          687    i.commsSend         comms_hal.o
    0x080059b4   0x00000010   Code   RO          688    i.commsSendBuff     comms_hal.o
    0x080059c4   0x0000001e   Code   RO          689    i.commsSendString   comms_hal.o
    0x080059e2   0x00000026   Code   RO          690    i.commsSendUint32   comms_hal.o
    0x08005a08   0x00000018   Code   RO         4633    i.fabs              m_wm.l(fabs.o)
    0x08005a20   0x00000024   Code   RO         4474    i.genDataOKSendNext  generator.o
    0x08005a44   0x00000010   Code   RO         4475    i.genGetRealSmplFreq  generator.o
    0x08005a54   0x00000050   Code   RO         4476    i.genInit           generator.o
    0x08005aa4   0x00000028   Code   RO         4477    i.genSendRealSamplingFreq  generator.o
    0x08005acc   0x00000090   Code   RO         4478    i.genSetData        generator.o
    0x08005b5c   0x00000040   Code   RO         4479    i.genSetFrequency   generator.o
    0x08005b9c   0x00000058   Code   RO         4480    i.genSetLength      generator.o
    0x08005bf4   0x00000070   Code   RO         4481    i.genSetNumOfChannels  generator.o
    0x08005c64   0x00000008   Code   RO         4482    i.genSetOutputBuffer  generator.o
    0x08005c6c   0x00000020   Code   RO         4483    i.genStart          generator.o
    0x08005c8c   0x00000020   Code   RO         4484    i.genStatusOK       generator.o
    0x08005cac   0x00000020   Code   RO         4485    i.genStop           generator.o
    0x08005ccc   0x00000008   Code   RO         4486    i.genUnsetOutputBuffer  generator.o
    0x08005cd4   0x00000048   Code   RO         4487    i.generatorSetDefault  generator.o
    0x08005d1c   0x0000000c   Code   RO         4273    i.getADCRes         scope.o
    0x08005d28   0x00000038   Code   RO         4173    i.getBytesAvailable  comms.o
    0x08005d60   0x00000010   Code   RO         4274    i.getDataPointer    scope.o
    0x08005d70   0x0000000c   Code   RO         4276    i.getOneChanMemSize  scope.o
    0x08005d7c   0x0000000c   Code   RO         4277    i.getPretrigger     scope.o
    0x08005d88   0x0000000c   Code   RO         4278    i.getSamples        scope.o
    0x08005d94   0x0000000c   Code   RO         4279    i.getScopeState     scope.o
    0x08005da0   0x0000000c   Code   RO         4280    i.getTriggerIndex   scope.o
    0x08005dac   0x00000040   Code   RO         4101    i.giveNextCmd       cmd_parser.o
    0x08005dec   0x000000cc   Code   RO          191    i.main              main.o
    0x08005eb8   0x0000000e   Code   RO         3604    i.makeFreeRtosPriority  cmsis_os.o
    0x08005ec6   0x00000018   Code   RO         3605    i.osDelay           cmsis_os.o
    0x08005ede   0x00000018   Code   RO         3608    i.osKernelStart     cmsis_os.o
    0x08005ef6   0x00000032   Code   RO         3635    i.osThreadCreate    cmsis_os.o
    0x08005f28   0x0000006c   Code   RO         4102    i.parseCommsCmd     cmd_parser.o
    0x08005f94   0x00000284   Code   RO         4103    i.parseGeneratorCmd  cmd_parser.o
    0x08006218   0x000005dc   Code   RO         4104    i.parseScopeCmd     cmd_parser.o
    0x080067f4   0x0000006c   Code   RO         4105    i.parseSystemCmd    cmd_parser.o
    0x08006860   0x00000080   Code   RO         4106    i.printErrResponse  cmd_parser.o
    0x080068e0   0x00000054   Code   RO         3178    i.prvAddCurrentTaskToDelayedList  tasks.o
    0x08006934   0x0000003a   Code   RO         3179    i.prvAllocateTCBAndStack  tasks.o
    0x0800696e   0x00000002   PAD
    0x08006970   0x00000064   Code   RO         3180    i.prvCheckTasksWaitingTermination  tasks.o
    0x080069d4   0x0000002a   Code   RO         3437    i.prvCopyDataFromQueue  queue.o
    0x080069fe   0x00000076   Code   RO         3438    i.prvCopyDataToQueue  queue.o
    0x08006a74   0x00000012   Code   RO         3181    i.prvDeleteTCB      tasks.o
    0x08006a86   0x00000002   PAD
    0x08006a88   0x00000038   Code   RO         4060    i.prvHeapInit       heap_2.o
    0x08006ac0   0x00000018   Code   RO         3182    i.prvIdleTask       tasks.o
    0x08006ad8   0x00000056   Code   RO         3183    i.prvInitialiseTCBVariables  tasks.o
    0x08006b2e   0x00000002   PAD
    0x08006b30   0x00000068   Code   RO         3184    i.prvInitialiseTaskLists  tasks.o
    0x08006b98   0x0000001a   Code   RO         3439    i.prvIsQueueEmpty   queue.o
    0x08006bb2   0x0000001e   Code   RO         3440    i.prvIsQueueFull    queue.o
    0x08006bd0   0x00000024   Code   RO         3954    i.prvTaskExitError  port.o
    0x08006bf4   0x0000007e   Code   RO         3441    i.prvUnlockQueue    queue.o
    0x08006c72   0x00000002   PAD
    0x08006c74   0x000000b8   Code   RO         4061    i.pvPortMalloc      heap_2.o
    0x08006d2c   0x00000028   Code   RO         3955    i.pxPortInitialiseStack  port.o
    0x08006d54   0x00000020   Code   RO         4281    i.samplesPassed     scope.o
    0x08006d74   0x00000008   Code   RO          521    i.samplingDisable   adc.o
    0x08006d7c   0x00000008   Code   RO          522    i.samplingEnable    adc.o
    0x08006d84   0x00000010   Code   RO         4282    i.scopeGetRanges    scope.o
    0x08006d94   0x0000000c   Code   RO         4283    i.scopeGetRealSmplFreq  scope.o
    0x08006da0   0x0000005c   Code   RO         4284    i.scopeInit         scope.o
    0x08006dfc   0x00000024   Code   RO         4285    i.scopeRestart      scope.o
    0x08006e20   0x000000bc   Code   RO         4286    i.scopeSetDataDepth  scope.o
    0x08006edc   0x0000009c   Code   RO         4287    i.scopeSetDefault   scope.o
    0x08006f78   0x000000d8   Code   RO         4288    i.scopeSetNumOfChannels  scope.o
    0x08007050   0x00000058   Code   RO         4289    i.scopeSetNumOfSamples  scope.o
    0x080070a8   0x00000028   Code   RO         4290    i.scopeSetPretrigger  scope.o
    0x080070d0   0x00000054   Code   RO         4291    i.scopeSetSamplingFreq  scope.o
    0x08007124   0x00000050   Code   RO         4292    i.scopeSetTrigChannel  scope.o
    0x08007174   0x00000028   Code   RO         4293    i.scopeSetTrigLevel  scope.o
    0x0800719c   0x00000044   Code   RO         4294    i.scopeSetTriggerEdge  scope.o
    0x080071e0   0x00000028   Code   RO         4295    i.scopeSetTriggerMode  scope.o
    0x08007208   0x00000020   Code   RO         4296    i.scopeStart        scope.o
    0x08007228   0x00000020   Code   RO         4297    i.scopeStop         scope.o
    0x08007248   0x0000003c   Code   RO         4174    i.sendCommsConf     comms.o
    0x08007284   0x00000070   Code   RO         4175    i.sendGenConf       comms.o
    0x080072f4   0x000000a8   Code   RO         4176    i.sendScopeConf     comms.o
    0x0800739c   0x00000038   Code   RO         4177    i.sendSystConf      comms.o
    0x080073d4   0x000000bc   Code   RO         4178    i.sendSystemVersion  comms.o
    0x08007490   0x0000006e   Code   RO         4644    i.sqrt              m_wm.l(sqrt.o)
    0x080074fe   0x00000002   PAD
    0x08007500   0x00000054   Code   RO         4298    i.updateTrigger     scope.o
    0x08007554   0x00000028   Code   RO         4024    i.uxListRemove      list.o
    0x0800757c   0x00000002   Code   RO          622    i.vApplicationStackOverflowHook  freertos.o
    0x0800757e   0x0000001a   Code   RO         4025    i.vListInitialise   list.o
    0x08007598   0x00000006   Code   RO         4026    i.vListInitialiseItem  list.o
    0x0800759e   0x00000034   Code   RO         4027    i.vListInsert       list.o
    0x080075d2   0x00000018   Code   RO         4028    i.vListInsertEnd    list.o
    0x080075ea   0x00000002   PAD
    0x080075ec   0x00000020   Code   RO         3957    i.vPortEnterCritical  port.o
    0x0800760c   0x00000020   Code   RO         3958    i.vPortExitCritical  port.o
    0x0800762c   0x00000040   Code   RO         4062    i.vPortFree         heap_2.o
    0x0800766c   0x00000020   Code   RO         3959    i.vPortSetupTimerInterrupt  port.o
    0x0800768c   0x0000005c   Code   RO         3960    i.vPortValidateInterruptPriority  port.o
    0x080076e8   0x00000018   Code   RO         3961    i.vPortYield        port.o
    0x08007700   0x00000038   Code   RO         3191    i.vTaskDelay        tasks.o
    0x08007738   0x0000000c   Code   RO         3195    i.vTaskMissedYield  tasks.o
    0x08007744   0x00000054   Code   RO         3196    i.vTaskPlaceOnEventList  tasks.o
    0x08007798   0x00000050   Code   RO         3197    i.vTaskPriorityDisinherit  tasks.o
    0x080077e8   0x00000084   Code   RO         3198    i.vTaskPriorityInherit  tasks.o
    0x0800786c   0x00000024   Code   RO         3202    i.vTaskSetTimeOutState  tasks.o
    0x08007890   0x00000054   Code   RO         3203    i.vTaskStartScheduler  tasks.o
    0x080078e4   0x00000010   Code   RO         3205    i.vTaskSuspendAll   tasks.o
    0x080078f4   0x000000ac   Code   RO         3206    i.vTaskSwitchContext  tasks.o
    0x080079a0   0x00000024   Code   RO         4299    i.validateBuffUsage  scope.o
    0x080079c4   0x000000b4   Code   RO         3962    i.xPortStartScheduler  port.o
    0x08007a78   0x00000020   Code   RO         3963    i.xPortSysTickHandler  port.o
    0x08007a98   0x00000056   Code   RO         3452    i.xQueueCreateMutex  queue.o
    0x08007aee   0x0000005c   Code   RO         3453    i.xQueueGenericCreate  queue.o
    0x08007b4a   0x00000140   Code   RO         3454    i.xQueueGenericReceive  queue.o
    0x08007c8a   0x00000078   Code   RO         3455    i.xQueueGenericReset  queue.o
    0x08007d02   0x0000011a   Code   RO         3456    i.xQueueGenericSend  queue.o
    0x08007e1c   0x000000ac   Code   RO         3457    i.xQueueGenericSendFromISR  queue.o
    0x08007ec8   0x0000003a   Code   RO         3458    i.xQueueGiveMutexRecursive  queue.o
    0x08007f02   0x00000046   Code   RO         3463    i.xQueueTakeMutexRecursive  queue.o
    0x08007f48   0x00000074   Code   RO         3207    i.xTaskCheckForTimeOut  tasks.o
    0x08007fbc   0x00000138   Code   RO         3208    i.xTaskGenericCreate  tasks.o
    0x080080f4   0x0000000c   Code   RO         3209    i.xTaskGetCurrentTaskHandle  tasks.o
    0x08008100   0x00000020   Code   RO         3210    i.xTaskGetSchedulerState  tasks.o
    0x08008120   0x00000160   Code   RO         3213    i.xTaskIncrementTick  tasks.o
    0x08008280   0x00000088   Code   RO         3215    i.xTaskRemoveFromEventList  tasks.o
    0x08008308   0x000000e8   Code   RO         3216    i.xTaskResumeAll    tasks.o
    0x080083f0   0x00000078   Data   RO          192    .constdata          main.o
    0x08008468   0x00000002   Data   RO          779    .constdata          stm32f3xx_nucleo_32.o
    0x0800846a   0x00000010   Data   RO         1863    .constdata          stm32f3xx_hal_rcc.o
    0x0800847a   0x00000020   Data   RO         1955    .constdata          stm32f3xx_hal_rcc_ex.o
    0x0800849a   0x00000010   Data   RO         4301    .constdata          scope.o
    0x080084aa   0x00000006   PAD
    0x080084b0   0x00000088   Data   RO         4593    .constdata          m_wm.l(pow.o)
    0x08008538   0x00000008   Data   RO         4641    .constdata          m_wm.l(qnan.o)
    0x08008540   0x00000053   Data   RO          193    .conststring        main.o
    0x08008593   0x00000001   PAD
    0x08008594   0x00000020   Data   RO         4704    Region$$Table       anon$$obj.o


    Execution Region RW_IRAM1 (Base: 0x20000000, Size: 0x00002ff8, Max: 0x00003000, ABSOLUTE)

    Base Addr    Size         Type   Attr      Idx    E Section Name        Object

    0x20000000   0x00000004   Data   RW          442    .data               dac.o
    0x20000004   0x00000008   Data   RW          524    .data               adc.o
    0x2000000c   0x00000004   Data   RW          780    .data               stm32f3xx_nucleo_32.o
    0x20000010   0x00000014   Data   RW          824    .data               system_stm32f3xx.o
    0x20000024   0x00000004   Data   RW          870    .data               stm32f3xx_hal.o
    0x20000028   0x00000038   Data   RW         3219    .data               tasks.o
    0x20000060   0x0000000c   Data   RW         3964    .data               port.o
    0x2000006c   0x00000018   Data   RW         4066    .data               heap_2.o
    0x20000084   0x00000004   Data   RW         4107    .data               cmd_parser.o
    0x20000088   0x00000008   Data   RW         4180    .data               comms.o
    0x20000090   0x0000003c   Data   RW         4302    .data               scope.o
    0x200000cc   0x00000006   Data   RW         4490    .data               generator.o
    0x200000d2   0x00000002   PAD
    0x200000d4   0x00000004   Data   RW         4673    .data               mc_w.l(errno.o)
    0x200000d8   0x000000b4   Zero   RW          333    .bss                tim.o
    0x2000018c   0x00000098   Zero   RW          441    .bss                dac.o
    0x20000224   0x00000108   Zero   RW          523    .bss                adc.o
    0x2000032c   0x0000006c   Zero   RW          641    .bss                usart.o
    0x20000398   0x000000f0   Zero   RW         3218    .bss                tasks.o
    0x20000488   0x0000157c   Zero   RW         4065    .bss                heap_2.o
    0x20001a04   0x0000006c   Zero   RW         4179    .bss                comms.o
    0x20001a70   0x0000103c   Zero   RW         4300    .bss                scope.o
    0x20002aac   0x0000034c   Zero   RW         4489    .bss                generator.o
    0x20002df8   0x00000200   Zero   RW          765    STACK               startup_stm32f303x8.o


==============================================================================

Image component sizes


      Code (inc. data)   RO Data    RW Data    ZI Data      Debug   Object Name

      1060        102          0          8        264       5898   adc.o
       118          0          0          0          0        649   clock.o
      2960        474          0          4          0       9194   cmd_parser.o
       112          0          0          0          0       7003   cmsis_os.o
      1774        304          0          8        108       8693   comms.o
       108          0          0          0          0       3135   comms_hal.o
       464         60          0          4        152       4717   dac.o
        20          6          0          0          0        418   dma.o
         2          0          0          0          0        552   freertos.o
       924        190          0          6        844       9766   generator.o
        56          4          0          0          0       1326   gpio.o
       304         40          0         24       5500       3967   heap_2.o
       148          0          0          0          0       3562   list.o
       230          8        203          0          0       2627   main.o
       674         92          0         12          0       7126   port.o
      1542          0          0          0          0      12395   queue.o
      2800        482         16         60       4156      18523   scope.o
        36          8        392          0        512        920   startup_stm32f303x8.o
       112         20          0          4          0       3702   stm32f3xx_hal.o
         6          0          0          0          0       2110   stm32f3xx_hal_adc.o
      3074         82          0          0          0      10491   stm32f3xx_hal_adc_ex.o
       366         28          0          0          0      30272   stm32f3xx_hal_cortex.o
       206          0          0          0          0       4377   stm32f3xx_hal_dac.o
       414         26          0          0          0       6773   stm32f3xx_hal_dac_ex.o
       708          6          0          0          0       4199   stm32f3xx_hal_dma.o
       678         40          0          0          0       3582   stm32f3xx_hal_gpio.o
        20          0          0          0          0     317294   stm32f3xx_hal_msp.o
      1220         44         16          0          0       3957   stm32f3xx_hal_rcc.o
      2684         68         32          0          0       4256   stm32f3xx_hal_rcc_ex.o
       272         22          0          0          0       3074   stm32f3xx_hal_tim.o
        96          6          0          0          0       1364   stm32f3xx_hal_tim_ex.o
      1248         30          0          0          0       4517   stm32f3xx_hal_uart.o
        46          6          0          0          0      18258   stm32f3xx_it.o
       152         30          2          4          0       2929   stm32f3xx_nucleo_32.o
       124         20          0         20          0       1341   system_stm32f3xx.o
      2338        330          0         56        240      21170   tasks.o
       680         94          0          0        180       6730   tim.o
       214         22          0          0        108       2712   usart.o

    ----------------------------------------------------------------------
     28020       2644        700        212      12064     553579   Object Totals
         0          0         32          0          0          0   (incl. Generated)
        30          0          7          2          0          0   (incl. Padding)

    ----------------------------------------------------------------------

      Code (inc. data)   RO Data    RW Data    ZI Data      Debug   Library Member Name

       164         44          0          0          0        620   dunder.o
        24          0          0          0          0        124   fabs.o
        48          0          0          0          0        124   fpclassify.o
       248          0          0          0          0        152   poly.o
      3152        296        136          0          0        352   pow.o
         0          0          8          0          0          0   qnan.o
       110          0          0          0          0        148   sqrt.o
         0          0          0          0          0          0   entry.o
         0          0          0          0          0          0   entry10a.o
         0          0          0          0          0          0   entry11a.o
         8          4          0          0          0          0   entry2.o
         4          0          0          0          0          0   entry5.o
         0          0          0          0          0          0   entry7b.o
         0          0          0          0          0          0   entry8b.o
         8          4          0          0          0          0   entry9a.o
        12          6          0          4          0         68   errno.o
        30          0          0          0          0          0   handlers.o
        36          8          0          0          0         68   init.o
         0          0          0          0          0          0   iusefp.o
        30          0          0          0          0         68   llshl.o
        36          0          0          0          0         68   llsshr.o
        32          0          0          0          0         68   llushr.o
        36          0          0          0          0         68   memcpya.o
        36          0          0          0          0        108   memseta.o
        48          0          0          0          0         68   cdrcmple.o
       334          0          0          0          0        148   dadd.o
       222          0          0          0          0        100   ddiv.o
       186          0          0          0          0        176   depilogue.o
        50          0          0          0          0         76   dfixui.o
        34          0          0          0          0         76   dflti.o
        26          0          0          0          0         76   dfltui.o
       228          0          0          0          0         96   dmul.o
        46          0          0          0          0         80   dscalb.o
       162          0          0          0          0        100   dsqrt.o

    ----------------------------------------------------------------------
      5364        362        144          4          0       3032   Library Totals
        14          0          0          0          0          0   (incl. Padding)

    ----------------------------------------------------------------------

      Code (inc. data)   RO Data    RW Data    ZI Data      Debug   Library Name

      3746        340        144          0          0       1520   m_wm.l
       268         22          0          4          0        516   mc_w.l
      1336          0          0          0          0        996   mf_w.l

    ----------------------------------------------------------------------
      5364        362        144          4          0       3032   Library Totals

    ----------------------------------------------------------------------

==============================================================================


      Code (inc. data)   RO Data    RW Data    ZI Data      Debug   

     33384       3006        844        216      12064     531487   Grand Totals
     33384       3006        844        216      12064     531487   ELF Image Totals
     33384       3006        844        216          0          0   ROM Totals

==============================================================================

    Total RO  Size (Code + RO Data)                34228 (  33.43kB)
    Total RW  Size (RW Data + ZI Data)             12280 (  11.99kB)
    Total ROM Size (Code + RO Data + RW Data)      34444 (  33.64kB)

==============================================================================

